0	Lodz_Aseq1_20160126 [name=Decewicz Dziewit Primer A Lodz 20160126] [latitude=51_727940] [longitude=19.347618] [address=Group Wastewater Treatment Plant, Sanitariuszek 66, 91867 Lodz, Poland] [date=20160126] [country=Poland] [site=Lodz]
1	Lodz_Aseq2_20160126 [name=Decewicz Dziewit Primer A Lodz 20160126] [latitude=51.727940] [longitude=19.347618] [address=Group Wastewater Treatment Plant, Sanitariuszek 66, 91867 Lodz, Poland] [date=20160126] [country=Poland] [site=Lodz]
2	Oswiecim_Aseq1_20160126 [name=Decewicz Dziewit Primer A Oswiecim 20160126] [latitude=50.038062] [longitude=19.321854] [address=Municipal and Industrial Wastewater Treatment Plant, Nadwislanska 46, 32642 Oswiecim, Poland] [date=20160126] [country=Poland] [site=Oswiecim]
3	Oswiecim_Aseq2_20160126 [name=Decewicz Dziewit Primer A Oswiecim 20160126] [latitude=50.038062] [longitude=19.321854] [address=Municipal and Industrial Wastewater Treatment Plant, Nadwislanska 46, 32642 Oswiecim, Poland] [date=20160126] [country=Poland] [site=Oswiecim]
4	Warsaw_Aseq1_20160126 [name=Decewicz Dziewit Primer A Warsaw 20160126] [latitude=52.351351] [longitude=20.959269] [address=Municipal Wastewater Treatment Plant Czajka, Czajki 4/6, Warsaw, 03054 Warsaw, Poland] [date=20160126] [country=Poland] [site=Warsaw]
5	Warsaw_Aseq2_20160126 [name=Decewicz Dziewit Primer A Warsaw 20160126] [latitude=52.351351] [longitude=20.959269] [address=Municipal Wastewater Treatment Plant Czajka, Czajki 4/6, Warsaw, 03054 Warsaw, Poland] [date=20160126] [country=Poland] [site=Warsaw]
6	Warsaw_Aseq3_20160126 [name=Decewicz Dziewit Primer A Warsaw 20160126] [latitude=52.351351] [longitude=20.959269] [address=Municipal Wastewater Treatment Plant Czajka, Czajki 4/6, Warsaw, 03054 Warsaw, Poland] [date=20160126] [country=Poland] [site=Warsaw]
7	Warsaw_Aseq4_20160126 [name=Decewicz Dziewit Primer A Warsaw 20160126] [latitude=52.351351] [longitude=20.959269] [address=Municipal Wastewater Treatment Plant Czajka, Czajki 4/6, Warsaw, 03054 Warsaw, Poland] [date=20160126] [country=Poland] [site=Warsaw]
8	Wyszkow_Aseq1_20160126 [name=Decewicz Dziewit Primer A Wyszkow 20160126] [latitude=52.577948] [longitude=21.429024] [address=Municipal Wastewater Treatment Plant, Rybienko Stare, 07200 Wyszkow, Poland] [date=20160126] [country=Poland] [site=Wyszkow]
9	Wyszkow_Aseq2_20160126 [name=Decewicz Dziewit Primer A Wyszkow 20160126] [latitude=52.577948] [longitude=21.429024] [address=Municipal Wastewater Treatment Plant, Rybienko Stare, 07200 Wyszkow, Poland] [date=20160126] [country=Poland] [site=Wyszkow]
10	Wyszkow_Aseq3_20160126 [name=Decewicz Dziewit Primer A Wyszkow 20160126] [latitude=52.577948] [longitude=21.429024] [address=Municipal Wastewater Treatment Plant, Rybienko Stare, 07200 Wyszkow, Poland] [date=20160126] [country=Poland] [site=Wyszkow]
11	Lodz_Aseq1_20160303 [name=Decewicz Dziewit Primer A Lodz 20160303] [latitude=51.727940] [longitude=19.347618] [address=Group Wastewater Treatment Plant, Sanitariuszek 66, 91867 Lodz, Poland] [date=20160303] [country=Poland] [site=Lodz]
12	Lodz_Aseq2_20160303 [name=Decewicz Dziewit Primer A Lodz 20160303] [latitude=51.727940] [longitude=19.347618] [address=Group Wastewater Treatment Plant, Sanitariuszek 66, 91867 Lodz, Poland] [date=20160303] [country=Poland] [site=Lodz]
13	Lodz_Aseq3_20160303 [name=Decewicz Dziewit Primer A Lodz 20160303] [latitude=51.727940] [longitude=19.347618] [address=Group Wastewater Treatment Plant, Sanitariuszek 66, 91867 Lodz, Poland] [date=20160303] [country=Poland] [site=Lodz]
14	Lodz_Aseq4_20160303 [name=Decewicz Dziewit Primer A Lodz 20160303] [latitude=51.727940] [longitude=19.347618] [address=Group Wastewater Treatment Plant, Sanitariuszek 66, 91867 Lodz, Poland] [date=20160303] [country=Poland] [site=Lodz]
15	Lodz_Aseq5_20160303 [name=Decewicz Dziewit Primer A Lodz 20160303] [latitude=51.727940] [longitude=19.347618] [address=Group Wastewater Treatment Plant, Sanitariuszek 66, 91867 Lodz, Poland] [date=20160303] [country=Poland] [site=Lodz]
16	Oswiecim_Aseq1_20160303 [name=Decewicz Dziewit Primer A Oswiecim 20160303] [latitude=50.038062] [longitude=19.321854] [address=Municipal and Industrial Wastewater Treatment Plant, Nadwislanska 46, 32642 Oswiecim, Poland] [date=20160303] [country=Poland] [site=Oswiecim]
17	Oswiecim_Aseq2_20160303 [name=Decewicz Dziewit Primer A Oswiecim 20160303] [latitude=50.038062] [longitude=19.321854] [address=Municipal and Industrial Wastewater Treatment Plant, Nadwislanska 46, 32642 Oswiecim, Poland] [date=20160303] [country=Poland] [site=Oswiecim]
18	Oswiecim_Aseq3_20160303 [name=Decewicz Dziewit Primer A Oswiecim 20160303] [latitude=50.038062] [longitude=19.321854] [address=Municipal and Industrial Wastewater Treatment Plant, Nadwislanska 46, 32642 Oswiecim, Poland] [date=20160303] [country=Poland] [site=Oswiecim]
19	Oswiecim_Aseq4_20160303 [name=Decewicz Dziewit Primer A Oswiecim 20160303] [latitude=50.038062] [longitude=19.321854] [address=Municipal and Industrial Wastewater Treatment Plant, Nadwislanska 46, 32642 Oswiecim, Poland] [date=20160303] [country=Poland] [site=Oswiecim]
20	Oswiecim_Aseq5_20160303 [name=Decewicz Dziewit Primer A Oswiecim 20160303] [latitude=50.038062] [longitude=19.321854] [address=Municipal and Industrial Wastewater Treatment Plant, Nadwislanska 46, 32642 Oswiecim, Poland] [date=20160303] [country=Poland] [site=Oswiecim]
21	Warsaw_Aseq1_20160303 [name=Decewicz Dziewit Primer A Warsaw 20160126] [latitude=52.351351] [longitude=20.959269] [address=Municipal Wastewater Treatment Plant Czajka, Czajki 4/6, Warsaw, 03054 Warsaw, Poland] [date=20160126] [country=Poland] [site=Warsaw]
22	Warsaw_Aseq2_20160303 [name=Decewicz Dziewit Primer A Warsaw 20160126] [latitude=52.351351] [longitude=20.959269] [address=Municipal Wastewater Treatment Plant Czajka, Czajki 4/6, Warsaw, 03054 Warsaw, Poland] [date=20160126] [country=Poland] [site=Warsaw]
23	Warsaw_Aseq3_20160303 [name=Decewicz Dziewit Primer A Warsaw 20160126] [latitude=52.351351] [longitude=20.959269] [address=Municipal Wastewater Treatment Plant Czajka, Czajki 4/6, Warsaw, 03054 Warsaw, Poland] [date=20160126] [country=Poland] [site=Warsaw]
24	Warsaw_Aseq4_20160303 [name=Decewicz Dziewit Primer A Warsaw 20160126] [latitude=52.351351] [longitude=20.959269] [address=Municipal Wastewater Treatment Plant Czajka, Czajki 4/6, Warsaw, 03054 Warsaw, Poland] [date=20160126] [country=Poland] [site=Warsaw]
25	Warsaw_Aseq5_20160303 [name=Decewicz Dziewit Primer A Warsaw 20160126] [latitude=52.351351] [longitude=20.959269] [address=Municipal Wastewater Treatment Plant Czajka, Czajki 4/6, Warsaw, 03054 Warsaw, Poland] [date=20160126] [country=Poland] [site=Warsaw]
26	Wyszkow_Aseq1_20160303 [name=Decewicz Dziewit Primer A Wyszkow 20160303] [latitude=52.577948] [longitude=21.429024] [address=Municipal Wastewater Treatment Plant, Rybienko Stare, 07200 Wyszkow, Poland] [date=20160303] [country=Poland] [site=Wyszkow]
27	Wyszkow_Aseq2_20160303 [name=Decewicz Dziewit Primer A Wyszkow 20160303] [latitude=52.577948] [longitude=21.429024] [address=Municipal Wastewater Treatment Plant, Rybienko Stare, 07200 Wyszkow, Poland] [date=20160303] [country=Poland] [site=Wyszkow]
28	Wyszkow_Aseq3_20160303 [name=Decewicz Dziewit Primer A Wyszkow 20160303] [latitude=52.577948] [longitude=21.429024] [address=Municipal Wastewater Treatment Plant, Rybienko Stare, 07200 Wyszkow, Poland] [date=20160303] [country=Poland] [site=Wyszkow]
29	Wyszkow_Aseq4_20160303 [name=Decewicz Dziewit Primer A Wyszkow 20160303] [latitude=52.577948] [longitude=21.429024] [address=Municipal Wastewater Treatment Plant, Rybienko Stare, 07200 Wyszkow, Poland] [date=20160303] [country=Poland] [site=Wyszkow]
30	Wyszkow_Aseq5_20160303 [name=Decewicz Dziewit Primer A Wyszkow 20160303] [latitude=52.577948] [longitude=21.429024] [address=Municipal Wastewater Treatment Plant, Rybienko Stare, 07200 Wyszkow, Poland] [date=20160303] [country=Poland] [site=Wyszkow]
