0	Lodz_Bseq1_20160126 [name=Decewicz Dziewit Primer B Lodz 20160126] [latitude=51.727940] [longitude=19.347618] [address=Group Wastewater Treatment Plant, Sanitariuszek 66, 91-867 Lodz, Poland] [date=20160126] [country=Poland] [site=Lodz]
1	Oswiecim_Bseq1_20160126 [name=Decewicz Dziewit Primer B Oswiecim 20160126] [date=20160126] [latitude=50.038062] [longitude=19.321854] [address=Municipal and Industrial Wastewater Treatment Plant, Nadwislanska 46, 32-642 Oswiecim, Poland] [country=Poland] [site=Oswiecim]
2	Oswiecim_Bseq2_20160126 [name=Decewicz Dziewit Primer B Oswiecim 20160126] [date=20160126] [latitude=50.038062] [longitude=19.321854] [address=Municipal and Industrial Wastewater Treatment Plant, Nadwislanska 46, 32-642 Oswiecim, Poland] [country=Poland] [site=Oswiecim]
3	Oswiecim_Bseq3_20160126 [name=Decewicz Dziewit Primer B Oswiecim 20160126] [date=20160126] [latitude=50.038062] [longitude=19.321854] [address=Municipal and Industrial Wastewater Treatment Plant, Nadwislanska 46, 32-642 Oswiecim, Poland] [country=Poland] [site=Oswiecim]
4	Oswiecim_Bseq4_20160126 [name=Decewicz Dziewit Primer B Oswiecim 20160126] [latitude=50.038062] [longitude=19.321854] [address=Municipal and Industrial Wastewater Treatment Plant, Nadwislanska 46, 32-642 Oswiecim, Poland] [date=20160126] [country=Poland] [site=Oswiecim]
5	Warsaw_Bseq1_20160126 [name=Decewicz Dziewit Primer B Warsaw 20160126] [latitude=52.351351] [longitude=20.959269][address=Municipal Wastewater Treatment Plant Czajka, Czajki 4/6, Warsaw, 03-054 Warsaw, Poland] [date=20160126] [country=Poland] [site=Warsaw]
6	Wyszkow_Bseq1_20160126 [name=Decewicz Dziewit Primer B Wyszkow 20160126] [latitude=52.577948] [longitude=21.429024] [address=Municipal Wastewater Treatment Plant, Rybienko Stare, 07-200 Wyszkow, Poland] [date=20160126] [country=Poland] [site=Wyszkow]
7	Wyszkow_Bseq2_20160126 [name=Decewicz Dziewit Primer B Wyszkow 20160126] [latitude=52.577948] [longitude=21.429024] [address=Municipal Wastewater Treatment Plant, Rybienko Stare, 07-200 Wyszkow, Poland] [date=20160126] [country=Poland] [site=Wyszkow]
8	Wyszkow_Bseq3_20160126 [name=Decewicz Dziewit Primer B Wyszkow 20160126] [latitude=52.577948] [longitude=21.429024] [address=Municipal Wastewater Treatment Plant, Rybienko Stare, 07-200 Wyszkow, Poland] [date=20160126] [country=Poland] [site=Wyszkow]
9	Wyszkow_Bseq4_20160126 [name=Decewicz Dziewit Primer B Wyszkow 20160126] [latitude=52.577948] [longitude=21.429024] [address=Municipal Wastewater Treatment Plant, Rybienko Stare, 07-200 Wyszkow, Poland] [date=20160126] [country=Poland] [site=Wyszkow]
10	Wyszkow_Bseq5_20160126 [name=Decewicz Dziewit Primer B Wyszkow 20160126] [latitude=52.577948] [longitude=21.429024] [address=Municipal Wastewater Treatment Plant, Rybienko Stare, 07-200 Wyszkow, Poland] [date=20160126] [country=Poland] [site=Wyszkow]
11	Lodz_Bseq1_20160303 [name=Decewicz Dziewit Primer B Lodz 20160303] [latitude=51.727940] [longitude=19.347618] [address=Group Wastewater Treatment Plant, Sanitariuszek 66, 91-867 Lodz, Poland] [date=20160303] [country=Poland] [site=Lodz]
12	Lodz_Bseq2_20160303 [name=Decewicz Dziewit Primer B Lodz 20160303] [latitude=51.727940] [longitude=19.347618] [address=Group Wastewater Treatment Plant, Sanitariuszek 66, 91-867 Lodz, Poland] [date=20160303] [country=Poland] [site=Lodz]
13	Lodz_Bseq3_20160303 [name=Decewicz Dziewit Primer B Lodz 20160303] [latitude=51.727940] [longitude=19.347618] [address=Group Wastewater Treatment Plant, Sanitariuszek 66, 91-867 Lodz, Poland] [date=20160303] [country=Poland] [site=Lodz]
14	Lodz_Bseq4_20160303 [name=Decewicz Dziewit Primer B Lodz 20160303] [latitude=51.727940] [longitude=19.347618] [address=Group Wastewater Treatment Plant, Sanitariuszek 66, 91-867 Lodz, Poland] [date=20160303] [country=Poland] [site=Lodz]
15	Lodz_Bseq5_20160303 [name=Decewicz Dziewit Primer B Lodz 20160303] [latitude=51.727940] [longitude=19.347618] [address=Group Wastewater Treatment Plant, Sanitariuszek 66, 91-867 Lodz, Poland] [date=20160303] [country=Poland] [site=Lodz]
16	Oswiecim_Bseq1_20160303 [name=Decewicz Dziewit Primer B Oswiecim 20160303] [latitude=50.038062] [longitude=19.321854] [address=Municipal and Industrial Wastewater Treatment Plant, Nadwislanska 46, 32-642 Oswiecim, Poland] [date=20160303] [country=Poland] [site=Oswiecim]
17	Oswiecim_Bseq2_20160303 [name=Decewicz Dziewit Primer B 20160303] [latitude=50.038062] [longitude=19.321854] [address=Municipal and Industrial Wastewater Treatment Plant, Nadwislanska 46, 32-642 Oswiecim, Poland] [date=20160303] [country=Poland] [site=Oswiecim]
18	Oswiecim_Bseq3_20160303 [name=Decewicz Dziewit Primer B 20160303] [latitude=50.038062] [longitude=19.321854] [address=Municipal and Industrial Wastewater Treatment Plant, Nadwislanska 46, 32-642 Oswiecim, Poland] [date=20160303] [country=Poland] [site=Oswiecim]
19	Oswiecim_Bseq4_20160303 [name=Decewicz Dziewit Primer B 20160303] [latitude=50.038062] [longitude=19.321854] [address=Municipal and Industrial Wastewater Treatment Plant, Nadwislanska 46, 32-642 Oswiecim, Poland] [date=20160303] [country=Poland] [site=Oswiecim]
20	Oswiecim_Bseq5_20160303 [name=Decewicz Dziewit Primer B 20160303] [latitude=50.038062] [longitude=19.321854] [address=Municipal and Industrial Wastewater Treatment Plant, Nadwislanska 46, 32-642 Oswiecim, Poland] [date=20160303] [country=Poland] [site=Oswiecim]
21	Warsaw_Bseq1_20160303 [name=Decewicz Dziewit Primer B Warsaw 20160126] [latitude=52.351351] [longitude=20.959269] [address=Municipal Wastewater Treatment Plant Czajka, Czajki 4/6, Warsaw, 03-054 Warsaw, Poland] [date=20160126] [country=Poland] [site=Warsaw]
22	Warsaw_Bseq2_20160303 [name=Decewicz Dziewit Primer B Warsaw 20160126] [latitude=52.351351] [longitude=20.959269] [address=Municipal Wastewater Treatment Plant Czajka, Czajki 4/6, Warsaw, 03-054 Warsaw, Poland] [date=20160126] [country=Poland] [site=Warsaw]
23	Warsaw_Bseq3_20160303 [name=Decewicz Dziewit Primer B Warsaw 20160126] [latitude=52.351351] [longitude=20.959269] [address=Municipal Wastewater Treatment Plant Czajka, Czajki 4/6, Warsaw, 03-054 Warsaw, Poland] [date=20160126] [country=Poland] [site=Warsaw]
24	Wyszkow_Bseq1_20160303 [name=Decewicz Dziewit Primer B Wyszkow 20160303] [latitude=52.577948] [longitude=21.429024] [address=Municipal Wastewater Treatment Plant, Rybienko Stare, 07-200 Wyszkow, Poland] [date=20160303] [country=Poland] [site=Wyszkow]
25	Wyszkow_Bseq2_20160303 [name=Decewicz Dziewit Primer B Wyszkow 20160303] [latitude=52.577948] [longitude=21.429024] [address=Municipal Wastewater Treatment Plant, Rybienko Stare, 07-200 Wyszkow, Poland] [date=20160303] [country=Poland] [site=Wyszkow]
26	Wyszkow_Bseq3_20160303 [name=Decewicz Dziewit Primer B Wyszkow 20160303] [latitude=52.577948] [longitude=21.429024] [address=Municipal Wastewater Treatment Plant, Rybienko Stare, 07-200 Wyszkow, Poland] [date=20160303] [country=Poland] [site=Wyszkow]
27	Wyszkow_Bseq4_20160303 [name=Decewicz Dziewit Primer B Wyszkow 20160303] [latitude=52.577948] [longitude=21.429024] [address=Municipal Wastewater Treatment Plant, Rybienko Stare, 07-200 Wyszkow, Poland] [date=20160303] [country=Poland] [site=Wyszkow]
28	Wyszkow_Bseq5_20160303 [name=Decewicz Dziewit Primer B Wyszkow 20160303] [latitude=52.577948] [longitude=21.429024] [address=Municipal Wastewater Treatment Plant, Rybienko Stare, 07-200 Wyszkow, Poland] [date=20160303] [country=Poland] [site=Wyszkow]
