0	Lodz_Cseq1_20160126 [name=Decewicz Dziewit Primer C Lodz 20160126] [latitude=51.727940] [longitude=19.347618] [address=Group Wastewater Treatment Plant, Sanitariuszek 66, 91-867 Lodz, Poland] [date=20160126] [country=Poland] [site=Lodz] [yearmonth=201601]
1	Lodz_Cseq2_20160126 [name=Decewicz Dziewit Primer C Lodz 20160126] [latitude=51.727940] [longitude=19.347618] [address=Group Wastewater Treatment Plant, Sanitariuszek 66, 91-867 Lodz, Poland] [date=20160126] [country=Poland] [site=Lodz] [yearmonth=201601]
2	Oswiecim_Cseq1_20160126 [name=Decewicz Dziewit Primer C Oswiecim 20160126] [latitude=50.038062] [longitude=19.321854] [address=Municipal and Industrial Wastewater Treatment Plant, Nadwislanska 46, 32-642 Oswiecim, Poland] [date=20160126] [country=Poland] [site=Oswiecim] [yearmonth=201601]
3	Warsaw_Cseq1_20160126 [name=Decewicz Dziewit Primer C Warsaw 20160126] [latitude=52.351351] [longitude=20.959269] [address=Municipal Wastewater Treatment Plant Czajka, Czajki 4/6, Warsaw, 03-054 Warsaw, Poland] [date=20160126] [country=Poland] [site=Warsaw] [yearmonth=201601]
4	Wyszkow_Cseq1_20160126 [name=Decewicz Dziewit Primer C Wyszkow 20160126] [latitude=52.577948] [longitude=21.429024] [address=Municipal Wastewater Treatment Plant, Rybienko Stare, 07-200 Wyszkow, Poland] [date=20160126] [country=Poland] [site=Warsaw] [yearmonth=201601]
5	Wyszkow_Cseq2_20160126 [name=Decewicz Dziewit Primer C Wyszkow 20160126] [latitude=52.577948] [longitude=21.429024] [address=Municipal Wastewater Treatment Plant, Rybienko Stare, 07-200 Wyszkow, Poland] [date=20160126] [country=Poland] [site=Wyszkow] [yearmonth=201601]
6	Lodz_Cseq1_20160303 [name=Decewicz Dziewit Primer C Lodz 20160303] [latitude=51.727940] [longitude=19.347618] [address=Group Wastewater Treatment Plant, Sanitariuszek 66, 91-867 Lodz, Poland] [date=20160303] [country=Poland] [site=Lodz] [yearmonth=201603]
7	Lodz_Cseq2_20160303 [name=Decewicz Dziewit Primer C Lodz 20160303] [latitude=51.727940] [longitude=19.347618] [address=Group Wastewater Treatment Plant, Sanitariuszek 66, 91-867 Lodz, Poland] [date=20160303] [country=Poland] [site=Lodz] [yearmonth=201603]
8	Lodz_Cseq3_20160303 [name=Decewicz Dziewit Primer C Lodz 20160303] [latitude=51.727940] [longitude=19.347618] [address=Group Wastewater Treatment Plant, Sanitariuszek 66, 91-867 Lodz, Poland] [date=20160303] [country=Poland] [site=Lodz] [yearmonth=201603]
9	Lodz_Cseq4_20160303 [name=Decewicz Dziewit Primer C Lodz 20160303] [latitude=51.727940] [longitude=19.347618] [address=Group Wastewater Treatment Plant, Sanitariuszek 66, 91-867 Lodz, Poland] [date=20160303] [country=Poland] [site=Lodz] [yearmonth=201603]
10	Lodz_Cseq5_20160303 [name=Decewicz Dziewit Primer C Lodz 20160303] [latitude=51.727940] [longitude=19.347618] [address=Group Wastewater Treatment Plant, Sanitariuszek 66, 91-867 Lodz, Poland] [date=20160303] [country=Poland] [site=Lodz] [yearmonth=201603]
11	Oswiecim_Cseq1_20160303 [name=Decewicz Dziewit Primer C Oswiecim 20160303] [latitude=50.038062] [longitude=19.321854] [address=Municipal and Industrial Wastewater Treatment Plant, Nadwislanska 46, 32-642 Oswiecim, Poland] [date=20160303] [country=Poland] [site=Oswiecim] [yearmonth=201603]
12	Oswiecim_Cseq2_20160303 [name=Decewicz Dziewit Primer C Oswiecim 20160303] [latitude=50.038062] [longitude=19.321854] [address=Municipal and Industrial Wastewater Treatment Plant, Nadwislanska 46, 32-642 Oswiecim, Poland] [date=20160303] [country=Poland] [site=Oswiecim] [yearmonth=201603]
13	Oswiecim_Cseq3_20160303 [name=Decewicz Dziewit Primer C Oswiecim 20160303] [latitude=50.038062] [longitude=19.321854] [address=Municipal and Industrial Wastewater Treatment Plant, Nadwislanska 46, 32-642 Oswiecim, Poland] [date=20160303] [country=Poland] [site=Oswiecim] [yearmonth=201603]
14	Oswiecim_Cseq4_20160303 [name=Decewicz Dziewit Primer C Oswiecim 20160303] [latitude=50.038062] [longitude=19.321854] [address=Municipal and Industrial Wastewater Treatment Plant, Nadwislanska 46, 32-642 Oswiecim, Poland] [date=20160303] [country=Poland] [site=Oswiecim] [yearmonth=201603]
15	Oswiecim_Cseq5_20160303 [name=Decewicz Dziewit Primer C Oswiecim 20160303] [latitude=50.038062] [longitude=19.321854] [address=Municipal and Industrial Wastewater Treatment Plant, Nadwislanska 46, 32-642 Oswiecim, Poland] [date=20160303] [country=Poland] [site=Oswiecim] [yearmonth=201603]
16	Warsaw_Cseq1_20160303 [name=Decewicz Dziewit Primer C Warsaw 20160303] [latitude=52.351351] [longitude=20.959269] [address=Municipal Wastewater Treatment Plant Czajka, Czajki 4/6, Warsaw, 03-054 Warsaw, Poland] [date=20160303] [country=Poland] [site=Warsaw] [yearmonth=201603]
17	Warsaw_Cseq2_20160303 [name=Decewicz Dziewit Primer C Warsaw 20160303] [latitude=52.351351] [longitude=20.959269] [address=Municipal Wastewater Treatment Plant Czajka, Czajki 4/6, Warsaw, 03-054 Warsaw, Poland] [date=20160303] [country=Poland] [site=Warsaw] [yearmonth=201603]
18	Warsaw_Cseq3_20160303 [name=Decewicz Dziewit Primer C Warsaw 20160303] [latitude=52.351351] [longitude=20.959269] [address=Municipal Wastewater Treatment Plant Czajka, Czajki 4/6, Warsaw, 03-054 Warsaw, Poland] [date=20160303] [country=Poland] [site=Warsaw] [yearmonth=201603]
19	Warsaw_Cseq4_20160303 [name=Decewicz Dziewit Primer C Warsaw 20160303] [latitude=52.351351] [longitude=20.959269] [address=Municipal Wastewater Treatment Plant Czajka, Czajki 4/6, Warsaw, 03-054 Warsaw, Poland] [date=20160303] [country=Poland] [site=Warsaw] [yearmonth=201603]
20	Warsaw_Cseq5_20160303 [name=Decewicz Dziewit Primer C Warsaw 20160303] [latitude=52.351351] [longitude=20.959269] [address=Municipal Wastewater Treatment Plant Czajka, Czajki 4/6, Warsaw, 03-054 Warsaw, Poland] [date=20160303] [country=Poland] [site=Warsaw] [yearmonth=201603]
21	Wyszkow_Cseq1_20160303 [name=Decewicz Dziewit Primer C Wyszkow 20160303] [latitude=52.577948] [longitude=21.429024] [address=Municipal Wastewater Treatment Plant, Rybienko Stare, 07-200 Wyszkow, Poland] [date=20160303] [country=Poland] [site=Wyszkow] [yearmonth=201603]
22	Wyszkow_Cseq2_20160303 [name=Decewicz Dziewit Primer C Wyszkow 20160303] [latitude=52.577948] [longitude=21.429024] [address=Municipal Wastewater Treatment Plant, Rybienko Stare, 07-200 Wyszkow, Poland] [date=20160303] [country=Poland] [site=Wyszkow] [yearmonth=201603]
23	Wyszkow_Cseq3_20160303 [name=Decewicz Dziewit Primer C Wyszkow 20160303] [latitude=52.577948] [longitude=21.429024] [address=Municipal Wastewater Treatment Plant, Rybienko Stare, 07-200 Wyszkow, Poland] [date=20160303] [country=Poland] [site=Wyszkow] [yearmonth=201603]
24	Wyszkow_Cseq4_20160303 [name=Decewicz Dziewit Primer C Wyszkow 20160303] [latitude=52.577948] [longitude=21.429024] [address=Municipal Wastewater Treatment Plant, Rybienko Stare, 07-200 Wyszkow, Poland] [date=20160303] [country=Poland] [site=Wyszkow] [yearmonth=201603]
25	Wyszkow_Cseq5_20160303 [name=Decewicz Dziewit Primer C Wyszkow 20160303] [latitude=52.577948] [longitude=21.429024] [address=Municipal Wastewater Treatment Plant, Rybienko Stare, 07-200 Wyszkow, Poland] [date=20160303] [country=Poland] [site=Wyszkow] [yearmonth=201603]
26	Lodz_Cseq1_20160126 [name=Decewicz Dziewit Primer C Lodz 20160126] [latitude=51.727940] [longitude=19.347618] [address=Group Wastewater Treatment Plant, Sanitariuszek 66, 91-867 Lodz, Poland] [date=20160126] [country=Poland] [site=Lodz] [yearmonth=201601]
27	Lodz_Cseq2_20160126 [name=Decewicz Dziewit Primer C Lodz 20160126] [latitude=51.727940] [longitude=19.347618] [address=Group Wastewater Treatment Plant, Sanitariuszek 66, 91-867 Lodz, Poland] [date=20160126] [country=Poland] [site=Lodz] [yearmonth=201601]
28	Warsaw_Cseq1_20160126 [name=Decewicz Dziewit Primer C Warsaw 20160126] [latitude=52.351351] [longitude=20.959269] [address=Municipal Wastewater Treatment Plant Czajka, Czajki 4/6, Warsaw, 03-054 Warsaw, Poland] [date=20160126] [country=Poland] [site=Warsaw] [yearmonth=201601]
29	Wyszkow_Cseq1_20160126 [name=Decewicz Dziewit Primer C Wyszkow 20160126] [latitude=52.577948] [longitude=21.429024] [address=Municipal Wastewater Treatment Plant, Rybienko Stare, 07-200 Wyszkow, Poland] [date=20160126] [country=Poland] [site=Warsaw] [yearmonth=201601]
30	Wyszkow_Cseq2_20160126 [name=Decewicz Dziewit Primer C Wyszkow 20160126] [latitude=52.577948] [longitude=21.429024] [address=Municipal Wastewater Treatment Plant, Rybienko Stare, 07-200 Wyszkow, Poland] [date=20160126] [country=Poland] [site=Wyszkow] [yearmonth=201601]
31	Lodz_Cseq1_20160303 [name=Decewicz Dziewit Primer C Lodz 20160303] [latitude=51.727940] [longitude=19.347618] [address=Group Wastewater Treatment Plant, Sanitariuszek 66, 91-867 Lodz, Poland] [date=20160303] [country=Poland] [site=Lodz] [yearmonth=201603]
32	Lodz_Cseq2_20160303 [name=Decewicz Dziewit Primer C Lodz 20160303] [latitude=51.727940] [longitude=19.347618] [address=Group Wastewater Treatment Plant, Sanitariuszek 66, 91-867 Lodz, Poland] [date=20160303] [country=Poland] [site=Lodz] [yearmonth=201603]
33	Lodz_Cseq3_20160303 [name=Decewicz Dziewit Primer C Lodz 20160303] [latitude=51.727940] [longitude=19.347618] [address=Group Wastewater Treatment Plant, Sanitariuszek 66, 91-867 Lodz, Poland] [date=20160303] [country=Poland] [site=Lodz] [yearmonth=201603]
34	Lodz_Cseq4_20160303 [name=Decewicz Dziewit Primer C Lodz 20160303] [latitude=51.727940] [longitude=19.347618] [address=Group Wastewater Treatment Plant, Sanitariuszek 66, 91-867 Lodz, Poland] [date=20160303] [country=Poland] [site=Lodz] [yearmonth=201603]
35	Lodz_Cseq5_20160303 [name=Decewicz Dziewit Primer C Lodz 20160303] [latitude=51.727940] [longitude=19.347618] [address=Group Wastewater Treatment Plant, Sanitariuszek 66, 91-867 Lodz, Poland] [date=20160303] [country=Poland] [site=Lodz] [yearmonth=201603]
36	Oswiecim_Cseq1_20160303 [name=Decewicz Dziewit Primer C Oswiecim 20160303] [latitude=50.038062] [longitude=19.321854] [address=Municipal and Industrial Wastewater Treatment Plant, Nadwislanska 46, 32-642 Oswiecim, Poland] [date=20160303] [country=Poland] [site=Oswiecim] [yearmonth=201603]
37	Oswiecim_Cseq2_20160303 [name=Decewicz Dziewit Primer C Oswiecim 20160303] [latitude=50.038062] [longitude=19.321854] [address=Municipal and Industrial Wastewater Treatment Plant, Nadwislanska 46, 32-642 Oswiecim, Poland] [date=20160303] [country=Poland] [site=Oswiecim] [yearmonth=201603]
38	Oswiecim_Cseq3_20160303 [name=Decewicz Dziewit Primer C Oswiecim 20160303] [latitude=50.038062] [longitude=19.321854] [address=Municipal and Industrial Wastewater Treatment Plant, Nadwislanska 46, 32-642 Oswiecim, Poland] [date=20160303] [country=Poland] [site=Oswiecim] [yearmonth=201603]
39	Oswiecim_Cseq4_20160303 [name=Decewicz Dziewit Primer C Oswiecim 20160303] [latitude=50.038062] [longitude=19.321854] [address=Municipal and Industrial Wastewater Treatment Plant, Nadwislanska 46, 32-642 Oswiecim, Poland] [date=20160303] [country=Poland] [site=Oswiecim] [yearmonth=201603]
40	Oswiecim_Cseq5_20160303 [name=Decewicz Dziewit Primer C Oswiecim 20160303] [latitude=50.038062] [longitude=19.321854] [address=Municipal and Industrial Wastewater Treatment Plant, Nadwislanska 46, 32-642 Oswiecim, Poland] [date=20160303] [country=Poland] [site=Oswiecim] [yearmonth=201603]
41	Warsaw_Cseq1_20160303 [name=Decewicz Dziewit Primer C Warsaw 20160303] [latitude=52.351351] [longitude=20.959269] [address=Municipal Wastewater Treatment Plant Czajka, Czajki 4/6, Warsaw, 03-054 Warsaw, Poland] [date=20160303] [country=Poland] [site=Warsaw] [yearmonth=201603]
42	Warsaw_Cseq2_20160303 [name=Decewicz Dziewit Primer C Warsaw 20160303] [latitude=52.351351] [longitude=20.959269] [address=Municipal Wastewater Treatment Plant Czajka, Czajki 4/6, Warsaw, 03-054 Warsaw, Poland] [date=20160303] [country=Poland] [site=Warsaw] [yearmonth=201603]
43	Warsaw_Cseq3_20160303 [name=Decewicz Dziewit Primer C Warsaw 20160303] [latitude=52.351351] [longitude=20.959269] [address=Municipal Wastewater Treatment Plant Czajka, Czajki 4/6, Warsaw, 03-054 Warsaw, Poland] [date=20160303] [country=Poland] [site=Warsaw] [yearmonth=201603]
44	Warsaw_Cseq4_20160303 [name=Decewicz Dziewit Primer C Warsaw 20160303] [latitude=52.351351] [longitude=20.959269] [address=Municipal Wastewater Treatment Plant Czajka, Czajki 4/6, Warsaw, 03-054 Warsaw, Poland] [date=20160303] [country=Poland] [site=Warsaw] [yearmonth=201603]
45	Warsaw_Cseq5_20160303 [name=Decewicz Dziewit Primer C Warsaw 20160303] [latitude=52.351351] [longitude=20.959269] [address=Municipal Wastewater Treatment Plant Czajka, Czajki 4/6, Warsaw, 03-054 Warsaw, Poland] [date=20160303] [country=Poland] [site=Warsaw] [yearmonth=201603]
46	Wyszkow_Cseq1_20160303 [name=Decewicz Dziewit Primer C Wyszkow 20160303] [latitude=52.577948] [longitude=21.429024] [address=Municipal Wastewater Treatment Plant, Rybienko Stare, 07-200 Wyszkow, Poland] [date=20160303] [country=Poland] [site=Wyszkow] [yearmonth=201603]
47	Wyszkow_Cseq2_20160303 [name=Decewicz Dziewit Primer C Wyszkow 20160303] [latitude=52.577948] [longitude=21.429024] [address=Municipal Wastewater Treatment Plant, Rybienko Stare, 07-200 Wyszkow, Poland] [date=20160303] [country=Poland] [site=Wyszkow] [yearmonth=201603]
48	Wyszkow_Cseq3_20160303 [name=Decewicz Dziewit Primer C Wyszkow 20160303] [latitude=52.577948] [longitude=21.429024] [address=Municipal Wastewater Treatment Plant, Rybienko Stare, 07-200 Wyszkow, Poland] [date=20160303] [country=Poland] [site=Wyszkow] [yearmonth=201603]
49	Wyszkow_Cseq4_20160303 [name=Decewicz Dziewit Primer C Wyszkow 20160303] [latitude=52.577948] [longitude=21.429024] [address=Municipal Wastewater Treatment Plant, Rybienko Stare, 07-200 Wyszkow, Poland] [date=20160303] [country=Poland] [site=Wyszkow] [yearmonth=201603]
50	Wyszkow_Cseq5_20160303 [name=Decewicz Dziewit Primer C Wyszkow 20160303] [latitude=52.577948] [longitude=21.429024] [address=Municipal Wastewater Treatment Plant, Rybienko Stare, 07-200 Wyszkow, Poland] [date=20160303] [country=Poland] [site=Wyszkow] [yearmonth=201603]
