0	Brouns_C.20151106 [name=Brouns lab primer C 20151106] [date=20151106] [latitude=52.180646] [longitude=5.9478529] [altitude=36m] [country=The Netherlands] [address=Albert Schweitzerlaan 31, 7334 DZ Apeldoorn, Netherlands]
1	Mazankova_primerC_23.20151201 [name=Mazankova primerC sample 23 20151201] [date=20151201] [latitude=50.0751514] [longitude=14.3406075] [sample_number=326] [location=Brno - Modřice] [type=pre-sewage treatment plant] [country=Czech Republic]
2	Mazankova_primerC_18.20151201 [name=Mazankova primerC sample 18 20151201] [date=20151201] [latitude=49.8346453] [longitude=18.2820442] [sample_number=352] [location=Ústí n. Labem] [type=pre-sewage treatment plant] [country=Czech Republic]
3	Mazankova_primerC_7.20151201 [name=Mazankova primerC sample 7 20151201] [date=20151201] [latitude=50.1226675] [longitude=16.2131856] [sample_number=318] [location=Plzeň] [type=pre-sewage treatment plant] [country=Czech Republic]
4	Mazankova_primerC_9.20151201 [name=Mazankova primerC sample 9 20151201] [date=20151201] [latitude=50.0835494] [longitude=14.4341414] [sample_number=298] [location=Ústí n. Labem] [type=pre-sewage treatment plant] [country=Czech Republic]
5	Mazankova_primerC_17.20151201 [name=Mazankova primerC sample 17 20151201] [date=20151201] [latitude=50.6604875] [longitude=14.0406928] [sample_number=368] [location=Jezová] [type=post-STP, refugee camp] [country=Czech Republic]
6	Mazankova_primerC_22.20151201 [name=Mazankova primerC sample 22 20151201] [date=20151201] [latitude=49.1278897] [longitude=16.6144122] [sample_number=265] [location=Praha] [type=pre-sewage treatment plant] [country=Czech Republic]
7	Mazankova_primerC_4.20151201 [name=Mazankova primerC sample 4 20151201] [date=20151201] [latitude=48.9744694] [longitude=14.4743417] [sample_number=466] [location=Ústí nad Labem] [type=pre-sewage treatment plant] [country=Czech Republic]
8	Mazankova_primerC_5.20151201 [name=Mazankova primerC sample 5 20151201] [date=20151201] [latitude=49.8346453] [longitude=18.2820442] [sample_number=479] [location=České Budějovice] [type=pre-sewage treatment plant] [country=Czech Republic]
9	Mazankova_primerC_20.20151201 [name=Mazankova primerC sample 20 20151201] [date=20151201] [latitude=50.1226675] [longitude=16.2131856] [sample_number=375] [location=Zastávka u Brna] [type=post-STP, refugee camp] [country=Czech Republic]
10	Mazankova_primerC_19.20151201 [name=Mazankova primerC sample 19 20151201] [date=20151201] [latitude=49.1874756] [longitude=16.3586742] [sample_number=343] [location=Ostrava] [type=pre-sewage treatment plant] [country=Czech Republic]
11	Mazankova_primerC_2.20151201 [name=Mazankova primerC sample 2 20151201] [date=20151201] [latitude=49.1879958] [longitude=16.3630967] [sample_number=427] [location=Plzeň] [type=pre-sewage treatment plant] [country=Czech Republic]
12	Mazankova_primerC_1.20151201 [name=Mazankova primerC sample 1 20151201] [date=20151201] [latitude=49.7477831] [longitude=13.3783489] [sample_number=456] [location=České Budějovice] [type=pre-sewage treatment plant] [country=Czech Republic]
13	Mazankova_primerC_6.20151201 [name=Mazankova primerC sample 6 20151201] [date=20151201] [latitude=49.7477831] [longitude=13.3783489] [sample_number=414] [location=Ostrava] [type=pre-sewage treatment plant] [country=Czech Republic]
14	Cho_C.20160208 [name=Gyu-Sung Cho Primer C 20160208] [latitude=49.0151676] [longitude=8.4008814] [address=Max Rubner-Institut, Karlsruhe, Haid-und-Neu-StraBe 9, 76131] [date=20160208] [country=Germany]
15	Cinek_232C_20050402 [name=Cinek lab sample 232 C 20050402] [date=20050402] [sex=m] [country=Jordan] [note=Assembly of 4 reads: 232_C_intF.ab1 (reversed), 232_C_r.ab1, 232_C_f.ab1 (reversed), 232_C_intR.ab1]
16	Cinek_285C_unknown [name=Cinek lab sample 285 C unknown] [date=unknown] [sex=f] [country=Sudan] [note=Assembly of 4 reads: 285_C_intF.ab1 (reversed), 285_C_r.ab1, 285_C_f.ab1 (reversed), 285_C_intR.ab1]
17	Cinek_240C_20020904 [name=Cinek lab sample 240 C 20020904] [date=20020904] [sex=f] [country=Jordan] [note=Assembly of 4 reads: 240_C_intF.ab1 (reversed), 240_C_r.ab1, 240_C_f.ab1 (reversed), 240_C_intR.ab1]
18	Cinek_328C_20120810 [name=Cinek lab sample 328 C 20120810] [date=20120810] [sex=m] [country=Azerbaijan] [note=Assembly of 4 reads: 328_C_intF.ab1 (reversed), 328_C_r.ab1, 328_C_f.ab1 (reversed), 328_C_intR.ab1]
19	Cinek_325C_20031114 [name=Cinek lab sample 325 C 20031114] [date=20031114] [sex=f] [country=Azerbaijan] [note=Assembly of 4 reads: 325_C_intF.ab1 (reversed), 325_C_r.ab1, 325_C_f.ab1 (reversed), 325_C_intR.ab1]
20	Cinek_365C_19990507 [name=Cinek lab sample 365 C 19990507] [date=19990507] [sex=m] [country=Azerbaijan] [note=Assembly of 4 reads: 365_C_intF.ab1 (reversed), 365_C_r.ab1, 365_C_f.ab1 (reversed), 365_C_intR.ab1]
21	Cinek_259C_unknown [name=Cinek lab sample 259 C unknown] [date=unknown] [sex=f] [country=Sudan] [note=Assembly of 4 reads: 259_C_intF.ab1 (reversed), 259_C_r.ab1, 259_C_f.ab1 (reversed), 259_C_intR.ab1]
22	Cinek_348C_20030201 [name=Cinek lab sample 348 C 20030201] [date=20030201] [sex=m] [country=Azerbaijan] [note=Assembly of 2 reads: 348_C_f.ab1, 348_C_intF.ab1]
23	Cinek_344C_20070126 [name=Cinek lab sample 344 C 20070126] [date=20070126] [sex=m] [country=Azerbaijan] [note=Assembly of 4 reads: 344_C_intF.ab1 (reversed), 344_C_r.ab1, 344_C_f.ab1 (reversed), 344_C_intR.ab1]
24	Cinek_198C_20010901 [name=Cinek lab sample 198 C 20010901] [date=20010901] [country=Nigeria] [note=Assembly of 4 reads: 198_C_intF.ab1 (reversed), 198_C_r.ab1, 198_C_f.ab1 (reversed), 198_C_intR.ab1]
25	Cinek_364C_20020517 [name=Cinek lab sample 364 C 20020517] [date=20020517] [sex=m] [country=Azerbaijan] [note=Assembly of 4 reads: 364_C_intF.ab1 (reversed), 364_C_r.ab1, 364_C_f.ab1 (reversed), 364_C_intR.ab1]
26	Cinek_291C_unknown [name=Cinek lab sample 291 C unknown] [date=unknown] [country=Sudan] [note=Assembly of 3 reads: 291_C_f.ab1, 291_C_r.ab1 (reversed), 291_C_intF.ab1]
27	Cinek_351C_20060505 [name=Cinek lab sample 351 C 20060505] [date=20060505] [sex=m] [country=Azerbaijan] [note=Assembly of 4 reads: 351_C_intF.ab1 (reversed), 351_C_r.ab1, 351_C_f.ab1 (reversed), 351_C_intR.ab1]
28	Cinek_326C_20031229 [name=Cinek lab sample 326 C 20031229] [date=20031229] [sex=f] [country=Azerbaijan] [note=Assembly of 4 reads: 326_C_intF.ab1 (reversed), 326_C_r.ab1, 326_C_f.ab1 (reversed), 326_C_intR.ab1]
29	Cinek_215C_20070813 [name=Cinek lab sample 215 C 20070813] [date=20070813] [sex=f] [country=Jordan] [note=Assembly of 4 reads: 215_C_intF.ab1 (reversed), 215_C_r.ab1, 215_C_f.ab1 (reversed), 215_C_intR.ab1]
30	Cinek_356C_20050203 [name=Cinek lab sample 356 C 20050203] [date=20050203] [sex=f] [country=Azerbaijan] [note=Assembly of 4 reads: 356_C_intR.ab1 (reversed), 356_C_f.ab1, 356_C_r.ab1 (reversed), 356_C_intF.ab1]
31	Cinek_343C_20071016 [name=Cinek lab sample 343 C 20071016] [date=20071016] [sex=f] [country=Azerbaijan] [note=Assembly of 4 reads: 343_C_intF.ab1 (reversed), 343_C_r.ab1, 343_C_f.ab1 (reversed), 343_C_intR.ab1]
32	Cinek_298C_unknown [name=Cinek lab sample 298 C unknown] [date=unknown] [sex=m] [country=Sudan] [note=Assembly of 3 reads: 298_C_intF.ab1 (reversed), 298_C_r.ab1, 298_C_intR.ab1]
33	Cinek_323C_20030925 [name=Cinek lab sample 323 C 20030925] [date=20030925] [sex=f] [country=Azerbaijan] [note=Assembly of 4 reads: 323_C_intR.ab1 (reversed), 323_C_f.ab1, 323_C_r.ab1 (reversed), 323_C_intF.ab1]
34	Cinek_bin08_primerC.20151120 [name=Cinek lab sample bin08 primer C 20151120] [date=20151120] [latitude=61.505] [longitude=23.815] [note=coordinates are hospital location] [country=Finland]
35	Cinek_bin11_primerC.20151120 [name=Cinek lab sample bin11 primer C 20151120] [date=20151120] [latitude=61.505] [longitude=23.815] [note=coordinates are hospital location] [country=Finland]
36	Cinek_bin12_primerC.20151120 [name=Cinek lab sample bin12 primer C 20151120] [date=20151120] [latitude=61.505] [longitude=23.815] [note=coordinates are hospital location] [country=Finland]
37	Cinek_bin13_primerC.20151120 [name=Cinek lab sample bin13 primer C 20151120] [date=20151120] [latitude=61.505] [longitude=23.815] [note=coordinates are hospital location] [country=Finland]
38	Cinek_bin14_primerC.20151120 [name=Cinek lab sample bin14 primer C 20151120] [date=20151120] [latitude=61.505] [longitude=23.815] [note=coordinates are hospital location] [country=Finland]
39	Cinek_bin15_primerC.20151120 [name=Cinek lab sample bin15 primer C 20151120] [date=20151120] [latitude=61.505] [longitude=23.815] [note=coordinates are hospital location] [country=Finland]
40	Cinek_bin16_primerC.20151120 [name=Cinek lab sample bin16 primer C 20151120] [date=20151120] [latitude=61.505] [longitude=23.815] [note=coordinates are hospital location] [country=Finland]
41	Cinek_bin55_primerC.20151120 [name=Cinek lab sample bin55 primer C 20151120] [date=20151120] [latitude=61.505] [longitude=23.815] [note=coordinates are hospital location] [country=Finland]
42	Cinek_bin56_primerC.20151120 [name=Cinek lab sample bin56 primer C 20151120] [date=20151120] [latitude=61.505] [longitude=23.815] [note=coordinates are hospital location] [country=Finland]
43	Cinek_bin79_primerC.20151120 [name=Cinek lab sample bin79 primer C 20151120] [date=20151120] [latitude=61.505] [longitude=23.815] [note=coordinates are hospital location] [country=Finland]
44	CazaresVinuesa_PARAISO_C [name=Vinuesa lab primer C 20160516] [date=20160516] [latitude=18.8310669] [longitude=-99.2214482] [note=Collected in Morelos, Canal Paraiso] [country=Mexico]
45	CazaresVinuesa_TEMIXCO_C [name=Vinuesa lab primer C 20160516] [date=20160516] [latitude=18.8538889] [longitude=-99.2242998] [note=Collected in Morelos, Apatlaco River, Temixco] [country=Mexico]
46	Decewicz_Dziewit_Lodz_Cseq1.20160126 [name=Decewicz Dziewit Primer C Lodz 20160126] [latitude=51.727940] [longitude=19.347618] [address=Group Wastewater Treatment Plant, Sanitariuszek 66, 91-867 Lodz, Poland] [date=20160126] [country=Poland]
47	Decewicz_Dziewit_Lodz_Cseq2.20160126 [name=Decewicz Dziewit Primer C Lodz 20160126] [latitude=51.727940] [longitude=19.347618] [address=Group Wastewater Treatment Plant, Sanitariuszek 66, 91-867 Lodz, Poland] [date=20160126] [country=Poland]
48	Decewicz_Dziewit_Oswiecim_Cseq1.20160126 [name=Decewicz Dziewit Primer C Oswiecim 20160126] [latitude=50.038062] [longitude=19.321854] [address=Municipal and Industrial Wastewater Treatment Plant, Nadwislanska 46, 32-642 Oswiecim, Poland] [date=20160126] [country=Poland]
49	Decewicz_Dziewit_Warsaw_Cseq1.20160126 [name=Decewicz Dziewit Primer C Warsaw 20160126] [latitude=52.351351] [longitude=20.959269] [address=Municipal Wastewater Treatment Plant Czajka, Czajki 4/6, Warsaw, 03-054 Warsaw, Poland] [date=20160126] [country=Poland]
50	Decewicz_Dziewit_Wyszkow_Cseq1.20160126 [name=Decewicz Dziewit Primer C Wyszkow 20160126] [latitude=52.577948] [longitude=21.429024] [address=Municipal Wastewater Treatment Plant, Rybienko Stare, 07-200 Wyszkow, Poland] [date=20160126] [country=Poland]
51	Decewicz_Dziewit_Wyszkow_Cseq2.20160126 [name=Decewicz Dziewit Primer C Wyszkow 20160126] [latitude=52.577948] [longitude=21.429024] [address=Municipal Wastewater Treatment Plant, Rybienko Stare, 07-200 Wyszkow, Poland] [date=20160126] [country=Poland]
52	Decewicz_Dziewit_Lodz_Cseq1.20160303 [name=Decewicz Dziewit Primer C Lodz 20160303] [latitude=51.727940] [longitude=19.347618] [address=Group Wastewater Treatment Plant, Sanitariuszek 66, 91-867 Lodz, Poland] [date=20160303] [country=Poland]
53	Decewicz_Dziewit_Lodz_Cseq2.20160303 [name=Decewicz Dziewit Primer C Lodz 20160303] [latitude=51.727940] [longitude=19.347618] [address=Group Wastewater Treatment Plant, Sanitariuszek 66, 91-867 Lodz, Poland] [date=20160303] [country=Poland]
54	Decewicz_Dziewit_Lodz_Cseq3.20160303 [name=Decewicz Dziewit Primer C Lodz 20160303] [latitude=51.727940] [longitude=19.347618] [address=Group Wastewater Treatment Plant, Sanitariuszek 66, 91-867 Lodz, Poland] [date=20160303] [country=Poland]
55	Decewicz_Dziewit_Lodz_Cseq4.20160303 [name=Decewicz Dziewit Primer C Lodz 20160303] [latitude=51.727940] [longitude=19.347618] [address=Group Wastewater Treatment Plant, Sanitariuszek 66, 91-867 Lodz, Poland] [date=20160303] [country=Poland]
56	Decewicz_Dziewit_Lodz_Cseq5.20160303 [name=Decewicz Dziewit Primer C Lodz 20160303] [latitude=51.727940] [longitude=19.347618] [address=Group Wastewater Treatment Plant, Sanitariuszek 66, 91-867 Lodz, Poland] [date=20160303] [country=Poland]
57	Decewicz_Dziewit_Oswiecim_Cseq1.20160303 [name=Decewicz Dziewit Primer C Oswiecim 20160303] [latitude=50.038062] [longitude=19.321854] [address=Municipal and Industrial Wastewater Treatment Plant, Nadwislanska 46, 32-642 Oswiecim, Poland] [date=20160303] [country=Poland]
58	Decewicz_Dziewit_Oswiecim_Cseq2.20160303 [name=Decewicz Dziewit Primer C Oswiecim 20160303] [latitude=50.038062] [longitude=19.321854] [address=Municipal and Industrial Wastewater Treatment Plant, Nadwislanska 46, 32-642 Oswiecim, Poland] [date=20160303] [country=Poland]
59	Decewicz_Dziewit_Oswiecim_Cseq3.20160303 [name=Decewicz Dziewit Primer C Oswiecim 20160303] [latitude=50.038062] [longitude=19.321854] [address=Municipal and Industrial Wastewater Treatment Plant, Nadwislanska 46, 32-642 Oswiecim, Poland] [date=20160303] [country=Poland]
60	Decewicz_Dziewit_Oswiecim_Cseq4.20160303 [name=Decewicz Dziewit Primer C Oswiecim 20160303] [latitude=50.038062] [longitude=19.321854] [address=Municipal and Industrial Wastewater Treatment Plant, Nadwislanska 46, 32-642 Oswiecim, Poland] [date=20160303] [country=Poland]
61	Decewicz_Dziewit_Oswiecim_Cseq5.20160303 [name=Decewicz Dziewit Primer C Oswiecim 20160303] [latitude=50.038062] [longitude=19.321854] [address=Municipal and Industrial Wastewater Treatment Plant, Nadwislanska 46, 32-642 Oswiecim, Poland] [date=20160303] [country=Poland]
62	Decewicz_Dziewit_Warsaw_Cseq1.20160303 [name=Decewicz Dziewit Primer C Warsaw 20160303] [latitude=52.351351] [longitude=20.959269] [address=Municipal Wastewater Treatment Plant Czajka, Czajki 4/6, Warsaw, 03-054 Warsaw, Poland] [date=20160303] [country=Poland]
63	Decewicz_Dziewit_Warsaw_Cseq2.20160303 [name=Decewicz Dziewit Primer C Warsaw 20160303] [latitude=52.351351] [longitude=20.959269] [address=Municipal Wastewater Treatment Plant Czajka, Czajki 4/6, Warsaw, 03-054 Warsaw, Poland] [date=20160303] [country=Poland]
64	Decewicz_Dziewit_Warsaw_Cseq3.20160303 [name=Decewicz Dziewit Primer C Warsaw 20160303] [latitude=52.351351] [longitude=20.959269] [address=Municipal Wastewater Treatment Plant Czajka, Czajki 4/6, Warsaw, 03-054 Warsaw, Poland] [date=20160303] [country=Poland]
65	Decewicz_Dziewit_Warsaw_Cseq4.20160303 [name=Decewicz Dziewit Primer C Warsaw 20160303] [latitude=52.351351] [longitude=20.959269] [address=Municipal Wastewater Treatment Plant Czajka, Czajki 4/6, Warsaw, 03-054 Warsaw, Poland] [date=20160303] [country=Poland]
66	Decewicz_Dziewit_Warsaw_Cseq5.20160303 [name=Decewicz Dziewit Primer C Warsaw 20160303] [latitude=52.351351] [longitude=20.959269] [address=Municipal Wastewater Treatment Plant Czajka, Czajki 4/6, Warsaw, 03-054 Warsaw, Poland] [date=20160303] [country=Poland]
67	Decewicz_Dziewit_Wyszkow_Cseq1.20160303 [name=Decewicz Dziewit Primer C Wyszkow 20160303] [latitude=52.577948] [longitude=21.429024] [address=Municipal Wastewater Treatment Plant, Rybienko Stare, 07-200 Wyszkow, Poland] [date=20160303] [country=Poland]
68	Decewicz_Dziewit_Wyszkow_Cseq2.20160303 [name=Decewicz Dziewit Primer C Wyszkow 20160303] [latitude=52.577948] [longitude=21.429024] [address=Municipal Wastewater Treatment Plant, Rybienko Stare, 07-200 Wyszkow, Poland] [date=20160303] [country=Poland]
69	Decewicz_Dziewit_Wyszkow_Cseq3.20160303 [name=Decewicz Dziewit Primer C Wyszkow 20160303] [latitude=52.577948] [longitude=21.429024] [address=Municipal Wastewater Treatment Plant, Rybienko Stare, 07-200 Wyszkow, Poland] [date=20160303] [country=Poland]
70	Decewicz_Dziewit_Wyszkow_Cseq4.20160303 [name=Decewicz Dziewit Primer C Wyszkow 20160303] [latitude=52.577948] [longitude=21.429024] [address=Municipal Wastewater Treatment Plant, Rybienko Stare, 07-200 Wyszkow, Poland] [date=20160303] [country=Poland]
71	Decewicz_Dziewit_Wyszkow_Cseq5.20160303 [name=Decewicz Dziewit Primer C Wyszkow 20160303] [latitude=52.577948] [longitude=21.429024] [address=Municipal Wastewater Treatment Plant, Rybienko Stare, 07-200 Wyszkow, Poland] [date=20160303] [country=Poland]
72	Desnues_stool3_primerC.20151217 [name=Desnues lab stool 3 primer C 20151217] [date=20151217] [latitude=43.2888] [longitude=5.4005] [note=coordinates are hospital location] [country=France]
73	DiazMunoz_Davis1_C [name=DiazMunoz_Davis1_C] [date=20160421] [latitude=38.590894] [longitude=-121.666779] [altitude=8.659m] [country=USA]
74	DiazMunoz_Davis3_C [name=DiazMunoz_Davis3_C] [date=20160421] [latitude=38.590894] [longitude=-121.666779] [altitude=8.659m] [country=USA]
75	DiazMunoz_NYC_C [name=DiazMunoz_NYC_C] [date=20141214] [latitude=40.7128] [longitude=-74.0059] [altitude=10.453m] [country=USA]
76	Edwards_C.20151012.S1 [name=Edwards Primer C Site 1 20151026] [latitude=33.105788] [longitude=-117.114064] [address=Water Quality Testing, 1521 S. Hale Avenue Escondido, CA 92029, USA] [date=20151012] [country=USA]
77	Edwards_C.20151012.S2 [name=Edwards Primer C Site 2 20151026] [latitude=33.016467] [longitude=-117.273686] [address=San Elijo Joint Powers Authority, 2695 Manchester Avenue, Cardiff by the Sea, California 92007-7077] [date=20151012] [country=USA]
78	Edwards_C.20151012.S3 [name=Edwards Primer C Site 3 20151012] [latitude=33.116202] [longitude=-117.321597] [address=Encina Wastewater Authority, 6200 Avenida Encinas, Carlsbad, CA 92011] [date=20151012] [country=USA]
79	Edwards_C.20151012.S4 [name=Edwards Primer C Site 4 20151012] [latitude=33.144526] [longitude=-117.178849] [address=Vallecitos Water District, 201 Vallecitos De Oro, San Marcos, CA 92069] [date=20151012] [country=USA]
80	Edwards_C.20151209.S1 [name=Edwards Primer C Site 1 20151209] [latitude=33.105788] [longitude=-117.114064] [address=Water Quality Testing, 1521 S. Hale Avenue Escondido, CA 92029, USA] [date=20151209] [country=USA] 
81	Edwards_C.20151209.S2 [name=Edwards Primer C Site 2 20151209] [latitude=33.016467] [longitude=-117.273686] [address=San Elijo Joint Powers Authority, 2695 Manchester Avenue, Cardiff by the Sea, California 92007-7077]  [date=20151209] [country=USA] 
82	Edwards_C.20151209.S3 [name=Edwards Primer C Site 3 20151209] [latitude=33.116202] [longitude=-117.321597] [address=Encina Wastewater Authority, 6200 Avenida Encinas, Carlsbad, CA 92011] [date=20151209] [country=USA] 
83	Edwards_C.20151209.S4 [name=Edwards Primer C Site 4 20151209] [latitude=33.144526] [longitude=-117.178849] [address=Vallecitos Water District, 201 Vallecitos De Oro, San Marcos, CA 92069] [date=20151209] [country=USA] 
84	Fineran_Dunedin_C [name=Fineran Primer C] [latitude=-45.9062333] [longitude=170.4858516] [address=10 Tahuna Rd, Otago 9013, New Zealand]  [date=20160317] [country=New Zealand]
85	Fineran_Greymouth_C [name=Fineran Primer C] [latitude=-42.4921908] [longitude=171.1071795] [address=105 Tainui St, Greymouth 7805, New Zealand]  [date=20160317] [country=New Zealand]
86	Nigro_C.20161212.SandIsland [name=Hawaii C Sand Island Waste Water Treatment Plant Dec 12 2016] [latitude=21.307735] [longitude=-157.8824584] [address=1350 Sand Island Parkway # 3A, Honolulu, HI 96819] [date=20161212] [country=USA]
87	Nigro_C.20161212.Waianae [name=Hawaii C Waianae Waste Water Treatment Plant Dec 12 2016] [latitude=21.4467837] [longitude=-158.1928871] [address=Waianae, HI 96792] [date=20161212] [country=USA]
88	Lavigne.PrimerC.20160126 [name=Lavigne Primer C 20160126] [latitude=50.9598476] [longitude=4.6350655] [date=20160126] [country=Belgium]
89	Barr_1C_20161213 [name=Barr Monash Sample1 PrimerC 20161213] [date=20161213] [latitude=-38.1122141] [longitude=145.4864454] [sample_number=1] [location=Pakenham WWTP, Victoria, Australia] [type=WWTP] [country=Australia]
90	Barr_4C_20170824 [name=Barr Monash Sample4 PrimerC 20170824] [date=20170824] [sample_number=4] [location=Melbourne, Victoria, Australia] [type=WWTP] [country=Australia]
91	Barr_5C_20170816 [name=Barr Monash Sample5 PrimerC 20170816] [date=20170816] [sample_number=5] [location=WWTP, Western Australia, Australia] [type=WWTP] [country=Australia]
92	Barr_6C_20170816 [name=Barr Monash Sample6 PrimerC 20170816] [date=20170816] [sample_number=6] [location=New South Wales, Australia] [type=Raw Sewage] [country=Australia]
93	Barr_8C_20170822 [name=Barr Monash Sample8 PrimerC 20170822] [date=20170822] [latitude=-27.3755791] [longitude=153.1491078] [sample_number=8] [location=Luggage Point WWTP, Queensland, Australia] [type=WWTP] [country=Australia]
94	Muniesa_E1_Gav_primerC.201510 [name=Muniesa E1 Gava primer C Raw Sewage] [date=20151001] [latitude=41.3037013] [longitude=1.9858569] [source=Raw sewage] [country=Spain]
95	Muniesa_E2_Gav_primerC.201510 [name=Muniesa E2 Gava primer C Raw Sewage] [date=20151001] [latitude=41.3037013] [longitude=1.9858569] [source=Raw sewage] [country=Spain]
96	Muniesa_1.1_Gav_primerC.201510 [name=Muniesa 1.1 Gava primer C Primary Treatment] [date=20151001] [latitude=41.3037013] [longitude=1.9858569] [source=Primary Treatment] [country=Spain]
97	Muniesa_E4_Gav_primerC.201311 [name=Muniesa E4 Gava primer C Raw Sewage] [date=20131101] [latitude=41.3037013] [longitude=1.9858569] [source=Raw Sewage] [country=Spain]
98	Muniesa_E7_Gav_primerC.201401 [name=Muniesa E7 Gava primer C Raw Sewage] [date=20140101] [latitude=41.3037013] [longitude=1.9858569] [source=Raw Sewage] [country=Spain]
99	Muniesa_E8_ElPratdeLlobregat_primerC.201401 [name=Muniesa E8 El Prat de Llobregat primer C Raw Sewage] [date=20140101] [latitude=41.3224312] [longitude=2.0828713] [source=Raw Sewage] [country=Spain]
100	Muniesa_E13_Gav_primerC.201405 [name=Muniesa E13 Gava primer C Raw Sewage] [date=20140501] [latitude=41.3037013] [longitude=1.9858569] [source=Raw Sewage] [country=Spain]
101	Muniesa_E14_ElPratdeLlobregat_primerC.201401 [name=Muniesa E14 El Prat de Llobregat primer C Raw Sewage] [date=20140501] [latitude=41.3224312] [longitude=2.0828713] [source=Raw Sewage] [country=Spain]
102	Muniesa_E23_Gav_primerC.201406 [name=Muniesa E23 Gava primer C Raw Sewage] [date=20140601] [latitude=41.3037013] [longitude=1.9858569] [source=Raw Sewage] [country=Spain]
103	Muniesa_E32_Girona_primerC.201505 [name=Muniesa E32 Girona primer C Raw Sewage] [date=20150501] [latitude=41.3942867] [longitude=2.1701905] [source=Raw Sewage] [country=Spain]
104	Qimron_Jericho_C_20151202 [name=Qimron lab primer C 20151202] [date=20151202] [latitude=31.85] [longitude=35.45] [note=Collected in Jericho] [country=Israel]
105	Qimron_Qalqilyah_C_20151202 [name=Qimron lab primer C 20151202] [date=20151202] [latitude=32.18] [longitude=34.97] [note=Collected in Qalqilyah] [country=Israel]
106	Qimron_Ramallah_C_20151202 [name=Qimron lab primer C 20151202] [date=20151202] [latitude=31.9] [longitude=35.19] [note=Collected in Ramallah] [country=Israel]
107	Qimron_Salfit_C_20151202 [name=Qimron lab primer C 20151202] [date=20151202] [latitude=32.08] [longitude=35.18] [note=Collected in Salfit] [country=Israel]
108	Quan_C.20160320.S1 [name=Quan Primer C] [latitude=31.2974197] [longitude=121.5014291] [address=220 Handan Rd, Yangpu, Shanghai, China] [date=20160320] [country=China]
109	Quan_C.20160320.S2 [name=Quan Primer C] [latitude=31.2974197] [longitude=121.5014291] [address=220 Handan Rd, Yangpu, Shanghai, China] [date=20160320] [country=China]
110	Quan_C.20160320.S3 [name=Quan Primer C] [latitude=31.2974197] [longitude=121.5014291] [address=220 Handan Rd, Yangpu, Shanghai, China] [date=20160320] [country=China]
111	Quan_C.20160320.S4 [name=Quan Primer C] [latitude=31.2974197] [longitude=121.5014291] [address=220 Handan Rd, Yangpu, Shanghai, China] [date=20160320] [country=China]
112	Quan_C.20160320.S5 [name=Quan Primer C] [latitude=31.2974197] [longitude=121.5014291] [address=220 Handan Rd, Yangpu, Shanghai, China] [date=20160320] [country=China]
113	Quan_C.20160320.S6 [name=Quan Primer C] [latitude=31.2974197] [longitude=121.5014291] [address=220 Handan Rd, Yangpu, Shanghai, China] [date=20160320] [country=China]
114	Quan_C.20160320.S7 [name=Quan Primer C] [latitude=31.2974197] [longitude=121.5014291] [address=220 Handan Rd, Yangpu, Shanghai, China] [date=20160320] [country=China]
115	Quan_C.20160320.S8 [name=Quan Primer C] [latitude=31.2974197] [longitude=121.5014291] [address=220 Handan Rd, Yangpu, Shanghai, China] [date=20160320] [country=China]
116	Quan_C.20160320.S9 [name=Quan Primer C] [latitude=31.2974197] [longitude=121.5014291] [address=220 Handan Rd, Yangpu, Shanghai, China] [date=20160320] [country=China]
117	Quan_C.20160320.S10 [name=Quan Primer C] [latitude=31.2974197] [longitude=121.5014291] [address=220 Handan Rd, Yangpu, Shanghai, China] [date=20160320] [country=China]
118	Quan_C.20160320.S11 [name=Quan Primer C] [latitude=31.2974197] [longitude=121.5014291] [address=220 Handan Rd, Yangpu, Shanghai, China] [date=20160320] [country=China]
119	Quan_C.20160320.S12 [name=Quan Primer C] [latitude=31.2974197] [longitude=121.5014291] [address=220 Handan Rd, Yangpu, Shanghai, China] [date=20160320] [country=China]
120	Quan_C.20160320.S13 [name=Quan Primer C] [latitude=31.2974197] [longitude=121.5014291] [address=220 Handan Rd, Yangpu, Shanghai, China] [date=20160320] [country=China]
121	Quan_C.20160320.S14 [name=Quan Primer C] [latitude=31.2974197] [longitude=121.5014291] [address=220 Handan Rd, Yangpu, Shanghai, China] [date=20160320] [country=China]
122	Quan_C.20160320.S15 [name=Quan Primer C] [latitude=31.2974197] [longitude=121.5014291] [address=220 Handan Rd, Yangpu, Shanghai, China] [date=20160320] [country=China]
123	Quan_C.20160320.S16 [name=Quan Primer C] [latitude=31.2974197] [longitude=121.5014291] [address=220 Handan Rd, Yangpu, Shanghai, China] [date=20160320] [country=China]
124	Quan_C.20160320.S17 [name=Quan Primer C] [latitude=31.2974197] [longitude=121.5014291] [address=220 Handan Rd, Yangpu, Shanghai, China] [date=20160320] [country=China]
125	Quan_C.20160320.S18 [name=Quan Primer C] [latitude=31.2974197] [longitude=121.5014291] [address=220 Handan Rd, Yangpu, Shanghai, China] [date=20160320] [country=China]
126	Quan_C.20160320.S19 [name=Quan Primer C] [latitude=31.2974197] [longitude=121.5014291] [address=220 Handan Rd, Yangpu, Shanghai, China] [date=20160320] [country=China]
127	Tyakht_Spb_73_13P_C [name=Tyakht Spb_73_13P_C primer C] [date=20160301] [latitude=59.57] [longitude=30.18] [address=Saint-Petersburg, Russia] [country=Russia]
128	Tyakht_Spb_74_14P_C [name=Tyakht Spb_74_14P_C primer C] [date=20160301] [latitude=59.57] [longitude=30.18] [address=Saint-Petersburg, Russia] [country=Russia]
129	Tyakht_Spb_105_45P_C [name=Tyakht Spb_105_45P_C primer C] [date=20160301] [latitude=59.57] [longitude=30.18] [address=Saint-Petersburg, Russia] [country=Russia]
130	Tyakht_Nov_282_C [name=Tyakht Nov_282_C primer C] [date=20160301] [latitude=55.03] [longitude=82.57] [address=Novosibirsk, Russia] [country=Russia]
131	Tyakht_Nov_287_C [name=Tyakht Nov_287_C primer C] [date=20160301] [latitude=55.03] [longitude=82.57] [address=Novosibirsk, Russia] [country=Russia]
132	Tyakht_OM_178_C [name=Tyakht OM_178_C primer C] [date=20160301] [latitude=54.3933] [longitude=72.4255] [address=Omsk, Russia] [country=Russia]
133	Tyakht_SAR_275_C [name=Tyakht SAR_275_C primer C] [date=20160301] [latitude=51.32] [longitude=46.00] [address=Saratov, Russia] [country=Russia]
134	Santos_C25.20160225 [name=Santos PrimerC25] [latitude=38.7348396] [longitude=-9.1863262] [address=Instituto Superior Tecnico, Laboratorio de Analises, Av. Rovisco Pais, 1049-001 Lisboa] [date=20160225] [country=Portugal]
135	Santos_C27.20160225 [name=Santos Primer C27] [latitude=38.7348396] [longitude=-9.1863262] [address=Instituto Superior Tecnico, Laboratorio de Analises, Av. Rovisco Pais, 1049-001 Lisboa] [date=20160225] [country=Portugal]
136	Santos_C30.20160225 [name=Santos PrimerC30] [latitude=38.7348396] [longitude=-9.1863262] [address=Instituto Superior Tecnico, Laboratorio de Analises, Av. Rovisco Pais, 1049-001 Lisboa] [date=20160225] [country=Portugal]
137	Santos_C32.20160225 [name=Santos PrimerC32] [latitude=38.7348396] [longitude=-9.1863262] [address=Instituto Superior Tecnico, Laboratorio de Analises, Av. Rovisco Pais, 1049-001 Lisboa] [date=20160225] [country=Portugal]
138	Santos_C33.20160225 [name=Santos PrimerC33] [latitude=38.7348396] [longitude=-9.1863262] [address=Instituto Superior Tecnico, Laboratorio de Analises, Av. Rovisco Pais, 1049-001 Lisboa] [date=20160225] [country=Portugal]
139	Santos_C35.20160225 [name=Santos PrimerC35] [latitude=38.7348396] [longitude=-9.1863262] [address=Instituto Superior Tecnico, Laboratorio de Analises, Av. Rovisco Pais, 1049-001 Lisboa] [date=20160225] [country=Portugal]
140	Strain_primerC.20151215 [name=Strain APC Microbiome Institute primer C 20151215] [date=20151215] [latitude=51.8925] [longitude=-8.4964] [note=coordinates are APC location] [country=Ireland]
141	Wagemans_C.20160412 [name=Jeroen Wagemans Primer C] [latitude=50.884089] [longitude=4.6353904] [address=Oude Markt 13, 3000 Leuven, Belgium]  [date=20160412] [country=Belgium]
142	Zambrano_C.20160412.s1 [name=Maria Zambrano Primer C 20160412] [latitude=4.6500014] [longitude=-74.0589398] [address=CorpoGen, Cra. 5 #66A-34, Bogota, Colombia ] [date=20160412] [country=Colombia]
143	Zambrano_C.20160412.s2 [name=Maria Zambrano Primer C 20160412] [latitude=4.6500014] [longitude=-74.0589398] [address=CorpoGen, Cra. 5 #66A-34, Bogota, Colombia ] [date=20160412] [country=Colombia] 
144	Mazankova_primerC_200.20170421 [name=Mazankova primer C sample 200 20170421] [date=20170421] [latitude=9.0765] [longitude=7.3986] [sample_number=200] [country=Nigeria]
145	Mazankova_primerC_362.20170421 [name=Mazankova primer C sample 362 20170421] [date=20170421] [latitude=40.4093] [longitude=49.8671] [sample_number=362] [country=Azerbaijan]
146	Mazankova_primerC_217.20170421 [name=Mazankova primer C sample 217 20170421] [date=20170421] [latitude=31.9454] [longitude=35.9284] [sample_number=217] [country=Jordan]
147	Mazankova_primerC_223.20170421 [name=Mazankova primer C sample 223 20170421] [date=20170421] [latitude=31.9454] [longitude=35.9284] [sample_number=223] [country=Jordan]
148	Mazankova_primerC_236.20170421 [name=Mazankova primer C sample 236 20170421] [date=20170421] [latitude=31.9454] [longitude=35.9284] [sample_number=236] [country=Jordan]
149	Mazankova_primerC_267.20170421 [name=Mazankova primer C sample 267 20170421] [date=20170421] [sample_date=20160302] [latitude=15.5007] [longitude=32.5599] [sample_number=267] [country=Sudan]
150	Mazankova_primerC_237.20170421 [name=Mazankova primer C sample 237 20170421] [date=20170421] [latitude=31.9454] [longitude=35.9284] [sample_number=237] [country=Jordan]
151	Mazankova_primerC_363.20170421 [name=Mazankova primer C sample 363 20170421] [date=20170421] [latitude=40.4093] [longitude=49.8671] [sample_number=363] [country=Azerbaijan]
152	Mazankova_primerC_288.20170421 [name=Mazankova primer C sample 288 20170421] [date=20170421] [sample_date=20160304] [latitude=15.5007] [longitude=32.5599] [sample_number=288] [country=Sudan]
153	Mazankova_primerC_195.20170421 [name=Mazankova primer C sample 195 20170421] [date=20170421] [latitude=9.0765] [longitude=7.3986] [sample_number=195] [country=Nigeria]
154	Mazankova_primerC_222.20170421 [name=Mazankova primer C sample 222 20170421] [date=20170421] [latitude=31.9454] [longitude=35.9284] [sample_number=222] [country=Jordan]
155	Mazankova_primerC_249.20170421 [name=Mazankova primer C sample 249 20170421] [date=20170421] [sample_date=20160203] [latitude=15.5007] [longitude=32.5599] [sample_number=249] [country=Sudan]
156	Mazankova_primerC_244.20170421 [name=Mazankova primer C sample 244 20170421] [date=20170421] [latitude=31.9454] [longitude=35.9284] [sample_number=244] [country=Jordan]
157	Mazankova_primerC_290.20170421 [name=Mazankova primer C sample 290 20170421] [date=20170421] [sample_date=20160311] [latitude=15.5007] [longitude=32.5599] [sample_number=290] [country=Sudan]
158	Mazankova_primerC_337.20170421 [name=Mazankova primer C sample 337 20170421] [date=20170421] [latitude=40.4093] [longitude=49.8671] [sample_number=337] [country=Azerbaijan]
159	Mazankova_primerC_335.20170421 [name=Mazankova primer C sample 335 20170421] [date=20170421] [latitude=40.4093] [longitude=49.8671] [sample_number=335] [country=Azerbaijan]
160	Mazankova_primerC_274.20170421 [name=Mazankova primer C sample 274 20170421] [date=20170421] [sample_date=20160309] [latitude=15.5007] [longitude=32.5599] [sample_number=274] [country=Sudan]
161	Mazankova_primerC_252.20170421 [name=Mazankova primer C sample 252 20170421] [date=20170421] [sample_date=20160303] [latitude=15.5007] [longitude=32.5599] [sample_number=252] [country=Sudan]
162	Mazankova_primerC_300.20170421 [name=Mazankova primer C sample 300 20170421] [date=20170421] [sample_date=20160210] [latitude=15.5007] [longitude=32.5599] [sample_number=300] [country=Sudan]
163	Mazankova_primerC_296.20170421 [name=Mazankova primer C sample 296 20170421] [date=20170421] [sample_date=20160305] [latitude=15.5007] [longitude=32.5599] [sample_number=296] [country=Sudan]
164	Mazankova_primerC_260.20170421 [name=Mazankova primer C sample 260 20170421] [date=20170421] [sample_date=20160303] [latitude=15.5007] [longitude=32.5599] [sample_number=260] [country=Sudan]
165	Mazankova_primerC_256.20170421 [name=Mazankova primer C sample 256 20170421] [date=20170421] [sample_date=20160311] [latitude=15.5007] [longitude=32.5599] [sample_number=256] [country=Sudan]
166	Mazankova_primerC_353.20170421 [name=Mazankova primer C sample 353 20170421] [date=20170421] [latitude=40.4093] [longitude=49.8671] [sample_number=353] [country=Azerbaijan]
167	Mazankova_primerC_242.20170421 [name=Mazankova primer C sample 242 20170421] [date=20170421] [latitude=31.9454] [longitude=35.9284] [sample_number=242] [country=Jordan]
168	crAssphage_C [name=crAssphage Primer C] [latitude=0.0] [longitude=0.0] [date=20140724] [country=crAssphage C]
