San_Diego|20170601|USA|1	VolunteerD_20170601_PrimerA [name=VolunteerD_20170601] [volunteer=D] [sampletype=Weekly] [primer=A] [sampleid=WD1] [latlon=32.777199,-117.070971] [latitude=32.777199] [longitude=-117.070971] [locality=San Diego] [country=USA] [note=base called by phred, consensus by merger] [date=20170601]
San_Diego|20170608|USA|1	VolunteerD_20170608_PrimerA [name=VolunteerD_20170608] [volunteer=D] [sampletype=Weekly] [primer=A] [sampleid=WD2] [latlon=32.777199,-117.070971] [latitude=32.777199] [longitude=-117.070971] [locality=San Diego] [country=USA] [note=base called by phred, consensus by merger] [date=20170608]
San_Diego|20170729|USA|1	VolunteerD_20170729_PrimerA [name=VolunteerD_20170729] [volunteer=D] [sampletype=Weekly] [primer=A] [sampleid=WD7] [latlon=32.777199,-117.070971] [latitude=32.777199] [longitude=-117.070971] [locality=San Diego] [country=USA] [note=base called by phred, consensus by merger] [date=20170729]
San_Diego|20170421|USA|1	VolunteerD_20170421_PrimerA [name=VolunteerD_20170421] [volunteer=D] [sampletype=Pre] [primer=A] [sampleid=D1] [latlon=32.777199,-117.070971] [latitude=32.777199] [longitude=-117.070971] [locality=San Diego] [country=USA] [note=base called by phred, single read] [date=20170421]
San_Diego|20170622|USA|1	VolunteerD_20170622_PrimerA [name=VolunteerD_20170622] [volunteer=D] [sampletype=Daily] [primer=A] [sampleid=DD3] [latlon=32.777199,-117.070971] [latitude=32.777199] [longitude=-117.070971] [locality=San Diego] [country=USA] [note=base called by phred, single read] [date=20170622]
San_Diego|20170707|USA|1	VolunteerD_20170707_PrimerA [name=VolunteerD_20170707] [volunteer=D] [sampletype=Daily] [primer=A] [sampleid=DD10] [latlon=32.777199,-117.070971] [latitude=32.777199] [longitude=-117.070971] [locality=San Diego] [country=USA] [note=base called by phred, single read] [date=20170707]
San_Diego|20170710|USA|1	VolunteerD_20170710_PrimerA [name=VolunteerD_20170710] [volunteer=D] [sampletype=Daily] [primer=A] [sampleid=DD11] [latlon=32.777199,-117.070971] [latitude=32.777199] [longitude=-117.070971] [locality=San Diego] [country=USA] [note=base called by phred, single read] [date=20170710]
San_Diego|20170722|USA|1	VolunteerD_20170722_PrimerA [name=VolunteerD_20170722] [volunteer=D] [sampletype=Weekly] [primer=A] [sampleid=WD6] [latlon=32.777199,-117.070971] [latitude=32.777199] [longitude=-117.070971] [locality=San Diego] [country=USA] [note=base called by phred, single read] [date=20170722]
San_Diego|20170421|USA|2	VolunteerE_20170421_PrimerA [name=VolunteerE_20170421] [volunteer=E] [sampletype=Pre] [primer=A] [sampleid=E1] [latlon=32.777199,-117.070971] [latitude=32.777199] [longitude=-117.070971] [locality=San Diego] [country=USA] [note=base called by phred, consensus by merger] [date=20170421]
San_Diego|20170522|USA|1	VolunteerE_20170522_PrimerA [name=VolunteerE_20170522] [volunteer=E] [sampletype=Weekly] [primer=A] [sampleid=WE1] [latlon=32.777199,-117.070971] [latitude=32.777199] [longitude=-117.070971] [locality=San Diego] [country=USA] [note=base called by phred, consensus by merger] [date=20170522]
San_Diego|20170629|USA|1	VolunteerE_20170629_PrimerA [name=VolunteerE_20170629] [volunteer=E] [sampletype=Weekly] [primer=A] [sampleid=WE5] [latlon=32.777199,-117.070971] [latitude=32.777199] [longitude=-117.070971] [locality=San Diego] [country=USA] [note=base called by phred, consensus by merger] [date=20170629]
San_Diego|20170710|USA|2	VolunteerE_20170710_PrimerA [name=VolunteerE_20170710] [volunteer=E] [sampletype=Daily] [primer=A] [sampleid=DE6] [latlon=32.777199,-117.070971] [latitude=32.777199] [longitude=-117.070971] [locality=San Diego] [country=USA] [note=base called by phred, consensus by merger] [date=20170710]
San_Diego|20170711|USA|1	VolunteerE_20170711_PrimerA [name=VolunteerE_20170711] [volunteer=E] [sampletype=Daily] [primer=A] [sampleid=DE7] [latlon=32.777199,-117.070971] [latitude=32.777199] [longitude=-117.070971] [locality=San Diego] [country=USA] [note=base called by phred, consensus by merger] [date=20170711]
San_Diego|20170712|USA|1	VolunteerE_20170712_PrimerA [name=VolunteerE_20170712] [volunteer=E] [sampletype=Daily] [primer=A] [sampleid=DE8] [latlon=32.777199,-117.070971] [latitude=32.777199] [longitude=-117.070971] [locality=San Diego] [country=USA] [note=base called by phred, consensus by merger] [date=20170712]
San_Diego|20170713|USA|1	VolunteerE_20170713_PrimerA [name=VolunteerE_20170713] [volunteer=E] [sampletype=Daily] [primer=A] [sampleid=DE9] [latlon=32.777199,-117.070971] [latitude=32.777199] [longitude=-117.070971] [locality=San Diego] [country=USA] [note=base called by phred, consensus by merger] [date=20170713]
San_Diego|20170714|USA|1	VolunteerE_20170714_PrimerA [name=VolunteerE_20170714] [volunteer=E] [sampletype=Daily] [primer=A] [sampleid=DE10] [latlon=32.777199,-117.070971] [latitude=32.777199] [longitude=-117.070971] [locality=San Diego] [country=USA] [note=base called by phred, consensus by merger] [date=20170714]
San_Diego|20170717|USA|1	VolunteerE_20170717_PrimerA [name=VolunteerE_20170717] [volunteer=E] [sampletype=Daily] [primer=A] [sampleid=DE11] [latlon=32.777199,-117.070971] [latitude=32.777199] [longitude=-117.070971] [locality=San Diego] [country=USA] [note=base called by phred, consensus by merger] [date=20170717]
San_Diego|20170718|USA|1	VolunteerE_20170718_PrimerA [name=VolunteerE_20170718] [volunteer=E] [sampletype=Daily] [primer=A] [sampleid=DE12] [latlon=32.777199,-117.070971] [latitude=32.777199] [longitude=-117.070971] [locality=San Diego] [country=USA] [note=base called by phred, consensus by merger] [date=20170718]
San_Diego|20170719|USA|1	VolunteerE_20170719_PrimerA [name=VolunteerE_20170719] [volunteer=E] [sampletype=Daily] [primer=A] [sampleid=DE13] [latlon=32.777199,-117.070971] [latitude=32.777199] [longitude=-117.070971] [locality=San Diego] [country=USA] [note=base called by phred, consensus by merger] [date=20170719]
San_Diego|20170720|USA|1	VolunteerE_20170720_PrimerA [name=VolunteerE_20170720] [volunteer=E] [sampletype=Daily] [primer=A] [sampleid=DE14] [latlon=32.777199,-117.070971] [latitude=32.777199] [longitude=-117.070971] [locality=San Diego] [country=USA] [note=base called by phred, consensus by merger] [date=20170720]
San_Diego|20170721|USA|1	VolunteerE_20170721_PrimerA [name=VolunteerE_20170721] [volunteer=E] [sampletype=Daily] [primer=A] [sampleid=DE15] [latlon=32.777199,-117.070971] [latitude=32.777199] [longitude=-117.070971] [locality=San Diego] [country=USA] [note=base called by phred, consensus by merger] [date=20170721]
San_Diego|20170725|USA|1	VolunteerE_20170725_PrimerA [name=VolunteerE_20170725] [volunteer=E] [sampletype=Weekly] [primer=A] [sampleid=WE7] [latlon=32.777199,-117.070971] [latitude=32.777199] [longitude=-117.070971] [locality=San Diego] [country=USA] [note=base called by phred, consensus by merger] [date=20170725]
San_Diego|20170731|USA|1	VolunteerE_20170731_PrimerA [name=VolunteerE_20170731] [volunteer=E] [sampletype=Weekly] [primer=A] [sampleid=WE6] [latlon=32.777199,-117.070971] [latitude=32.777199] [longitude=-117.070971] [locality=San Diego] [country=USA] [note=base called by phred, consensus by merger] [date=20170731]
