0	Brouns_A.20151106 [name=Brouns lab primer A 20151106] [date=20151106] [latitude=52.180646] [longitude=5.9478529] [altitude=36m] [country=The Netherlands]
1	Mazankova_primerA_20.20151201 [name=Mazankova primer A sample 20 20151201] [date=20151201] [latitude=50.1226675] [longitude=16.2131856] [sample_number=375] [location=Zastávka u Brna] [type=post-STP, refugee camp] [country=Czech Republic]
2	Mazankova_primerA_22.20151201 [name=Mazankova primer A sample 22 20151201] [date=20151201] [latitude=49.1278897] [longitude=16.6144122] [sample_number=265] [location=Praha] [type=pre-sewage treatment plant] [country=Czech Republic]
3	Mazankova_primerA_23.20151201 [name=Mazankova primer A sample 23 20151201] [date=20151201] [latitude=50.0751514] [longitude=14.3406075] [sample_number=326] [location=Brno - Modřice] [type=pre-sewage treatment plant] [country=Czech Republic]
4	Mazankova_primerA_19.20151201 [name=Mazankova primer A sample 19 20151201] [date=20151201] [latitude=49.1874756] [longitude=16.3586742] [sample_number=343] [location=Ostrava] [type=pre-sewage treatment plant] [country=Czech Republic]
5	Mazankova_primerA_10.20151201 [name=Mazankova primer A sample 10 20151201] [date=20151201] [latitude=49.6358083] [longitude=18.4569128] [sample_number=404] [location=Praha] [type=pre-sewage treatment plant] [country=Czech Republic]
6	Mazankova_primerA_9.20151201 [name=Mazankova primer A sample 9 20151201] [date=20151201] [latitude=50.0835494] [longitude=14.4341414] [sample_number=298] [location=Ústí n. Labem] [type=pre-sewage treatment plant] [country=Czech Republic]
7	Mazankova_primerA_6.20151201 [name=Mazankova primer A sample 6 20151201] [date=20151201] [latitude=49.7477831] [longitude=13.3783489] [sample_number=414] [location=Ostrava] [type=pre-sewage treatment plant] [country=Czech Republic]
8	Mazankova_primerA_7.20151201 [name=Mazankova primer A sample 7 20151201] [date=20151201] [latitude=50.1226675] [longitude=16.2131856] [sample_number=318] [location=Plzeň] [type=pre-sewage treatment plant] [country=Czech Republic]
9	Mazankova_primerA_2.20151201 [name=Mazankova primer A sample 2 20151201] [date=20151201] [latitude=49.1879958] [longitude=16.3630967] [sample_number=427] [location=Plzeň] [type=pre-sewage treatment plant] [country=Czech Republic]
10	Mazankova_primerA_11.20151201 [name=Mazankova primer A sample 11 20151201] [date=20151201] [latitude=49.8346453] [longitude=18.2820442] [sample_number=477] [location=Vyšní Lhoty] [type=post-STP, refugee camp] [country=Czech Republic]
11	Mazankova_primerA_3.20151201 [name=Mazankova primer A sample 3 20151201] [date=20151201] [latitude=50.6604875] [longitude=14.0406928] [sample_number=430] [location=Brno - Zastávka] [type=post-STP, refugee camp] [country=Czech Republic]
12	Mazankova_primerA_18.20151201 [name=Mazankova primer A sample 18 20151201] [date=20151201] [latitude=49.8346453] [longitude=18.2820442] [sample_number=352] [location=Ústí n. Labem] [type=pre-sewage treatment plant] [country=Czech Republic]
13	Mazankova_primerA_16.20151201 [name=Mazankova primer A sample 16 20151201] [date=20151201] [latitude=50.5583072] [longitude=14.8217867] [sample_number=275] [location=Zastávka u Brna] [type=post-STP, refugee camp] [country=Czech Republic]
14	Mazankova_primerA_5.20151201 [name=Mazankova primer A sample 5 20151201] [date=20151201] [latitude=49.8346453] [longitude=18.2820442] [sample_number=479] [location=České Budějovice] [type=pre-sewage treatment plant] [country=Czech Republic]
15	Mazankova_primerA_4.20151201 [name=Mazankova primer A sample 4 20151201] [date=20151201] [latitude=48.9744694] [longitude=14.4743417] [sample_number=466] [location=Ústí nad Labem] [type=pre-sewage treatment plant] [country=Czech Republic]
16	Mazankova_primerA_14.20151201 [name=Mazankova primer A sample 14 20151201] [date=20151201] [latitude=48.9744694] [longitude=14.4743417] [sample_number=522] [location=Plzeň] [type=pre-sewage treatment plant] [country=Czech Republic]
17	Mazankova_primerA_12.20151201 [name=Mazankova primer A sample 12 20151201] [date=20151201] [latitude=49.1278897] [longitude=16.6144122] [sample_number=476] [location=Ostrava] [type=pre-sewage treatment plant] [country=Czech Republic]
18	Mazankova_primerA_13.20151201 [name=Mazankova primer A sample 13 20151201] [date=20151201] [latitude=49.7477831] [longitude=13.3783489] [sample_number=512] [location=Brno - Modřice] [type=pre-sewage treatment plant] [country=Czech Republic]
19	Cho_A.20160208 [name=GyuSung Cho Primer A 20160208] [latitude=49.0151676] [longitude=8.4008814] [address=Max RubnerInstitut, Karlsruhe, HaidundNeuStraBe 9, 76131] [date=20160208] [country=Germany]
20	Cinek_bin08_primerA.20151120 [name=Cinek lab sample bin08 primer A 20151120] [date=20151120] [latitude=61.505] [longitude=23.815] [note=coordinates are hospital location] [country=Finland]
21	Cinek_bin11_primerA.20151120 [name=Cinek lab sample bin11 primer A 20151120] [date=20151120] [latitude=61.505] [longitude=23.815] [note=coordinates are hospital location] [country=Finland]
22	Cinek_bin12_primerA.20151120 [name=Cinek lab sample bin12 primer A 20151120] [date=20151120] [latitude=61.505] [longitude=23.815] [note=coordinates are hospital location] [country=Finland]
23	Cinek_bin13_primerA.20151120 [name=Cinek lab sample bin13 primer A 20151120] [date=20151120] [latitude=61.505] [longitude=23.815] [note=coordinates are hospital location] [country=Finland]
24	Cinek_bin14_primerA.20151120 [name=Cinek lab sample bin14 primer A 20151120] [date=20151120] [latitude=61.505] [longitude=23.815] [note=coordinates are hospital location] [country=Finland]
25	Cinek_bin15_primerA.20151120 [name=Cinek lab sample bin15 primer A 20151120] [date=20151120] [latitude=61.505] [longitude=23.815] [note=coordinates are hospital location] [country=Finland]
26	Cinek_bin16_primerA.20151120 [name=Cinek lab sample bin16 primer A 20151120] [date=20151120] [latitude=61.505] [longitude=23.815] [note=coordinates are hospital location] [country=Finland]
27	Cinek_bin55_primerA.20151120 [name=Cinek lab sample bin55 primer A 20151120] [date=20151120] [latitude=61.505] [longitude=23.815] [note=coordinates are hospital location] [country=Finland]
28	Cinek_bin56_primerA.20151120 [name=Cinek lab sample bin56 primer A 20151120] [date=20151120] [latitude=61.505] [longitude=23.815] [note=coordinates are hospital location] [country=Finland]
29	Cinek_bin71_primerA.20151120 [name=Cinek lab sample bin71 primer A 20151120] [date=20151120] [latitude=61.505] [longitude=23.815] [note=coordinates are hospital location] [country=Finland]
30	Cinek_bin79_primerA.20151120 [name=Cinek lab sample bin79 primer A 20151120] [date=20151120] [latitude=61.505] [longitude=23.815] [note=coordinates are hospital location] [country=Finland]
31	CazaresVinuesa_20160516 [name=Vinuesa lab primer A 20160516] [date=20160516] [latitude=18.8310669] [longitude=-99.2214482] [note=Collected in Morelos, Canal Paraiso] [country=Mexico]
32	Decewicz_Dziewit_Lodz_Aseq1.20160126 [name=Decewicz Dziewit Primer A Lodz 20160126] [latitude=51.727940] [longitude=19.347618] [address=Group Wastewater Treatment Plant, Sanitariuszek 66, 91867 Lodz, Poland] [date=20160126] [country=Poland]
33	Decewicz_Dziewit_Lodz_Aseq2.20160126 [name=Decewicz Dziewit Primer A Lodz 20160126] [latitude=51.727940] [longitude=19.347618] [address=Group Wastewater Treatment Plant, Sanitariuszek 66, 91867 Lodz, Poland] [date=20160126] [country=Poland]
34	Decewicz_Dziewit_Oswiecim_Aseq1.20160126 [name=Decewicz Dziewit Primer A Oswiecim 20160126] [latitude=50.038062] [longitude=19.321854] [address=Municipal and Industrial Wastewater Treatment Plant, Nadwislanska 46, 32642 Oswiecim, Poland] [date=20160126] [country=Poland]
35	Decewicz_Dziewit_Oswiecim_Aseq2.20160126 [name=Decewicz Dziewit Primer A Oswiecim 20160126] [latitude=50.038062] [longitude=19.321854] [address=Municipal and Industrial Wastewater Treatment Plant, Nadwislanska 46, 32642 Oswiecim, Poland] [date=20160126] [country=Poland]
36	Decewicz_Dziewit_Warsaw_Aseq1.20160126 [name=Decewicz Dziewit Primer A Warsaw 20160126] [latitude=52.351351] [longitude=20.959269] [address=Municipal Wastewater Treatment Plant Czajka, Czajki 4/6, Warsaw, 03054 Warsaw, Poland] [date=20160126] [country=Poland]
37	Decewicz_Dziewit_Warsaw_Aseq2.20160126 [name=Decewicz Dziewit Primer A Warsaw 20160126] [latitude=52.351351] [longitude=20.959269] [address=Municipal Wastewater Treatment Plant Czajka, Czajki 4/6, Warsaw, 03054 Warsaw, Poland] [date=20160126] [country=Poland]
38	Decewicz_Dziewit_Warsaw_Aseq3.20160126 [name=Decewicz Dziewit Primer A Warsaw 20160126] [latitude=52.351351] [longitude=20.959269] [address=Municipal Wastewater Treatment Plant Czajka, Czajki 4/6, Warsaw, 03054 Warsaw, Poland] [date=20160126] [country=Poland]
39	Decewicz_Dziewit_Warsaw_Aseq4.20160126 [name=Decewicz Dziewit Primer A Warsaw 20160126] [latitude=52.351351] [longitude=20.959269] [address=Municipal Wastewater Treatment Plant Czajka, Czajki 4/6, Warsaw, 03054 Warsaw, Poland] [date=20160126] [country=Poland]
40	Decewicz_Dziewit_Wyszkow_Aseq1.20160126 [name=Decewicz Dziewit Primer A Wyszkow 20160126] [latitude=52.577948] [longitude=21.429024] [address=Municipal Wastewater Treatment Plant, Rybienko Stare, 07200 Wyszkow, Poland] [date=20160126] [country=Poland]
41	Decewicz_Dziewit_Wyszkow_Aseq2.20160126 [name=Decewicz Dziewit Primer A Wyszkow 20160126] [latitude=52.577948] [longitude=21.429024] [address=Municipal Wastewater Treatment Plant, Rybienko Stare, 07200 Wyszkow, Poland] [date=20160126] [country=Poland]
42	Decewicz_Dziewit_Wyszkow_Aseq3.20160126 [name=Decewicz Dziewit Primer A Wyszkow 20160126] [latitude=52.577948] [longitude=21.429024] [address=Municipal Wastewater Treatment Plant, Rybienko Stare, 07200 Wyszkow, Poland] [date=20160126] [country=Poland]
43	Decewicz_Dziewit_Lodz_Aseq1.20160303 [name=Decewicz Dziewit Primer A Lodz 20160303] [latitude=51.727940] [longitude=19.347618] [address=Group Wastewater Treatment Plant, Sanitariuszek 66, 91867 Lodz, Poland] [date=20160303] [country=Poland]
44	Decewicz_Dziewit_Lodz_Aseq2.20160303 [name=Decewicz Dziewit Primer A Lodz 20160303] [latitude=51.727940] [longitude=19.347618] [address=Group Wastewater Treatment Plant, Sanitariuszek 66, 91867 Lodz, Poland] [date=20160303] [country=Poland]
45	Decewicz_Dziewit_Lodz_Aseq3.20160303 [name=Decewicz Dziewit Primer A Lodz 20160303] [latitude=51.727940] [longitude=19.347618] [address=Group Wastewater Treatment Plant, Sanitariuszek 66, 91867 Lodz, Poland] [date=20160303] [country=Poland]
46	Decewicz_Dziewit_Lodz_Aseq4.20160303 [name=Decewicz Dziewit Primer A Lodz 20160303] [latitude=51.727940] [longitude=19.347618] [address=Group Wastewater Treatment Plant, Sanitariuszek 66, 91867 Lodz, Poland] [date=20160303] [country=Poland]
47	Decewicz_Dziewit_Lodz_Aseq5.20160303 [name=Decewicz Dziewit Primer A Lodz 20160303] [latitude=51.727940] [longitude=19.347618] [address=Group Wastewater Treatment Plant, Sanitariuszek 66, 91867 Lodz, Poland] [date=20160303] [country=Poland]
48	Decewicz_Dziewit_Oswiecim_Aseq1.20160303 [name=Decewicz Dziewit Primer A Oswiecim 20160303] [latitude=50.038062] [longitude=19.321854] [address=Municipal and Industrial Wastewater Treatment Plant, Nadwislanska 46, 32642 Oswiecim, Poland] [date=20160303] [country=Poland]
49	Decewicz_Dziewit_Oswiecim_Aseq2.20160303 [name=Decewicz Dziewit Primer A Oswiecim 20160303] [latitude=50.038062] [longitude=19.321854] [address=Municipal and Industrial Wastewater Treatment Plant, Nadwislanska 46, 32642 Oswiecim, Poland] [date=20160303] [country=Poland]
50	Decewicz_Dziewit_Oswiecim_Aseq3.20160303 [name=Decewicz Dziewit Primer A Oswiecim 20160303] [latitude=50.038062] [longitude=19.321854] [address=Municipal and Industrial Wastewater Treatment Plant, Nadwislanska 46, 32642 Oswiecim, Poland] [date=20160303] [country=Poland]
51	Decewicz_Dziewit_Oswiecim_Aseq4.20160303 [name=Decewicz Dziewit Primer A Oswiecim 20160303] [latitude=50.038062] [longitude=19.321854] [address=Municipal and Industrial Wastewater Treatment Plant, Nadwislanska 46, 32642 Oswiecim, Poland] [date=20160303] [country=Poland]
52	Decewicz_Dziewit_Oswiecim_Aseq5.20160303 [name=Decewicz Dziewit Primer A Oswiecim 20160303] [latitude=50.038062] [longitude=19.321854] [address=Municipal and Industrial Wastewater Treatment Plant, Nadwislanska 46, 32642 Oswiecim, Poland] [date=20160303] [country=Poland]
53	Decewicz_Dziewit_Warsaw_Aseq1.20160303 [name=Decewicz Dziewit Primer A Warsaw 20160126] [latitude=52.351351] [longitude=20.959269] [address=Municipal Wastewater Treatment Plant Czajka, Czajki 4/6, Warsaw, 03054 Warsaw, Poland] [date=20160126] [country=Poland]
54	Decewicz_Dziewit_Warsaw_Aseq2.20160303 [name=Decewicz Dziewit Primer A Warsaw 20160126] [latitude=52.351351] [longitude=20.959269] [address=Municipal Wastewater Treatment Plant Czajka, Czajki 4/6, Warsaw, 03054 Warsaw, Poland] [date=20160126] [country=Poland]
55	Decewicz_Dziewit_Warsaw_Aseq3.20160303 [name=Decewicz Dziewit Primer A Warsaw 20160126] [latitude=52.351351] [longitude=20.959269] [address=Municipal Wastewater Treatment Plant Czajka, Czajki 4/6, Warsaw, 03054 Warsaw, Poland] [date=20160126] [country=Poland]
56	Decewicz_Dziewit_Warsaw_Aseq4.20160303 [name=Decewicz Dziewit Primer A Warsaw 20160126] [latitude=52.351351] [longitude=20.959269] [address=Municipal Wastewater Treatment Plant Czajka, Czajki 4/6, Warsaw, 03054 Warsaw, Poland] [date=20160126] [country=Poland]
57	Decewicz_Dziewit_Warsaw_Aseq5.20160303 [name=Decewicz Dziewit Primer A Warsaw 20160126] [latitude=52.351351] [longitude=20.959269] [address=Municipal Wastewater Treatment Plant Czajka, Czajki 4/6, Warsaw, 03054 Warsaw, Poland] [date=20160126] [country=Poland]
58	Decewicz_Dziewit_Wyszkow_Aseq1.20160303 [name=Decewicz Dziewit Primer A Wyszkow 20160303] [latitude=52.577948] [longitude=21.429024] [address=Municipal Wastewater Treatment Plant, Rybienko Stare, 07200 Wyszkow, Poland] [date=20160303] [country=Poland]
59	Decewicz_Dziewit_Wyszkow_Aseq2.20160303 [name=Decewicz Dziewit Primer A Wyszkow 20160303] [latitude=52.577948] [longitude=21.429024] [address=Municipal Wastewater Treatment Plant, Rybienko Stare, 07200 Wyszkow, Poland] [date=20160303] [country=Poland]
60	Decewicz_Dziewit_Wyszkow_Aseq3.20160303 [name=Decewicz Dziewit Primer A Wyszkow 20160303] [latitude=52.577948] [longitude=21.429024] [address=Municipal Wastewater Treatment Plant, Rybienko Stare, 07200 Wyszkow, Poland] [date=20160303] [country=Poland]
61	Decewicz_Dziewit_Wyszkow_Aseq4.20160303 [name=Decewicz Dziewit Primer A Wyszkow 20160303] [latitude=52.577948] [longitude=21.429024] [address=Municipal Wastewater Treatment Plant, Rybienko Stare, 07200 Wyszkow, Poland] [date=20160303] [country=Poland]
62	Decewicz_Dziewit_Wyszkow_Aseq5.20160303 [name=Decewicz Dziewit Primer A Wyszkow 20160303] [latitude=52.577948] [longitude=21.429024] [address=Municipal Wastewater Treatment Plant, Rybienko Stare, 07200 Wyszkow, Poland] [date=20160303] [country=Poland]
63	DiazMunoz_Davis1_A [name=DiazMunoz_Davis1_A] [date=20160421] [latitude=38.590894] [longitude=121.666779] [altitude=8.659m] [country=USA]
64	DiazMunoz_Davis3_A [name=DiazMunoz_Davis3_A] [date=20160421] [latitude=38.590894] [longitude=121.666779] [altitude=8.659m] [country=USA]
65	DiazMunoz_NYC_A [name=DiazMunoz_NYC_A] [date=20141214] [latitude=40.7128] [longitude=74.0059] [altitude=10.453m] [country=USA]
66	Edwards_A.20151002.S1 [name=Edwards Primer A Site 1 20151002] [latitude=33.105788] [longitude=-117.114064] [address=Water Quality Testing, 1521 S. Hale Avenue Escondido, CA 92029, USA] [date=20151002] [country=USA]
67	Edwards_A.20151002.S2 [name=Edwards Primer A Site 2 20151002] [latitude=33.016467] [longitude=-117.273686] [address=San Elijo Joint Powers Authority, 2695 Manchester Avenue, Cardiff by the Sea, California 920077077]  [date=20151002] [country=USA]
68	Edwards_A.20151002.S3 [name=Edwards Primer A Site 3 20151002] [latitude=33.116202] [longitude=-117.321597] [address=Encina Wastewater Authority, 6200 Avenida Encinas, Carlsbad, CA 92011] [date=20151002] [country=USA]
69	Edwards_A.20151002.S4 [name=Edwards Primer A Site 4 20151002] [latitude=33.144526] [longitude=-117.178849] [address=Vallecitos Water District, 201 Vallecitos De Oro, San Marcos, CA 92069] [date=20151002] [country=USA]
70	Edwards_A.20151209.S1 [name=Edwards Primer A Site 1 20151209] [latitude=33.105788] [longitude=-117.114064] [address=Water Quality Testing, 1521 S. Hale Avenue Escondido, CA 92029, USA] [date=20151209] [country=USA] 
71	Edwards_A.20151209.S2 [name=Edwards Primer A Site 2 20151209] [latitude=33.016467] [longitude=-117.273686] [address=San Elijo Joint Powers Authority, 2695 Manchester Avenue, Cardiff by the Sea, California 920077077]  [date=20151209] [country=USA] 
72	Edwards_A.20151209.S3 [name=Edwards Primer A Site 3 20151209] [latitude=33.116202] [longitude=-117.321597] [address=Encina Wastewater Authority, 6200 Avenida Encinas, Carlsbad, CA 92011] [date=20151209] [country=USA] 
73	Edwards_A.20151209.S4 [name=Edwards Primer A Site 4 20151209]  [latitude=33.144526] [longitude=-117.178849] [address=Vallecitos Water District, 201 Vallecitos De Oro, San Marcos, CA 92069] [date=20151209] [country=USA]
74	Fineran_Dunedin_ [name=Fineran Primer B] [latitude=45.9062333] [longitude=170.4858516] [address=10 Tahuna Rd, Otago 9013, New Zealand]  [date=20160317] [country=New Zealand]
75	Fineran_Greymouth_A [name=Fineran Primer B] [latitude=42.4921908] [longitude=171.1071795] [address=105 Tainui St, Greymouth 7805, New Zealand]  [date=20160317] [country=New Zealand]
76	Nigro_A.20161212.SandIsland [name=Hawaii A Sand Island Waste Water Treatment Plant Dec 12 2016] [latitude=21.307735] [longitude=-157.8824584] [address=1350 Sand Island Parkway # 3A, Honolulu, HI 96819] [date=20161212] [country=USA]
77	Nigro_A.20161212.Waianae [name=Hawaii A Waianae Waste Water Treatment Plant Dec 12 2016] [latitude=21.4467837] [longitude=-158.1928871] [address=Waianae, HI 96792] [date=20161212] [country=USA]
78	Lavigne.PrimerA.20160126 [name=Lavigne Primer A 20160126] [latitude=50.9598476] [longitude=4.6350655] [date=20160126] [country=Belgium]
79	Muniesa_E1_Gav_primerA.201510 [name=Muniesa E1 Gava primer A Raw Sewage] [date=20151001] [latitude=41.3037013] [longitude=1.9858569] [source=Raw sewage] [country=Spain]
80	Muniesa_E2_Gav_primerA.201510 [name=Muniesa E2 Gava primer A Raw Sewage] [date=20151001] [latitude=41.3037013] [longitude=1.9858569] [source=Raw sewage] [country=Spain]
81	Muniesa_1.1_Gav_primerA.201510 [name=Muniesa 1.1 Gava primer A Primary Treatment] [date=20151001] [latitude=41.3037013] [longitude=1.9858569] [source=Primary Treatment] [country=Spain]
82	Muniesa_E4_Gav_primerA.201311 [name=Muniesa E4 Gava primer A Raw Sewage] [date=20131101] [latitude=41.3037013] [longitude=1.9858569] [source=Raw Sewage] [country=Spain]
83	Muniesa_E7_Gav_primerA.201401 [name=Muniesa E7 Gava primer A Raw Sewage] [date=20140101] [latitude=41.3037013] [longitude=1.9858569] [source=Raw Sewage] [country=Spain]
84	Muniesa_E8_ElPratdeLlobregat_primerA.201401 [name=Muniesa E8 El Prat de Llobregat primer A Raw Sewage] [date=20140101] [latitude=41.3224312] [longitude=2.0828713] [source=Raw Sewage] [country=Spain]
85	Muniesa_E13_Gav_primerA.201405 [name=Muniesa E13 Gava primer A Raw Sewage] [date=20140501] [latitude=41.3037013] [longitude=1.9858569] [source=Raw Sewage] [country=Spain]
86	Muniesa_E14_ElPratdeLlobregat_primerA.201401 [name=Muniesa E14 El Prat de Llobregat primer A Raw Sewage] [date=20140501] [latitude=41.3224312] [longitude=2.0828713] [source=Raw Sewage] [country=Spain]
87	Muniesa_E23_Gav_primerA.201406 [name=Muniesa E23 Gava primer A Raw Sewage] [date=20140601] [latitude=41.3037013] [longitude=1.9858569] [source=Raw Sewage] [country=Spain]
88	Muniesa_E32_Girona_primerA.201505 [name=Muniesa E32 Girona primer A Raw Sewage] [date=20150501] [latitude=41.3942867] [longitude=2.1701905] [source=Raw Sewage] [country=Spain]
89	Qimron_Jericho_A_20151202 [name=Qimron lab primer A 20151202] [date=20151202] [latitude=31.85] [longitude=35.45] [note=Collected in Jericho] [country=Israel]
90	Qimron_Qalqilyah_A_20151202 [name=Qimron lab primer A 20151202] [date=20151202] [latitude=32.18] [longitude=34.97] [note=Collected in Qalqilyah] [country=Israel]
91	Qimron_Ramallah_A_20151202 [name=Qimron lab primer A 20151202] [date=20151202] [latitude=31.9] [longitude=35.19] [note=Collected in Ramallah] [country=Israel]
92	Qimron_Salfit_A_20151202 [name=Qimron lab primer A 20151202] [date=20151202] [latitude=32.08] [longitude=35.18] [note=Collected in Salfit] [country=Israel]
93	Tyakht_Spb_73_13P_A [name=Tyakht Spb_73_13P_A primer A] [date=20160301] [latitude=59.57] [longitude=30.18] [address=Saint-Petersburg, Russia] [country=Russia]
94	Tyakht_Spb_74_14P_A [name=Tyakht Spb_74_14P_A primer A] [date=20160301] [latitude=59.57] [longitude=30.18] [address=Saint-Petersburg, Russia] [country=Russia]
95	Tyakht_Spb_105_45P_A [name=Tyakht Spb_105_45P_A primer A] [date=20160301] [latitude=59.57] [longitude=30.18] [address=Saint-Petersburg, Russia] [country=Russia]
96	Tyakht_Nov_282_A [name=Tyakht Nov_282_A primer A] [date=20160301] [latitude=55.03] [longitude=82.57] [address=Novosibirsk, Russia] [country=Russia]
97	Tyakht_Nov_287_A [name=Tyakht Nov_287_A primer A] [date=20160301] [latitude=55.03] [longitude=82.57] [address=Novosibirsk, Russia] [country=Russia]
98	Tyakht_OM_178_A [name=Tyakht OM_178_A primer A] [date=20160301] [latitude=54.3933] [longitude=72.4255] [address=Omsk, Russia] [country=Russia]
99	Santos_A10.20160225 [name=Santos Primer A10] [latitude=38.7348396] [longitude=9.1863262] [address=Instituto Superior Tecnico, Laboratorio de Analises, Av. Rovisco Pais, 1049001 Lisboa] [date=20160225] [country=Portugal] 
100	Santos_A1.20160225 [name=Santos Primer A1] [latitude=38.7348396] [longitude=9.1863262] [address=Instituto Superior Tecnico, Laboratorio de Analises, Av. Rovisco Pais, 1049001 Lisboa] [date=20160225] [country=Portugal]
101	Santos_A2.20160225 [name=Santos Primer A2] [latitude=38.7348396] [longitude=9.1863262] [address=Instituto Superior Tecnico, Laboratorio de Analises, Av. Rovisco Pais, 1049001 Lisboa] [date=20160225] [country=Portugal]
102	Santos_A9.20160225 [name=Santos Primer A9] [latitude=38.7348396] [longitude=9.1863262] [address=Instituto Superior Tecnico, Laboratorio de Analises, Av. Rovisco Pais, 1049001 Lisboa] [date=20160225] [country=Portugal]
103	Strain_primerA.20151215 [name=Strain APC Microbiome Institute primer A 20151215] [date=20151215] [latitude=51.8925] [longitude=8.4964] [note=coordinates are APC location] [country=Ireland]
104	Wagemans_A.20160412 [name=Jeroen Wagemans Primer A] [latitude=50.884089] [longitude=4.6353904] [address=Oude Markt 13, 3000 Leuven, Belgium]  [date=20160412] [country=Belgium]
105	Zambrano_A.20160412.1 [name=Maria Zambrano Primer A 20160412] [latitude=4.6500014] [longitude=74.0589398] [address=CorpoGen, Cra. 5 #66A34, Bogota, Colombia ] [date=20160412] [country=Colombia]  
106	Zambrano_A.20160412.s2 [name=Maria Zambrano Primer A 20160412] [latitude=4.6500014] [longitude=74.0589398] [address=CorpoGen, Cra. 5 #66A34, Bogota, Colombia ] [date=20160412] [country=Colombia]
107	Mazankova_primerA_221.20170421 [name=Mazankova primer A sample 221 20170421] [date=20170421] [latitude=31.9454] [longitude=35.9284] [sample_number=221] [country=Jordan]
108	Mazankova_primerA_244.20170421 [name=Mazankova primer A sample 244 20170421] [date=20170421] [latitude=31.9454] [longitude=35.9284] [sample_number=244] [country=Jordan]
109	Mazankova_primerA_285.20170421 [name=Mazankova primer A sample 285 20170421] [date=20170421] [sample_date=20160201] [latitude=15.5007] [longitude=32.5599] [sample_number=285] [country=Sudan]
110	Mazankova_primerA_335.20170421 [name=Mazankova primer A sample 335 20170421] [date=20170421] [latitude=40.4093] [longitude=49.8671] [sample_number=335] [country=Azerbaijan]
111	Mazankova_primerA_236.20170421 [name=Mazankova primer A sample 236 20170421] [date=20170421] [latitude=31.9454] [longitude=35.9284] [sample_number=236] [country=Jordan]
112	Mazankova_primerA_267.20170421 [name=Mazankova primer A sample 267 20170421] [date=20170421] [sample_date=20160302] [latitude=15.5007] [longitude=32.5599] [sample_number=267] [country=Sudan]
113	Mazankova_primerA_195.20170421 [name=Mazankova primer A sample 195 20170421] [date=20170421] [latitude=9.0765] [longitude=7.3986] [sample_number=195] [country=Nigeria]
114	Mazankova_primerA_321.20170421 [name=Mazankova primer A sample 321 20170421] [date=20170421] [latitude=40.4093] [longitude=49.8671] [sample_number=321] [country=Azerbaijan]
115	Mazankova_primerA_260.20170421 [name=Mazankova primer A sample 260 20170421] [date=20170421] [sample_date=20160303] [latitude=15.5007] [longitude=32.5599] [sample_number=260] [country=Sudan]
116	Mazankova_primerA_363.20170421 [name=Mazankova primer A sample 363 20170421] [date=20170421] [latitude=40.4093] [longitude=49.8671] [sample_number=363] [country=Azerbaijan]
117	Mazankova_primerA_292.20170421 [name=Mazankova primer A sample 292 20170421] [date=20170421] [sample_date=20160208] [latitude=15.5007] [longitude=32.5599] [sample_number=292] [country=Sudan]
118	Mazankova_primerA_353.20170421 [name=Mazankova primer A sample 353 20170421] [date=20170421] [latitude=40.4093] [longitude=49.8671] [sample_number=353] [country=Azerbaijan]
119	Mazankova_primerA_200.20170421 [name=Mazankova primer A sample 200 20170421] [date=20170421] [latitude=9.0765] [longitude=7.3986] [sample_number=200] [country=Nigeria]
120	Mazankova_primerA_288.20170421 [name=Mazankova primer A sample 288 20170421] [date=20170421] [sample_date=20160304] [latitude=15.5007] [longitude=32.5599] [sample_number=288] [country=Sudan]
121	Mazankova_primerA_274.20170421 [name=Mazankova primer A sample 274 20170421] [date=20170421] [sample_date=20160309] [latitude=15.5007] [longitude=32.5599] [sample_number=274] [country=Sudan]
122	Mazankova_primerA_237.20170421 [name=Mazankova primer A sample 237 20170421] [date=20170421] [latitude=31.9454] [longitude=35.9284] [sample_number=237] [country=Jordan]
123	Mazankova_primerA_354.20170421 [name=Mazankova primer A sample 354 20170421] [date=20170421] [latitude=40.4093] [longitude=49.8671] [sample_number=354] [country=Azerbaijan]
124	Mazankova_primerA_217.20170421 [name=Mazankova primer A sample 217 20170421] [date=20170421] [latitude=31.9454] [longitude=35.9284] [sample_number=217] [country=Jordan]
125	Mazankova_primerA_351.20170421 [name=Mazankova primer A sample 351 20170421] [date=20170421] [latitude=40.4093] [longitude=49.8671] [sample_number=351] [country=Azerbaijan]
126	Mazankova_primerA_232.20170421 [name=Mazankova primer A sample 232 20170421] [date=20170421] [latitude=31.9454] [longitude=35.9284] [sample_number=232] [country=Jordan]
127	Mazankova_primerA_256.20170421 [name=Mazankova primer A sample 256 20170421] [date=20170421] [sample_date=20160311] [latitude=15.5007] [longitude=32.5599] [sample_number=256] [country=Sudan]
128	Mazankova_primerA_252.20170421 [name=Mazankova primer A sample 252 20170421] [date=20170421] [sample_date=20160303] [latitude=15.5007] [longitude=32.5599] [sample_number=252] [country=Sudan]
129	Mazankova_primerA_337.20170421 [name=Mazankova primer A sample 337 20170421] [date=20170421] [latitude=40.4093] [longitude=49.8671] [sample_number=337] [country=Azerbaijan]
130	Mazankova_primerA_223.20170421 [name=Mazankova primer A sample 223 20170421] [date=20170421] [latitude=31.9454] [longitude=35.9284] [sample_number=223] [country=Jordan]
131	Mazankova_primerA_326.20170421 [name=Mazankova primer A sample 326 20170421] [date=20170421] [latitude=40.4093] [longitude=49.8671] [sample_number=326] [country=Azerbaijan]
132	Mazankova_primerA_249.20170421 [name=Mazankova primer A sample 249 20170421] [date=20170421] [sample_date=20160203] [latitude=15.5007] [longitude=32.5599] [sample_number=249] [country=Sudan]
133	Mazankova_primerA_300.20170421 [name=Mazankova primer A sample 300 20170421] [date=20170421] [sample_date=20160210] [latitude=15.5007] [longitude=32.5599] [sample_number=300] [country=Sudan]
134	Mazankova_primerA_348.20170421 [name=Mazankova primer A sample 348 20170421] [date=20170421] [latitude=40.4093] [longitude=49.8671] [sample_number=348] [country=Azerbaijan]
135	Mazankova_primerA_240.20170421 [name=Mazankova primer A sample 240 20170421] [date=20170421] [latitude=31.9454] [longitude=35.9284] [sample_number=240] [country=Jordan]
136	Mazankova_primerA_291.20170421 [name=Mazankova primer A sample 291 20170421] [date=20170421] [sample_date=20160204] [latitude=15.5007] [longitude=32.5599] [sample_number=291] [country=Sudan]
137	Mazankova_primerA_222.20170421 [name=Mazankova primer A sample 222 20170421] [date=20170421] [latitude=31.9454] [longitude=35.9284] [sample_number=222] [country=Jordan]
138	Mazankova_primerA_215.20170421 [name=Mazankova primer A sample 215 20170421] [date=20170421] [latitude=31.9454] [longitude=35.9284] [sample_number=215] [country=Jordan]
139	Mazankova_primerA_344.20170421 [name=Mazankova primer A sample 344 20170421] [date=20170421] [latitude=40.4093] [longitude=49.8671] [sample_number=344] [country=Azerbaijan]
140	Mazankova_primerA_362.20170421 [name=Mazankova primer A sample 362 20170421] [date=20170421] [latitude=40.4093] [longitude=49.8671] [sample_number=362] [country=Azerbaijan]
141	Mazankova_primerA_296.20170421 [name=Mazankova primer A sample 296 20170421] [date=20170421] [sample_date=20160305] [latitude=15.5007] [longitude=32.5599] [sample_number=296] [country=Sudan]
142	crAssphage_A [name=crAssphage Primer A] [latitude=0.0] [longitude=0.0] [date=20140724] [country=crAssphage A]
