0	Brouns_A.20151106 [name=Brouns lab primer A 20151106] [date=20151106] [latitude=52.180646] [longitude=5.9478529] [altitude=36m] [country=The Netherlands]
1	Cinek_bin08_primerA.20151120 [name=Cinek lab sample bin08 primer A 20151120] [date=20151120] [latitude=61.505] [longitude=23.815] [note=coordinates are hospital location] [country=Finland]
2	Cinek_bin11_primerA.20151120 [name=Cinek lab sample bin11 primer A 20151120] [date=20151120] [latitude=61.505] [longitude=23.815] [note=coordinates are hospital location] [country=Finland]
3	Cinek_bin12_primerA.20151120 [name=Cinek lab sample bin12 primer A 20151120] [date=20151120] [latitude=61.505] [longitude=23.815] [note=coordinates are hospital location] [country=Finland]
4	Cinek_bin13_primerA.20151120 [name=Cinek lab sample bin13 primer A 20151120] [date=20151120] [latitude=61.505] [longitude=23.815] [note=coordinates are hospital location] [country=Finland]
5	Cinek_bin14_primerA.20151120 [name=Cinek lab sample bin14 primer A 20151120] [date=20151120] [latitude=61.505] [longitude=23.815] [note=coordinates are hospital location] [country=Finland]
6	Cinek_bin15_primerA.20151120 [name=Cinek lab sample bin15 primer A 20151120] [date=20151120] [latitude=61.505] [longitude=23.815] [note=coordinates are hospital location] [country=Finland]
7	Cinek_bin16_primerA.20151120 [name=Cinek lab sample bin16 primer A 20151120] [date=20151120] [latitude=61.505] [longitude=23.815] [note=coordinates are hospital location] [country=Finland]
8	Cinek_bin55_primerA.20151120 [name=Cinek lab sample bin55 primer A 20151120] [date=20151120] [latitude=61.505] [longitude=23.815] [note=coordinates are hospital location] [country=Finland]
9	Cinek_bin56_primerA.20151120 [name=Cinek lab sample bin56 primer A 20151120] [date=20151120] [latitude=61.505] [longitude=23.815] [note=coordinates are hospital location] [country=Finland]
10	Cinek_bin71_primerA.20151120 [name=Cinek lab sample bin71 primer A 20151120] [date=20151120] [latitude=61.505] [longitude=23.815] [note=coordinates are hospital location] [country=Finland]
11	Cinek_bin79_primerA.20151120 [name=Cinek lab sample bin79 primer A 20151120] [date=20151120] [latitude=61.505] [longitude=23.815] [note=coordinates are hospital location] [country=Finland]
12	Edwards_A.20151002.S1 [name=Edwards Primer A Site 1 20151002] [latitude=33.105788] [longitude=-117.114064] [address=Water Quality Testing, 1521 S. Hale Avenue Escondido, CA 92029, USA] [date=20151002] [country=USA]
13	Edwards_A.20151002.S2 [name=Edwards Primer A Site 2 20151002] [latitude=33.016467] [longitude=-117.273686] [address=San Elijo Joint Powers Authority, 2695 Manchester Avenue, Cardiff by the Sea, California 92007-7077]  [date=20151002] [country=USA]
14	Edwards_A.20151002.S3 [name=Edwards Primer A Site 3 20151002] [latitude=33.116202] [longitude=-117.321597] [address=Encina Wastewater Authority, 6200 Avenida Encinas, Carlsbad, CA 92011] [date=20151002] [country=USA]
15	Edwards_A.20151002.S4 [name=Edwards Primer A Site 4 20151002] [latitude=33.144526] [longitude=-117.178849[ [address=Vallecitos Water District, 201 Vallecitos De Oro, San Marcos, CA 92069] [date=20151002] [country=USA]
16	Edwards_A.20151209.S1 [name=Edwards Primer A Site 1 20151209] [latitude=33.105788] [longitude=-117.114064] [address=Water Quality Testing, 1521 S. Hale Avenue Escondido, CA 92029, USA] [date=20151209] [country=USA] 
17	Edwards_A.20151209.S2 [name=Edwards Primer A Site 2 20151209] [latitude=33.016467] [longitude=-117.273686] [address=San Elijo Joint Powers Authority, 2695 Manchester Avenue, Cardiff by the Sea, California 92007-7077]  [date=20151209] [country=USA] 
18	Edwards_A.20151209.S3 [name=Edwards Primer A Site 3 20151209] [latitude=33.116202] [longitude=-117.321597] [address=Encina Wastewater Authority, 6200 Avenida Encinas, Carlsbad, CA 92011] [date=20151209] [country=USA] 
19	Edwards_A.20151209.S4 [name=Edwards Primer A Site 4 20151209]  [latitude=33.144526] [longitude=-117.178849[ [address=Vallecitos Water District, 201 Vallecitos De Oro, San Marcos, CA 92069] [date=20151209] [country=USA]
20	Qimron_Jericho_A_20151202 [name=Qimron lab primer A 20151202] [latitude=31.85] [longitude=35.45] [note=Collected in Jericho] [country=Israel]
21	Qimron_Qalqilyah_A_20151202 [name=Qimron lab primer A 20151202] [latitude=32.18] [longitude=34.97] [note=Collected in Qalqilyah] [country=Israel]
22	Qimron_Ramallah_A_20151202 [name=Qimron lab primer A 20151202] [latitude=31.9] [longitude=35.19] [note=Collected in Ramallah] [country=Israel]
23	Qimron_Salfit_A_20151202 [name=Qimron lab primer A 20151202] [latitude=32.08] [longitude=35.18] [note=Collected in Salfit] [country=Israel]
24	Strain_primerA.20151215 [name=Strain APC Microbiome Institute primer A 20151215] [date=20151215] [latitude=51.8925] [longitude=-8.4964] [note=coordinates are APC location] [country=Ireland]
25	crAssphage_A [name=crAssphage Primer A] [latitude=0.0] [longitude=0.0] [date=20140724] [country=crAssphage A]
