Pakenham|20161213|Australia|1	Barr_1B_20161213 [name=Barr Monash Sample1 PrimerB 20161213] [date=20161213] [latlon=-38.1122141,145.4864454] [primer=B] [latitude=-38.1122141] [longitude=145.4864454] [sample_number=1] [location=Pakenham WWTP, Victoria, Australia] [type=WWTP] [country=Australia] [locality=Pakenham]
Southbank|20170824|Australia|1	Barr_4B_20170824 [name=Barr Monash Sample4 PrimerB 20170824] [date=20170824] [latlon=-37.8274851,144.9527136] [primer=B] [latitude=-37.8274851] [longitude=144.9527136] [sample_number=4] [location=Melbourne, Victoria, Australia] [type=WWTP] [country=Australia] [locality=Southbank]
North_Fremantle|20170816|Australia|1	Barr_5B_20170816 [name=Barr Monash Sample5 PrimerB 20170816] [date=20170816] [latlon=-32.0397544,115.6806686] [primer=B] [latitude=-32.0397544] [longitude=115.6806686] [sample_number=5] [location=WWTP, Western Australia, Australia] [type=WWTP] [country=Australia] [locality=North Fremantle]
Mascot|20170816|Australia|1	Barr_6B_20170816 [name=Barr Monash Sample6 PrimerB 20170816] [date=20170816] [latlon=-33.9399228,151.1730824] [primer=B] [latitude=-33.9399228] [longitude=151.1730824] [sample_number=6] [location=New South Wales, Australia] [type=Raw Sewage] [country=Australia] [locality=Mascot]
Pinkenba|20170822|Australia|1	Barr_8B_20170822 [name=Barr Monash Sample8 PrimerB 20170822] [date=20170822] [latlon=-27.3755791,153.1491078] [primer=B] [latitude=-27.3755791] [longitude=153.1491078] [sample_number=8] [location=Luggage Point WWTP, Queensland, Australia] [type=WWTP] [country=Australia] [locality=Pinkenba]
Mount_Pulaski|20170313|USA|1	BibbyS1_20170313_PrimerB [name=BibbyS1_20170313] [date=20170313] [primer=B] [latlon=40.013333,-89.306667] [latitude=40.013333] [longitude=-89.306667] [locality=Mount Pulaski] [country=USA] [note=This location is approximate. The acutal sample site is unknown, but is in Illinois. The location is the geographic center of Illinois]
Laguna_Niguel|20170403|USA|1	BibbyS3_20170403_PrimerB [name=BibbyS3_20170403] [date=20170403] [primer=B] [latlon=33.5408776,-117.7063134] [latitude=33.5408776] [longitude=-117.7063134] [locality=Laguna Niguel] [country=USA] [address=Regional Treatment Plant, 29201 La Paz Rd, Laguna Niguel, CA 92629]
Aliso_Viejo|20170403|USA|1	BibbyS4_20170403_PrimerB [name=BibbyS4_20170403] [date=20170403] [primer=B] [latlon=33.552967,-117.7218447] [latitude=33.552967] [longitude=-117.7218447] [locality=Aliso Viejo] [country=USA] [address=Coastal Treatment Plant, 28303 Alicia Pkwy, Laguna Niguel, CA 92677]
Dana_Point|20170403|USA|1	BibbyS5_20170403_PrimerB [name=BibbyS5_20170403] [date=20170403] [primer=B] [latlon=33.4669069,-117.6872511] [latitude=33.4669069] [longitude=-117.6872511] [locality=Dana Point] [country=USA] [address=J. B. Latham Plant, 34156 Del Obispo, Dana Pt., CA 92629]
Apeldoorn|20151106|The_Netherlands|1	Brouns_B.20151106 [name=Brouns lab primer B 20151106] [date=20151106] [primer=B] [latlon=52.180646,5.9478529] [latitude=52.180646] [longitude=5.9478529] [altitude=36m] [country=The_Netherlands] [address=Albert Schweitzerlaan 31, 7334 DZ Apeldoorn, The_Netherlands] [locality=Apeldoorn] [contact=Stan Brouns] [university=Delft University of Technology]
Amman|20170421|Jordan|1	Cinek_221B_20170421 [name=Cinek primer B sample 221 20170421] [primer=B] [date=20170421] [latlon=31.9454,35.9284] [latitude=31.9454] [longitude=35.9284] [sample_number=221] [country=Jordan] [locality=Amman] [contact=Ondrej Cinek] [university=Univerzita Karlova]
Amman|20170421|Jordan|2	Cinek_223B_20170421 [name=Cinek primer B sample 223 20170421] [primer=B] [date=20170421] [latlon=31.9454,35.9284] [latitude=31.9454] [longitude=35.9284] [sample_number=223] [country=Jordan] [locality=Amman] [contact=Ondrej Cinek] [university=Univerzita Karlova]
Khartoum|20160203|Sudan|1	Cinek_249B_20170421 [name=Cinek primer B sample 249 20170421] [primer=B] [date=20170421] [sample_date=20160203] [latlon=15.5007,32.5599] [latitude=15.5007] [longitude=32.5599] [sample_number=249] [country=Sudan] [locality=Khartoum] [contact=Ondrej Cinek] [university=Univerzita Karlova]
Khartoum|20160305|Sudan|1	Cinek_296B_20170421 [name=Cinek primer B sample 296 20170421] [primer=B] [date=20170421] [sample_date=20160305] [latlon=15.5007,32.5599] [latitude=15.5007] [longitude=32.5599] [sample_number=296] [country=Sudan] [locality=Khartoum] [contact=Ondrej Cinek] [university=Univerzita Karlova]
Khartoum|20160311|Sudan|1	Cinek_256B_20170421 [name=Cinek primer B sample 256 20170421] [primer=B] [date=20170421] [sample_date=20160311] [latlon=15.5007,32.5599] [latitude=15.5007] [longitude=32.5599] [sample_number=256] [country=Sudan] [locality=Khartoum] [contact=Ondrej Cinek] [university=Univerzita Karlova]
Baki|20170421|Azerbaijan|1	Cinek_335B_20170421 [name=Cinek primer B sample 335 20170421] [primer=B] [date=20170421] [latlon=40.4093,49.8671] [latitude=40.4093] [longitude=49.8671] [sample_number=335] [country=Azerbaijan] [locality=Baki] [contact=Ondrej Cinek] [university=Univerzita Karlova]
Baki|20170421|Azerbaijan|2	Cinek_363B_20170421 [name=Cinek primer B sample 363 20170421] [primer=B] [date=20170421] [latlon=40.4093,49.8671] [latitude=40.4093] [longitude=49.8671] [sample_number=363] [country=Azerbaijan] [locality=Baki] [contact=Ondrej Cinek] [university=Univerzita Karlova]
Khartoum|20160311|Sudan|2	Cinek_290B_20170421 [name=Cinek primer B sample 290 20170421] [primer=B] [date=20170421] [sample_date=20160311] [latlon=15.5007,32.5599] [latitude=15.5007] [longitude=32.5599] [sample_number=290] [country=Sudan] [locality=Khartoum] [contact=Ondrej Cinek] [university=Univerzita Karlova]
Khartoum|20160303|Sudan|1	Cinek_260B_20170421 [name=Cinek primer B sample 260 20170421] [primer=B] [date=20170421] [sample_date=20160303] [latlon=15.5007,32.5599] [latitude=15.5007] [longitude=32.5599] [sample_number=260] [country=Sudan] [locality=Khartoum] [contact=Ondrej Cinek] [university=Univerzita Karlova]
Amman|20170421|Jordan|3	Cinek_217B_20170421 [name=Cinek primer B sample 217 20170421] [primer=B] [date=20170421] [latlon=31.9454,35.9284] [latitude=31.9454] [longitude=35.9284] [sample_number=217] [country=Jordan] [locality=Amman] [contact=Ondrej Cinek] [university=Univerzita Karlova]
Amman|20170421|Jordan|4	Cinek_236B_20170421 [name=Cinek primer B sample 236 20170421] [primer=B] [date=20170421] [latlon=31.9454,35.9284] [latitude=31.9454] [longitude=35.9284] [sample_number=236] [country=Jordan] [locality=Amman] [contact=Ondrej Cinek] [university=Univerzita Karlova]
Amman|20170421|Jordan|5	Cinek_222B_20170421 [name=Cinek primer B sample 222 20170421] [primer=B] [date=20170421] [latlon=31.9454,35.9284] [latitude=31.9454] [longitude=35.9284] [sample_number=222] [country=Jordan] [locality=Amman] [contact=Ondrej Cinek] [university=Univerzita Karlova]
Khartoum|20160210|Sudan|1	Cinek_300B_20170421 [name=Cinek primer B sample 300 20170421] [primer=B] [date=20170421] [sample_date=20160210] [latlon=15.5007,32.5599] [latitude=15.5007] [longitude=32.5599] [sample_number=300] [country=Sudan] [locality=Khartoum] [contact=Ondrej Cinek] [university=Univerzita Karlova]
Khartoum|20160302|Sudan|1	Cinek_267B_20170421 [name=Cinek primer B sample 267 20170421] [primer=B] [date=20170421] [sample_date=20160302] [latlon=15.5007,32.5599] [latitude=15.5007] [longitude=32.5599] [sample_number=267] [country=Sudan] [locality=Khartoum] [contact=Ondrej Cinek] [university=Univerzita Karlova]
Baki|20170421|Azerbaijan|3	Cinek_353B_20170421 [name=Cinek primer B sample 353 20170421] [primer=B] [date=20170421] [latlon=40.4093,49.8671] [latitude=40.4093] [longitude=49.8671] [sample_number=353] [country=Azerbaijan] [locality=Baki] [contact=Ondrej Cinek] [university=Univerzita Karlova]
AlJafr|20070813|Jordan|1	Cinek_215B_20070813 [name=Cinek lab sample 215 B 20070813] [primer=B] [date=20070813] [sex=f] [country=Jordan] [latlon=30.585164,36.238414] [latitude=30.585164] [longitude=36.238414] [note=Assembly of 4 reads: 215_B_intr.ab1 (reversed), 215_B_f.ab1, 215_B_r.ab1 (reversed), 215_B_intf.ab1] [locality=Al-Jafr] [contact=Ondrej Cinek] [university=Univerzita Karlova]
AlJafr|20050402|Jordan|1	Cinek_232B_20050402 [name=Cinek lab sample 232 B 20050402] [primer=B] [date=20050402] [sex=m] [country=Jordan] [latlon=30.585164,36.238414] [latitude=30.585164] [longitude=36.238414] [note=Assembly of 4 reads: 232_B_intr.ab1 (reversed), 232_B_f.ab1, 232_B_r.ab1 (reversed), 232_B_intf.ab1] [locality=Al-Jafr] [contact=Ondrej Cinek] [university=Univerzita Karlova]
Zerdab|19990507|Azerbaijan|1	Cinek_365B_19990507 [name=Cinek lab sample 365 B 19990507] [primer=B] [date=19990507] [sex=m] [country=Azerbaijan] [latlon=40.143105,47.576927] [latitude=40.143105] [longitude=47.576927] [note=Assembly of 2 reads: 365_B_intf.ab1 (reversed), 365_B_intr.ab1] [locality=Zerdab] [contact=Ondrej Cinek] [university=Univerzita Karlova]
Zerdab|20030629|Azerbaijan|1	Cinek_321B_20030629 [name=Cinek lab sample 321 B 20030629] [primer=B] [date=20030629] [sex=f] [country=Azerbaijan] [latlon=40.143105,47.576927] [latitude=40.143105] [longitude=47.576927] [note=Assembly of 4 reads: 321_B_intf.ab1 (reversed), 321_B_r.ab1, 321_B_f.ab1 (reversed), 321_B_intr.ab1] [locality=Zerdab] [contact=Ondrej Cinek] [university=Univerzita Karlova]
North_Kurdufan|00000000|Sudan|1	Cinek_259B_unknown [name=Cinek lab sample 259 B unknown] [primer=B] [date=unknown] [sex=f] [country=Sudan] [latlon=12.862807,30.217636] [latitude=12.862807] [longitude=30.217636] [note=Assembly of 4 reads: 259_B_intf.ab1 (reversed), 259_B_r.ab1, 259_B_f.ab1 (reversed), 259_B_intr.ab1] [locality=North Kurdufan] [contact=Ondrej Cinek] [university=Univerzita Karlova]
Zerdab|20050203|Azerbaijan|1	Cinek_356B_20050203 [name=Cinek lab sample 356 B 20050203] [primer=B] [date=20050203] [sex=f] [country=Azerbaijan] [latlon=40.143105,47.576927] [latitude=40.143105] [longitude=47.576927] [note=Assembly of 4 reads: 356_B_intr.ab1 (reversed), 356_B_f.ab1, 356_B_r.ab1 (reversed), 356_B_intf.ab1] [locality=Zerdab] [contact=Ondrej Cinek] [university=Univerzita Karlova]
Zerdab|20050412|Azerbaijan|1	Cinek_354B_20050412 [name=Cinek lab sample 354 B 20050412] [primer=B] [date=20050412] [sex=f] [country=Azerbaijan] [latlon=40.143105,47.576927] [latitude=40.143105] [longitude=47.576927] [note=Assembly of 3 reads: 354_B_intr.ab1 (reversed), 354_B_f.ab1, 354_B_intf.ab1] [locality=Zerdab] [contact=Ondrej Cinek] [university=Univerzita Karlova]
AlJafr|20020904|Jordan|1	Cinek_240B_20020904 [name=Cinek lab sample 240 B 20020904] [primer=B] [date=20020904] [sex=f] [country=Jordan] [latlon=30.585164,36.238414] [latitude=30.585164] [longitude=36.238414] [note=Assembly of 4 reads: 240_B_intr.ab1 (reversed), 240_B_f.ab1, 240_B_r.ab1 (reversed), 240_B_intf.ab1] [locality=Al-Jafr] [contact=Ondrej Cinek] [university=Univerzita Karlova]
Zerdab|20031229|Azerbaijan|1	Cinek_326B_20031229 [name=Cinek lab sample 326 B 20031229] [primer=B] [date=20031229] [sex=f] [country=Azerbaijan] [latlon=40.143105,47.576927] [latitude=40.143105] [longitude=47.576927] [note=Assembly of 4 reads: 326_B_intf.ab1 (reversed), 326_B_r.ab1, 326_B_f.ab1 (reversed), 326_B_intr.ab1] [locality=Zerdab] [contact=Ondrej Cinek] [university=Univerzita Karlova]
North_Kurdufan|00000000|Sudan|2	Cinek_298B_unknown [name=Cinek lab sample 298 B unknown] [primer=B] [date=unknown] [sex=m] [country=Sudan] [latlon=12.862807,30.217636] [latitude=12.862807] [longitude=30.217636] [note=Assembly of 4 reads: 298_B_intr.ab1 (reversed), 298_B_f.ab1, 298_B_r.ab1 (reversed), 298_B_intf.ab1] [locality=North Kurdufan] [contact=Ondrej Cinek] [university=Univerzita Karlova]
North_Kurdufan|00000000|Sudan|3	Cinek_285B_unknown [name=Cinek lab sample 285 B unknown] [primer=B] [date=unknown] [sex=f] [country=Sudan] [latlon=12.862807,30.217636] [latitude=12.862807] [longitude=30.217636] [note=Assembly of 4 reads: 285_B_intf.ab1 (reversed), 285_B_r.ab1, 285_B_f.ab1 (reversed), 285_B_intr.ab1] [locality=North Kurdufan] [contact=Ondrej Cinek] [university=Univerzita Karlova]
Wamba|20010901|Nigeria|1	Cinek_198B_20010901 [name=Cinek lab sample 198 B 20010901] [primer=B] [date=20010901] [country=Nigeria] [latlon=9.081999,8.675277] [latitude=9.081999] [longitude=8.675277] [note=Assembly of 3 reads: 198_B_intr.ab1 (reversed), 198_B_f.ab1, 198_B_intf.ab1] [locality=Wamba] [contact=Ondrej Cinek] [university=Univerzita Karlova]
Zerdab|20031114|Azerbaijan|1	Cinek_325B_20031114 [name=Cinek lab sample 325 B 20031114] [primer=B] [date=20031114] [sex=f] [country=Azerbaijan] [latlon=40.143105,47.576927] [latitude=40.143105] [longitude=47.576927] [note=Assembly of 3 reads: 325_B_intr.ab1 (reversed), 325_B_f.ab1, 325_B_intf.ab1] [locality=Zerdab] [contact=Ondrej Cinek] [university=Univerzita Karlova]
Zerdab|20060505|Azerbaijan|1	Cinek_351B_20060505 [name=Cinek lab sample 351 B 20060505] [primer=B] [date=20060505] [sex=m] [country=Azerbaijan] [latlon=40.143105,47.576927] [latitude=40.143105] [longitude=47.576927] [note=Assembly of 2 reads: 351_B_intr.ab1 (reversed), 351_B_intf.ab1] [locality=Zerdab] [contact=Ondrej Cinek] [university=Univerzita Karlova]
North_Kurdufan|00000000|Sudan|4	Cinek_291B_unknown [name=Cinek lab sample 291 B unknown] [primer=B] [date=unknown] [country=Sudan] [latlon=12.862807,30.217636] [latitude=12.862807] [longitude=30.217636] [note=Assembly of 3 reads: 291_B_f.ab1, 291_B_r.ab1 (reversed), 291_B_intf.ab1] [locality=North Kurdufan] [contact=Ondrej Cinek] [university=Univerzita Karlova]
Ceske_Budejovice|20151201|Czech_Republic|1	Cinek_primerB_4.20151201 [name=Cinek primer B sample 4 20151201] [primer=B] [date=20151201] [latlon=48.9744694,14.4743417] [latitude=48.9744694] [longitude=14.4743417] [sample_number=466] [location=Usti nad Labem] [type=pre-sewage treatment plant] [country=Czech_Republic] [locality=Ceske Budejovice] [contact=Ondrej Cinek] [university=Univerzita Karlova]
Vysni_Lhoty|20151201|Czech_Republic|1	Cinek_primerB_10.20151201 [name=Cinek primer B sample 10 20151201] [primer=B] [date=20151201] [latlon=49.6358083,18.4569128] [latitude=49.6358083] [longitude=18.4569128] [sample_number=404] [location=Praha] [type=pre-sewage treatment plant] [country=Czech_Republic] [locality=Vysni Lhoty] [contact=Ondrej Cinek] [university=Univerzita Karlova]
Pilsen|20151201|Czech_Republic|1	Cinek_primerB_6.20151201 [name=Cinek primer B sample 6 20151201] [primer=B] [date=20151201] [latlon=49.7477831,13.3783489] [latitude=49.7477831] [longitude=13.3783489] [sample_number=414] [location=Ostrava] [type=pre-sewage treatment plant] [country=Czech_Republic] [locality=Pilsen] [contact=Ondrej Cinek] [university=Univerzita Karlova]
Pilsen|20151201|Czech_Republic|2	Cinek_primerB_13.20151201 [name=Cinek primer B sample 13 20151201] [primer=B] [date=20151201] [latlon=49.7477831,13.3783489] [latitude=49.7477831] [longitude=13.3783489] [sample_number=512] [location=Brno - Modrice] [type=pre-sewage treatment plant] [country=Czech_Republic] [locality=Pilsen] [contact=Ondrej Cinek] [university=Univerzita Karlova]
Usti_nad_Labem|20151201|Czech_Republic|1	Cinek_primerB_3.20151201 [name=Cinek primer B sample 3 20151201] [primer=B] [date=20151201] [latlon=50.6604875,14.0406928] [latitude=50.6604875] [longitude=14.0406928] [sample_number=430] [location=Brno - Zastavka] [type=post-STP, refugee camp] [country=Czech_Republic] [locality=Usti nad Labem] [contact=Ondrej Cinek] [university=Univerzita Karlova]
Zastavka|20151201|Czech_Republic|1	Cinek_primerB_15.20151201 [name=Cinek primer B sample 15 20151201] [primer=B] [date=20151201] [latlon=49.1874756,16.3586742] [latitude=49.1874756] [longitude=16.3586742] [sample_number=306] [location=Ceske Budejovice] [type=pre-sewage treatment plant] [country=Czech_Republic] [locality=Zastavka] [contact=Ondrej Cinek] [university=Univerzita Karlova]
Pilsen|20151201|Czech_Republic|3	Cinek_primerB_1.20151201 [name=Cinek primer B sample 1 20151201] [primer=B] [date=20151201] [latlon=49.7477831,13.3783489] [latitude=49.7477831] [longitude=13.3783489] [sample_number=456] [location=Ceske Budejovice] [type=pre-sewage treatment plant] [country=Czech_Republic] [locality=Pilsen] [contact=Ondrej Cinek] [university=Univerzita Karlova]
Zastavka|20151201|Czech_Republic|2	Cinek_primerB_2.20151201 [name=Cinek primer B sample 2 20151201] [primer=B] [date=20151201] [latlon=49.1879958,16.3630967] [latitude=49.1879958] [longitude=16.3630967] [sample_number=427] [location=Plzen] [type=pre-sewage treatment plant] [country=Czech_Republic] [locality=Zastavka] [contact=Ondrej Cinek] [university=Univerzita Karlova]
Prague|20151201|Czech_Republic|1	Cinek_primerB_9.20151201 [name=Cinek primer B sample 9 20151201] [primer=B] [date=20151201] [latlon=50.0835494,14.4341414] [latitude=50.0835494] [longitude=14.4341414] [sample_number=298] [location=Usti n. Labem] [type=pre-sewage treatment plant] [country=Czech_Republic] [locality=Prague] [contact=Ondrej Cinek] [university=Univerzita Karlova]
Zastavka|20151201|Czech_Republic|3	Cinek_primerB_19.20151201 [name=Cinek primer B sample 19 20151201] [primer=B] [date=20151201] [latlon=49.1874756,16.3586742] [latitude=49.1874756] [longitude=16.3586742] [sample_number=343] [location=Ostrava] [type=pre-sewage treatment plant] [country=Czech_Republic] [locality=Zastavka] [contact=Ondrej Cinek] [university=Univerzita Karlova]
Ceske_Budejovice|20151201|Czech_Republic|2	Cinek_primerB_14.20151201 [name=Cinek primer B sample 14 20151201] [primer=B] [date=20151201] [latlon=48.9744694,14.4743417] [latitude=48.9744694] [longitude=14.4743417] [sample_number=522] [location=Plzen] [type=pre-sewage treatment plant] [country=Czech_Republic] [locality=Ceske Budejovice] [contact=Ondrej Cinek] [university=Univerzita Karlova]
Modfice|20151201|Czech_Republic|1	Cinek_primerB_12.20151201 [name=Cinek primer B sample 12 20151201] [primer=B] [date=20151201] [latlon=49.1278897,16.6144122] [latitude=49.1278897] [longitude=16.6144122] [sample_number=476] [location=Ostrava] [type=pre-sewage treatment plant] [country=Czech_Republic] [locality=Modfice] [contact=Ondrej Cinek] [university=Univerzita Karlova]
Ostrava|20151201|Czech_Republic|1	Cinek_primerB_5.20151201 [name=Cinek primer B sample 5 20151201] [primer=B] [date=20151201] [latlon=49.8346453,18.2820442] [latitude=49.8346453] [longitude=18.2820442] [sample_number=479] [location=Ceske Budejovice] [type=pre-sewage treatment plant] [country=Czech_Republic] [locality=Ostrava] [contact=Ondrej Cinek] [university=Univerzita Karlova]
Prague|20151201|Czech_Republic|2	Cinek_primerB_23.20151201 [name=Cinek primer B sample 23 20151201] [primer=B] [date=20151201] [latlon=50.0751514,14.3406075] [latitude=50.0751514] [longitude=14.3406075] [sample_number=326] [location=Brno - Modrice] [type=pre-sewage treatment plant] [country=Czech_Republic] [locality=Prague] [contact=Ondrej Cinek] [university=Univerzita Karlova]
Usti_nad_Labem|20151201|Czech_Republic|2	Cinek_primerB_17.20151201 [name=Cinek primer B sample 17 20151201] [primer=B] [date=20151201] [latlon=50.6604875,14.0406928] [latitude=50.6604875] [longitude=14.0406928] [sample_number=368] [location=Jezova] [type=post-STP, refugee camp] [country=Czech_Republic] [locality=Usti nad Labem] [contact=Ondrej Cinek] [university=Univerzita Karlova]
Ralsko|20151201|Czech_Republic|1	Cinek_primerB_16.20151201 [name=Cinek primer B sample 16 20151201] [primer=B] [date=20151201] [latlon=50.5583072,14.8217867] [latitude=50.5583072] [longitude=14.8217867] [sample_number=275] [location=Zastavka u Brna] [type=post-STP, refugee camp] [country=Czech_Republic] [locality=Ralsko] [contact=Ondrej Cinek] [university=Univerzita Karlova]
Ostrava|20151201|Czech_Republic|2	Cinek_primerB_18.20151201 [name=Cinek primer B sample 18 20151201] [primer=B] [date=20151201] [latlon=49.8346453,18.2820442] [latitude=49.8346453] [longitude=18.2820442] [sample_number=352] [location=Usti n. Labem] [type=pre-sewage treatment plant] [country=Czech_Republic] [locality=Ostrava] [contact=Ondrej Cinek] [university=Univerzita Karlova]
Oslo|20050630|Norway|1	Oslo_20050630_Norway_1 [name=Cinek.Norway.amplicons.T6376_B] [date=20050630] [primer=B] [latlon=59.9138688,10.7522454] [latitude=59.9138688] [longitude=10.7522454] [locality=Oslo] [country=Norway] [yearmonth=200506] [sample_date=20050630] [method=Sanger]
Oslo|20050702|Norway|1	Oslo_20050702_Norway_1 [name=Cinek.Norway.amplicons.T6384_B_partial] [date=20050702] [primer=B] [latlon=59.9138688,10.7522454] [latitude=59.9138688] [longitude=10.7522454] [locality=Oslo] [country=Norway] [yearmonth=200507] [sample_date=20050702] [method=Sanger]
Oslo|20050926|Norway|1	Oslo_20050926_Norway_1 [name=Cinek.Norway.amplicons.T7664_B] [date=20050926] [primer=B] [latlon=59.9138688,10.7522454] [latitude=59.9138688] [longitude=10.7522454] [locality=Oslo] [country=Norway] [yearmonth=200509] [sample_date=20050926] [method=Sanger]
Oslo|20050926|Norway|2	Oslo_20050926_Norway_2 [name=Cinek.Norway.amplicons.T7667_B] [date=20050926] [primer=B] [latlon=59.9138688,10.7522454] [latitude=59.9138688] [longitude=10.7522454] [locality=Oslo] [country=Norway] [yearmonth=200509] [sample_date=20050926] [method=Sanger]
Oslo|20060129|Norway|1	Oslo_20060129_Norway_1 [name=Cinek.Norway.amplicons.T9676_B] [date=20060129] [primer=B] [latlon=59.9138688,10.7522454] [latitude=59.9138688] [longitude=10.7522454] [locality=Oslo] [country=Norway] [yearmonth=200601] [sample_date=20060129] [method=Sanger]
Oslo|20060129|Norway|2	Oslo_20060129_Norway_2 [name=Cinek.Norway.amplicons.T9681_B] [date=20060129] [primer=B] [latlon=59.9138688,10.7522454] [latitude=59.9138688] [longitude=10.7522454] [locality=Oslo] [country=Norway] [yearmonth=200601] [sample_date=20060129] [method=Sanger]
Oslo|20060201|Norway|1	Oslo_20060201_Norway_1 [name=Cinek.Norway.amplicons.T9713_B] [date=20060201] [primer=B] [latlon=59.9138688,10.7522454] [latitude=59.9138688] [longitude=10.7522454] [locality=Oslo] [country=Norway] [yearmonth=200602] [sample_date=20060201] [method=Sanger]
Oslo|20060131|Norway|1	Oslo_20060131_Norway_1 [name=Cinek.Norway.amplicons.T9717_B] [date=20060131] [primer=B] [latlon=59.9138688,10.7522454] [latitude=59.9138688] [longitude=10.7522454] [locality=Oslo] [country=Norway] [yearmonth=200601] [sample_date=20060131] [method=Sanger]
Oslo|20060201|Norway|2	Oslo_20060201_Norway_2 [name=Cinek.Norway.amplicons.T9743_B] [date=20060201] [primer=B] [latlon=59.9138688,10.7522454] [latitude=59.9138688] [longitude=10.7522454] [locality=Oslo] [country=Norway] [yearmonth=200602] [sample_date=20060201] [method=Sanger]
Oslo|20060206|Norway|1	Oslo_20060206_Norway_1 [name=Cinek.Norway.amplicons.T9785_B] [date=20060206] [primer=B] [latlon=59.9138688,10.7522454] [latitude=59.9138688] [longitude=10.7522454] [locality=Oslo] [country=Norway] [yearmonth=200602] [sample_date=20060206] [method=Sanger]
Oslo|20060501|Norway|1	Oslo_20060501_Norway_1 [name=Cinek.Norway.amplicons.T10995_B] [date=20060501] [primer=B] [latlon=59.9138688,10.7522454] [latitude=59.9138688] [longitude=10.7522454] [locality=Oslo] [country=Norway] [yearmonth=200605] [sample_date=20060501] [method=Sanger]
Oslo|20060504|Norway|1	Oslo_20060504_Norway_1 [name=Cinek.Norway.amplicons.T11039_B] [date=20060504] [primer=B] [latlon=59.9138688,10.7522454] [latitude=59.9138688] [longitude=10.7522454] [locality=Oslo] [country=Norway] [yearmonth=200605] [sample_date=20060504] [method=Sanger]
Oslo|20060505|Norway|1	Oslo_20060505_Norway_1 [name=Cinek.Norway.amplicons.T11066_B] [date=20060505] [primer=B] [latlon=59.9138688,10.7522454] [latitude=59.9138688] [longitude=10.7522454] [locality=Oslo] [country=Norway] [yearmonth=200605] [sample_date=20060505] [method=Sanger]
Oslo|20070729|Norway|1	Oslo_20070729_17467_Norway_5 [name=Cinek.Norway.metagenome.17467.5] [primer=B] [sample=17467] [sample_date=20070729] [bin_id=183] [latlon=59.9138688,10.7522454] [latitude=59.9138688] [longitude=10.7522454] [sex=F] [sample_processing=filtering + pelleting + enzymes] [locality=Oslo] [country=Norway] [yearmonth=200707] [method=metagenome]
Oslo|20070729|Norway|2	Oslo_20070729_17467_Norway_6 [name=Cinek.Norway.metagenome.17467.6] [primer=B] [sample=17467] [sample_date=20070729] [bin_id=183] [latlon=59.9138688,10.7522454] [latitude=59.9138688] [longitude=10.7522454] [sex=F] [sample_processing=filtering + pelleting + enzymes] [locality=Oslo] [country=Norway] [yearmonth=200707] [method=metagenome]
Lodz|20160126|Poland|1	Decewicz_Dziewit_Lodz_Bseq1.20160126 [name=Decewicz Dziewit Primer B Lodz 20160126] [primer=B] [latlon=51.727940,19.347618] [latitude=51.727940] [longitude=19.347618] [address=Group Wastewater Treatment Plant, Sanitariuszek 66, 91-867 Lodz, Poland] [date=20160126] [country=Poland] [locality=Lodz] [contact=Lukasz Dziewit] [university=University of Warsaw]
Oswiecim|20160126|Poland|1	Decewicz_Dziewit_Oswiecim_Bseq1.20160126 [name=Decewicz Dziewit Primer B Oswiecim 20160126] [date=20160126] [primer=B] [latlon=50.038062,19.321854] [latitude=50.038062] [longitude=19.321854] [address=Municipal and Industrial Wastewater Treatment Plant, Nadwislanska 46, 32-642 Oswiecim, Poland] [country=Poland] [locality=Oswiecim] [contact=Lukasz Dziewit] [university=University of Warsaw]
Oswiecim|20160126|Poland|2	Decewicz_Dziewit_Oswiecim_Bseq2.20160126 [name=Decewicz Dziewit Primer B Oswiecim 20160126] [date=20160126] [primer=B] [latlon=50.038062,19.321854] [latitude=50.038062] [longitude=19.321854] [address=Municipal and Industrial Wastewater Treatment Plant, Nadwislanska 46, 32-642 Oswiecim, Poland] [country=Poland] [locality=Oswiecim] [contact=Lukasz Dziewit] [university=University of Warsaw]
Oswiecim|20160126|Poland|3	Decewicz_Dziewit_Oswiecim_Bseq3.20160126 [name=Decewicz Dziewit Primer B Oswiecim 20160126] [date=20160126] [primer=B] [latlon=50.038062,19.321854] [latitude=50.038062] [longitude=19.321854] [address=Municipal and Industrial Wastewater Treatment Plant, Nadwislanska 46, 32-642 Oswiecim, Poland] [country=Poland] [locality=Oswiecim] [contact=Lukasz Dziewit] [university=University of Warsaw]
Oswiecim|20160126|Poland|4	Decewicz_Dziewit_Oswiecim_Bseq4.20160126 [name=Decewicz Dziewit Primer B Oswiecim 20160126] [primer=B] [latlon=50.038062,19.321854] [latitude=50.038062] [longitude=19.321854] [address=Municipal and Industrial Wastewater Treatment Plant, Nadwislanska 46, 32-642 Oswiecim, Poland] [date=20160126] [country=Poland] [locality=Oswiecim] [contact=Lukasz Dziewit] [university=University of Warsaw]
Warszawa|20160126|Poland|1	Decewicz_Dziewit_Warsaw_Bseq1.20160126 [name=Decewicz Dziewit Primer B Warsaw 20160126] [primer=B] [latlon=52.351351,20.959269] [latitude=52.351351] [longitude=20.959269] [address=Municipal Wastewater Treatment Plant Czajka, Czajki 4/6, Warsaw, 03-054 Warsaw, Poland] [date=20160126] [country=Poland] [locality=Warszawa] [contact=Lukasz Dziewit] [university=University of Warsaw]
Rybienko_Stare|20160126|Poland|1	Decewicz_Dziewit_Wyszkow_Bseq1.20160126 [name=Decewicz Dziewit Primer B Wyszkow 20160126] [primer=B] [latlon=52.577948,21.429024] [latitude=52.577948] [longitude=21.429024] [address=Municipal Wastewater Treatment Plant, Rybienko Stare, 07-200 Wyszkow, Poland] [date=20160126] [country=Poland] [locality=Rybienko Stare] [contact=Lukasz Dziewit] [university=University of Warsaw]
Rybienko_Stare|20160126|Poland|2	Decewicz_Dziewit_Wyszkow_Bseq2.20160126 [name=Decewicz Dziewit Primer B Wyszkow 20160126] [primer=B] [latlon=52.577948,21.429024] [latitude=52.577948] [longitude=21.429024] [address=Municipal Wastewater Treatment Plant, Rybienko Stare, 07-200 Wyszkow, Poland] [date=20160126] [country=Poland] [locality=Rybienko Stare] [contact=Lukasz Dziewit] [university=University of Warsaw]
Rybienko_Stare|20160126|Poland|3	Decewicz_Dziewit_Wyszkow_Bseq3.20160126 [name=Decewicz Dziewit Primer B Wyszkow 20160126] [primer=B] [latlon=52.577948,21.429024] [latitude=52.577948] [longitude=21.429024] [address=Municipal Wastewater Treatment Plant, Rybienko Stare, 07-200 Wyszkow, Poland] [date=20160126] [country=Poland] [locality=Rybienko Stare] [contact=Lukasz Dziewit] [university=University of Warsaw]
Rybienko_Stare|20160126|Poland|4	Decewicz_Dziewit_Wyszkow_Bseq4.20160126 [name=Decewicz Dziewit Primer B Wyszkow 20160126] [primer=B] [latlon=52.577948,21.429024] [latitude=52.577948] [longitude=21.429024] [address=Municipal Wastewater Treatment Plant, Rybienko Stare, 07-200 Wyszkow, Poland] [date=20160126] [country=Poland] [locality=Rybienko Stare] [contact=Lukasz Dziewit] [university=University of Warsaw]
Rybienko_Stare|20160126|Poland|5	Decewicz_Dziewit_Wyszkow_Bseq5.20160126 [name=Decewicz Dziewit Primer B Wyszkow 20160126] [primer=B] [latlon=52.577948,21.429024] [latitude=52.577948] [longitude=21.429024] [address=Municipal Wastewater Treatment Plant, Rybienko Stare, 07-200 Wyszkow, Poland] [date=20160126] [country=Poland] [locality=Rybienko Stare] [contact=Lukasz Dziewit] [university=University of Warsaw]
Lodz|20160303|Poland|1	Decewicz_Dziewit_Lodz_Bseq1.20160303 [name=Decewicz Dziewit Primer B Lodz 20160303] [primer=B] [latlon=51.727940,19.347618] [latitude=51.727940] [longitude=19.347618] [address=Group Wastewater Treatment Plant, Sanitariuszek 66, 91-867 Lodz, Poland] [date=20160303] [country=Poland] [locality=Lodz] [contact=Lukasz Dziewit] [university=University of Warsaw]
Lodz|20160303|Poland|2	Decewicz_Dziewit_Lodz_Bseq2.20160303 [name=Decewicz Dziewit Primer B Lodz 20160303] [primer=B] [latlon=51.727940,19.347618] [latitude=51.727940] [longitude=19.347618] [address=Group Wastewater Treatment Plant, Sanitariuszek 66, 91-867 Lodz, Poland] [date=20160303] [country=Poland] [locality=Lodz] [contact=Lukasz Dziewit] [university=University of Warsaw]
Lodz|20160303|Poland|3	Decewicz_Dziewit_Lodz_Bseq3.20160303 [name=Decewicz Dziewit Primer B Lodz 20160303] [primer=B] [latlon=51.727940,19.347618] [latitude=51.727940] [longitude=19.347618] [address=Group Wastewater Treatment Plant, Sanitariuszek 66, 91-867 Lodz, Poland] [date=20160303] [country=Poland] [locality=Lodz] [contact=Lukasz Dziewit] [university=University of Warsaw]
Lodz|20160303|Poland|4	Decewicz_Dziewit_Lodz_Bseq4.20160303 [name=Decewicz Dziewit Primer B Lodz 20160303] [primer=B] [latlon=51.727940,19.347618] [latitude=51.727940] [longitude=19.347618] [address=Group Wastewater Treatment Plant, Sanitariuszek 66, 91-867 Lodz, Poland] [date=20160303] [country=Poland] [locality=Lodz] [contact=Lukasz Dziewit] [university=University of Warsaw]
Lodz|20160303|Poland|5	Decewicz_Dziewit_Lodz_Bseq5.20160303 [name=Decewicz Dziewit Primer B Lodz 20160303] [primer=B] [latlon=51.727940,19.347618] [latitude=51.727940] [longitude=19.347618] [address=Group Wastewater Treatment Plant, Sanitariuszek 66, 91-867 Lodz, Poland] [date=20160303] [country=Poland] [locality=Lodz] [contact=Lukasz Dziewit] [university=University of Warsaw]
Oswiecim|20160303|Poland|1	Decewicz_Dziewit_Oswiecim_Bseq1.20160303 [name=Decewicz Dziewit Primer B Oswiecim 20160303] [primer=B] [latlon=50.038062,19.321854] [latitude=50.038062] [longitude=19.321854] [address=Municipal and Industrial Wastewater Treatment Plant, Nadwislanska 46, 32-642 Oswiecim, Poland] [date=20160303] [country=Poland] [locality=Oswiecim] [contact=Lukasz Dziewit] [university=University of Warsaw]
Oswiecim|20160303|Poland|2	Decewicz_Dziewit_Oswiecim_Bseq2.20160303 [name=Decewicz Dziewit Primer B 20160303] [primer=B] [latlon=50.038062,19.321854] [latitude=50.038062] [longitude=19.321854] [address=Municipal and Industrial Wastewater Treatment Plant, Nadwislanska 46, 32-642 Oswiecim, Poland] [date=20160303] [country=Poland] [locality=Oswiecim] [contact=Lukasz Dziewit] [university=University of Warsaw]
Oswiecim|20160303|Poland|3	Decewicz_Dziewit_Oswiecim_Bseq3.20160303 [name=Decewicz Dziewit Primer B 20160303] [primer=B] [latlon=50.038062,19.321854] [latitude=50.038062] [longitude=19.321854] [address=Municipal and Industrial Wastewater Treatment Plant, Nadwislanska 46, 32-642 Oswiecim, Poland] [date=20160303] [country=Poland] [locality=Oswiecim] [contact=Lukasz Dziewit] [university=University of Warsaw]
Oswiecim|20160303|Poland|4	Decewicz_Dziewit_Oswiecim_Bseq4.20160303 [name=Decewicz Dziewit Primer B 20160303] [primer=B] [latlon=50.038062,19.321854] [latitude=50.038062] [longitude=19.321854] [address=Municipal and Industrial Wastewater Treatment Plant, Nadwislanska 46, 32-642 Oswiecim, Poland] [date=20160303] [country=Poland] [locality=Oswiecim] [contact=Lukasz Dziewit] [university=University of Warsaw]
Oswiecim|20160303|Poland|5	Decewicz_Dziewit_Oswiecim_Bseq5.20160303 [name=Decewicz Dziewit Primer B 20160303] [primer=B] [latlon=50.038062,19.321854] [latitude=50.038062] [longitude=19.321854] [address=Municipal and Industrial Wastewater Treatment Plant, Nadwislanska 46, 32-642 Oswiecim, Poland] [date=20160303] [country=Poland] [locality=Oswiecim] [contact=Lukasz Dziewit] [university=University of Warsaw]
Warszawa|20160126|Poland|2	Decewicz_Dziewit_Warsaw_Bseq1.20160303 [name=Decewicz Dziewit Primer B Warsaw 20160126] [primer=B] [latlon=52.351351,20.959269] [latitude=52.351351] [longitude=20.959269] [address=Municipal Wastewater Treatment Plant Czajka, Czajki 4/6, Warsaw, 03-054 Warsaw, Poland] [date=20160126] [country=Poland] [locality=Warszawa] [contact=Lukasz Dziewit] [university=University of Warsaw]
Warszawa|20160126|Poland|3	Decewicz_Dziewit_Warsaw_Bseq2.20160303 [name=Decewicz Dziewit Primer B Warsaw 20160126] [primer=B] [latlon=52.351351,20.959269] [latitude=52.351351] [longitude=20.959269] [address=Municipal Wastewater Treatment Plant Czajka, Czajki 4/6, Warsaw, 03-054 Warsaw, Poland] [date=20160126] [country=Poland] [locality=Warszawa] [contact=Lukasz Dziewit] [university=University of Warsaw]
Warszawa|20160126|Poland|4	Decewicz_Dziewit_Warsaw_Bseq3.20160303 [name=Decewicz Dziewit Primer B Warsaw 20160126] [primer=B] [latlon=52.351351,20.959269] [latitude=52.351351] [longitude=20.959269] [address=Municipal Wastewater Treatment Plant Czajka, Czajki 4/6, Warsaw, 03-054 Warsaw, Poland] [date=20160126] [country=Poland] [locality=Warszawa] [contact=Lukasz Dziewit] [university=University of Warsaw]
Rybienko_Stare|20160303|Poland|1	Decewicz_Dziewit_Wyszkow_Bseq1.20160303 [name=Decewicz Dziewit Primer B Wyszkow 20160303] [primer=B] [latlon=52.577948,21.429024] [latitude=52.577948] [longitude=21.429024] [address=Municipal Wastewater Treatment Plant, Rybienko Stare, 07-200 Wyszkow, Poland] [date=20160303] [country=Poland] [locality=Rybienko Stare] [contact=Lukasz Dziewit] [university=University of Warsaw]
Rybienko_Stare|20160303|Poland|2	Decewicz_Dziewit_Wyszkow_Bseq2.20160303 [name=Decewicz Dziewit Primer B Wyszkow 20160303] [primer=B] [latlon=52.577948,21.429024] [latitude=52.577948] [longitude=21.429024] [address=Municipal Wastewater Treatment Plant, Rybienko Stare, 07-200 Wyszkow, Poland] [date=20160303] [country=Poland] [locality=Rybienko Stare] [contact=Lukasz Dziewit] [university=University of Warsaw]
Rybienko_Stare|20160303|Poland|3	Decewicz_Dziewit_Wyszkow_Bseq3.20160303 [name=Decewicz Dziewit Primer B Wyszkow 20160303] [primer=B] [latlon=52.577948,21.429024] [latitude=52.577948] [longitude=21.429024] [address=Municipal Wastewater Treatment Plant, Rybienko Stare, 07-200 Wyszkow, Poland] [date=20160303] [country=Poland] [locality=Rybienko Stare] [contact=Lukasz Dziewit] [university=University of Warsaw]
Rybienko_Stare|20160303|Poland|4	Decewicz_Dziewit_Wyszkow_Bseq4.20160303 [name=Decewicz Dziewit Primer B Wyszkow 20160303] [primer=B] [latlon=52.577948,21.429024] [latitude=52.577948] [longitude=21.429024] [address=Municipal Wastewater Treatment Plant, Rybienko Stare, 07-200 Wyszkow, Poland] [date=20160303] [country=Poland] [locality=Rybienko Stare] [contact=Lukasz Dziewit] [university=University of Warsaw]
Rybienko_Stare|20160303|Poland|5	Decewicz_Dziewit_Wyszkow_Bseq5.20160303 [name=Decewicz Dziewit Primer B Wyszkow 20160303] [primer=B] [latlon=52.577948,21.429024] [latitude=52.577948] [longitude=21.429024] [address=Municipal Wastewater Treatment Plant, Rybienko Stare, 07-200 Wyszkow, Poland] [date=20160303] [country=Poland] [locality=Rybienko Stare] [contact=Lukasz Dziewit] [university=University of Warsaw]
Marseille|20151217|France|1	Desnues_sewage27_primerB.20151217 [name=Desnues lab sewage 27 primer B 20151217] [primer=B] [date=20151217] [latlon=43.2888,5.4005] [latitude=43.2888] [longitude=5.4005] [note=coordinates are hospital location] [country=France] [locality=Marseille] [contact=Christelle Desnues] [university=Aix Marseille Universite]
New_York|20141214|United_States|1	DiazMunoz_NYC_B [name=DiazMunoz_NYC_B] [date=20141214] [primer=B] [latitude=40.7128] [longitude=-74.0059] [latlon=40.7128,-74.0059] [altitude=10.453m] [country=United States] [Description=Pooled sewer samples from 14 locations around New York City. The coordinates are the center of the city] [contact=Sam Diaz Munoz] [university=NYU/UC Davis] [locality=New York]
Davis|20160421|United_States|1	DiazMunoz_Davis1_B [name=DiazMunoz_Davis1_B] [primer=B] [date=20160421] [latitude=38.590894] [longitude=-121.666779] [latlon=38.590894,-121.666779] [altitude=8.659m] [country=United States] [address=City of Davis WWTP, 45452 Co Rd 28H, California 95776, USA] [locality=Davis]
Davis|20160421|United_States|2	DiazMunoz_Davis3_B [name=DiazMunoz_Davis3_B] [primer=B] [date=20160421] [latitude=38.590894] [longitude=-121.666779] [latlon=38.590894,-121.666779] [altitude=8.659m] [country=United States] [address=City of Davis WWTP, 45452 Co Rd 28H, California 95776, USA] [locality=Davis]
Carlsbad|20160601|USA|1	Carlsbad_B_20160601_S3 [name=Carlsbad Primer B Site 3 20160601] [primer=B] [latlon=33.116202,-117.321597] [latitude=33.116202] [longitude=-117.321597] [address=Encina Wastewater Authority, 6200 Avenida Encinas, Carlsbad, CA 92011] [date=20160601] [country=USA] [site=3] [yearmonth=201606] [locality=Carlsbad] [contact=Rob Edwards] [university=San Diego State University]
Encinitas|20160601|USA|1	Cardiff_B_20160601_S2 [name=Cardiff Primer B Site 2 20160601] [primer=B] [latlon=33.016467,-117.273686] [latitude=33.016467] [longitude=-117.273686] [address=San Elijo Joint Powers Authority, 2695 Manchester Avenue, Cardiff by the Sea, California 920077077]  [date=20160601] [country=USA] [site=2] [yearmonth=201606] [locality=Encinitas] [contact=Rob Edwards] [university=San Diego State University]
Escondido|20160601|USA|1	Escondido_B_20160601_S1 [name=Escondido Primer B Site 1 20160601] [primer=B] [latlon=33.105788,-117.114064] [latitude=33.105788] [longitude=-117.114064] [address=Water Quality Testing, 1521 S. Hale Avenue Escondido, CA 92029, USA] [date=20160601] [country=USA] [site=1] [yearmonth=201606] [locality=Escondido] [contact=Rob Edwards] [university=San Diego State University]
San_Marcos|20160301|USA|1	San_Marcos_B_20160301_S4 [name=San_Marcos Primer B Site 4 20160301] [primer=B] [latlon=33.144526,-117.178849] [latitude=33.144526] [longitude=-117.178849] [address=Vallecitos Water District, 201 Vallecitos De Oro, San Marcos, CA 92069] [date=20160301] [country=USA] [site=4] [yearmonth=201603] [locality=San Marcos] [contact=Rob Edwards] [university=San Diego State University]
Escondido|20160301|USA|1	Escondido_B_20160301_S1 [name=Escondido Primer B Site 1 20160301] [primer=B] [latlon=33.105788,-117.114064] [latitude=33.105788] [longitude=-117.114064] [address=Water Quality Testing, 1521 S. Hale Avenue Escondido, CA 92029, USA] [date=20160301] [country=USA] [site=1] [yearmonth=201603] [locality=Escondido] [contact=Rob Edwards] [university=San Diego State University]
Carlsbad|20160301|USA|1	Carlsbad_B_20160301_S3 [name=Carlsbad Primer B Site 3 20160301] [primer=B] [latlon=33.116202,-117.321597] [latitude=33.116202] [longitude=-117.321597] [address=Encina Wastewater Authority, 6200 Avenida Encinas, Carlsbad, CA 92011] [date=20160301] [country=USA] [site=3] [yearmonth=201603] [locality=Carlsbad] [contact=Rob Edwards] [university=San Diego State University]
Encinitas|20160301|USA|1	Cardiff_B_20160301_S2 [name=Cardiff Primer B Site 2 20160301] [primer=B] [latlon=33.016467,-117.273686] [latitude=33.016467] [longitude=-117.273686] [address=San Elijo Joint Powers Authority, 2695 Manchester Avenue, Cardiff by the Sea, California 920077077]  [date=20160301] [country=USA] [site=2] [yearmonth=201603] [locality=Encinitas] [contact=Rob Edwards] [university=San Diego State University]
Encinitas|20161101|USA|1	Cardiff_B_20161101_S2 [name=Cardiff Primer B Site 2 20161101] [primer=B] [latlon=33.016467,-117.273686] [latitude=33.016467] [longitude=-117.273686] [address=San Elijo Joint Powers Authority, 2695 Manchester Avenue, Cardiff by the Sea, California 920077077]  [date=20161101] [country=USA] [site=2] [yearmonth=201611] [locality=Encinitas] [contact=Rob Edwards] [university=San Diego State University]
Escondido|20161101|USA|1	Escondido_B_20161101_S1 [name=Escondido Primer B Site 1 20161101] [primer=B] [latlon=33.105788,-117.114064] [latitude=33.105788] [longitude=-117.114064] [address=Water Quality Testing, 1521 S. Hale Avenue Escondido, CA 92029, USA] [date=20161101] [country=USA] [site=1] [yearmonth=201611] [locality=Escondido] [contact=Rob Edwards] [university=San Diego State University]
Escondido|20160901|USA|1	Escondido_B_20160901_S1 [name=Escondido Primer B Site 1 20160901] [primer=B] [latlon=33.105788,-117.114064] [latitude=33.105788] [longitude=-117.114064] [address=Water Quality Testing, 1521 S. Hale Avenue Escondido, CA 92029, USA] [date=20160901] [country=USA] [site=1] [yearmonth=201609] [locality=Escondido] [contact=Rob Edwards] [university=San Diego State University]
Encinitas|20160101|USA|1	Cardiff_B_20160101_S2 [name=Cardiff Primer B Site 2 20160101] [primer=B] [latlon=33.016467,-117.273686] [latitude=33.016467] [longitude=-117.273686] [address=San Elijo Joint Powers Authority, 2695 Manchester Avenue, Cardiff by the Sea, California 920077077]  [date=20160101] [country=USA] [site=2] [yearmonth=201601] [locality=Encinitas] [contact=Rob Edwards] [university=San Diego State University]
Escondido|20160101|USA|1	Escondido_B_20160101_S1 [name=Escondido Primer B Site 1 20160101] [primer=B] [latlon=33.105788,-117.114064] [latitude=33.105788] [longitude=-117.114064] [address=Water Quality Testing, 1521 S. Hale Avenue Escondido, CA 92029, USA] [date=20160101] [country=USA] [site=1] [yearmonth=201601] [locality=Escondido] [contact=Rob Edwards] [university=San Diego State University]
Carlsbad|20160901|USA|1	Carlsbad_B_20160901_S3 [name=Carlsbad Primer B Site 3 20160901] [primer=B] [latlon=33.116202,-117.321597] [latitude=33.116202] [longitude=-117.321597] [address=Encina Wastewater Authority, 6200 Avenida Encinas, Carlsbad, CA 92011] [date=20160901] [country=USA] [site=3] [yearmonth=201609] [locality=Carlsbad] [contact=Rob Edwards] [university=San Diego State University]
Carlsbad|20160101|USA|1	Carlsbad_B_20160101_S3 [name=Carlsbad Primer B Site 3 20160101] [primer=B] [latlon=33.116202,-117.321597] [latitude=33.116202] [longitude=-117.321597] [address=Encina Wastewater Authority, 6200 Avenida Encinas, Carlsbad, CA 92011] [date=20160101] [country=USA] [site=3] [yearmonth=201601] [locality=Carlsbad] [contact=Rob Edwards] [university=San Diego State University]
San_Marcos|20161101|USA|1	San_Marcos_B_20161101_S4 [name=San_Marcos Primer B Site 4 20161101] [primer=B] [latlon=33.144526,-117.178849] [latitude=33.144526] [longitude=-117.178849] [address=Vallecitos Water District, 201 Vallecitos De Oro, San Marcos, CA 92069] [date=20161101] [country=USA] [site=4] [yearmonth=201611] [locality=San Marcos] [contact=Rob Edwards] [university=San Diego State University]
Encinitas|20160901|USA|1	Cardiff_B_20160901_S2 [name=Cardiff Primer B Site 2 20160901] [primer=B] [latlon=33.016467,-117.273686] [latitude=33.016467] [longitude=-117.273686] [address=San Elijo Joint Powers Authority, 2695 Manchester Avenue, Cardiff by the Sea, California 920077077]  [date=20160901] [country=USA] [site=2] [yearmonth=201609] [locality=Encinitas] [contact=Rob Edwards] [university=San Diego State University]
San_Marcos|20160901|USA|1	San_Marcos_B_20160901_S4 [name=San_Marcos Primer B Site 4 20160901] [primer=B] [latlon=33.144526,-117.178849] [latitude=33.144526] [longitude=-117.178849] [address=Vallecitos Water District, 201 Vallecitos De Oro, San Marcos, CA 92069] [date=20160901] [country=USA] [site=4] [yearmonth=201609] [locality=San Marcos] [contact=Rob Edwards] [university=San Diego State University]
San_Marcos|20160101|USA|1	San_Marcos_B_20160101_S4 [name=San_Marcos Primer B Site 4 20160101] [primer=B] [latlon=33.144526,-117.178849] [latitude=33.144526] [longitude=-117.178849] [address=Vallecitos Water District, 201 Vallecitos De Oro, San Marcos, CA 92069] [date=20160101] [country=USA] [site=4] [yearmonth=201601] [locality=San Marcos] [contact=Rob Edwards] [university=San Diego State University]
Carlsbad|20161101|USA|1	Carlsbad_B_20161101_S3 [name=Carlsbad Primer B Site 3 20161101] [primer=B] [latlon=33.116202,-117.321597] [latitude=33.116202] [longitude=-117.321597] [address=Encina Wastewater Authority, 6200 Avenida Encinas, Carlsbad, CA 92011] [date=20161101] [country=USA] [site=3] [yearmonth=201611] [locality=Carlsbad] [contact=Rob Edwards] [university=San Diego State University]
Carlsbad|20160815|USA|1	Carlsbad_B_20160815_S3 [name=Carlsbad Primer A Site 3 20160815] [primer=B] [latlon=33.116202,-117.321597] [latitude=33.116202] [longitude=-117.321597] [address=Encina Wastewater Authority, 6200 Avenida Encinas, Carlsbad, CA 92011] [date=20160815] [country=USA] [site=3] [yearmonth=201608] [locality=Carlsbad] [contact=Rob Edwards] [university=San Diego State University]
Carlsbad|20160915|USA|1	Carlsbad_B_20160915_S3 [name=Carlsbad Primer A Site 3 20160915] [primer=B] [latlon=33.116202,-117.321597] [latitude=33.116202] [longitude=-117.321597] [address=Encina Wastewater Authority, 6200 Avenida Encinas, Carlsbad, CA 92011] [date=20160915] [country=USA] [site=3] [yearmonth=201609] [locality=Carlsbad] [contact=Rob Edwards] [university=San Diego State University]
Carlsbad|20160908|USA|1	Carlsbad_B_20160908_S3 [name=Carlsbad Primer A Site 3 20160908] [primer=B] [latlon=33.116202,-117.321597] [latitude=33.116202] [longitude=-117.321597] [address=Encina Wastewater Authority, 6200 Avenida Encinas, Carlsbad, CA 92011] [date=20160908] [country=USA] [site=3] [yearmonth=201609] [locality=Carlsbad] [contact=Rob Edwards] [university=San Diego State University]
Carlsbad|20160725|USA|1	Carlsbad_B_20160725_S3 [name=Carlsbad Primer A Site 3 20160725] [primer=B] [latlon=33.116202,-117.321597] [latitude=33.116202] [longitude=-117.321597] [address=Encina Wastewater Authority, 6200 Avenida Encinas, Carlsbad, CA 92011] [date=20160725] [country=USA] [site=3] [yearmonth=201607] [locality=Carlsbad] [contact=Rob Edwards] [university=San Diego State University]
Carlsbad|20160901|USA|2	Carlsbad_B_20160901_S3 [name=Carlsbad Primer A Site 3 20160901] [primer=B] [latlon=33.116202,-117.321597] [latitude=33.116202] [longitude=-117.321597] [address=Encina Wastewater Authority, 6200 Avenida Encinas, Carlsbad, CA 92011] [date=20160901] [country=USA] [site=3] [yearmonth=201609] [locality=Carlsbad] [contact=Rob Edwards] [university=San Diego State University]
Carlsbad|20160718|USA|1	Carlsbad_B_20160718_S3 [name=Carlsbad Primer A Site 3 20160718] [primer=B] [latlon=33.116202,-117.321597] [latitude=33.116202] [longitude=-117.321597] [address=Encina Wastewater Authority, 6200 Avenida Encinas, Carlsbad, CA 92011] [date=20160718] [country=USA] [site=3] [yearmonth=201607] [locality=Carlsbad] [contact=Rob Edwards] [university=San Diego State University]
Escondido|20151026|USA|1	Edwards_B.20151012.S1 [name=Edwards Primer B Site 1 20151026] [primer=B] [latlon=33.105788,-117.114064] [latitude=33.105788] [longitude=-117.114064] [address=Water Quality Testing, 1521 S. Hale Avenue Escondido, CA 92029, USA] [date=20151026] [country=USA] [locality=Escondido] [contact=Rob Edwards] [university=San Diego State University]
Encinitas|20151026|USA|1	Edwards_B.20151012.S2 [name=Edwards Primer B Site 2 20151026] [primer=B] [latlon=33.016467,-117.273686] [latitude=33.016467] [longitude=-117.273686] [address=San Elijo Joint Powers Authority, 2695 Manchester Avenue, Cardiff by the Sea, California 92007-7077] [date=20151026] [country=USA] [locality=Encinitas] [contact=Rob Edwards] [university=San Diego State University]
Carlsbad|20151012|USA|1	Edwards_B.20151012.S3 [name=Edwards Primer B Site 3 20151012] [primer=B] [latlon=33.116202,-117.321597] [latitude=33.116202] [longitude=-117.321597] [address=Encina Wastewater Authority, 6200 Avenida Encinas, Carlsbad, CA 92011] [date=20151012] [country=USA] [locality=Carlsbad] [contact=Rob Edwards] [university=San Diego State University]
San_Marcos|20151026|USA|1	Edwards_B.20151012.S4 [name=Edwards Primer B Site 4 20151026] [primer=B] [latlon=33.144526,-117.178849] [latitude=33.144526] [longitude=-117.178849] [address=Vallecitos Water District, 201 Vallecitos De Oro, San Marcos, CA 92069] [date=20151026] [country=USA] [locality=San Marcos] [contact=Rob Edwards] [university=San Diego State University]
Escondido|20151209|USA|1	Edwards_B.20151209.S1 [name=Edwards Primer B Site 1 20151209] [primer=B] [latlon=33.105788,-117.114064] [latitude=33.105788] [longitude=-117.114064] [address=Water Quality Testing, 1521 S. Hale Avenue Escondido, CA 92029, USA] [date=20151209] [country=USA] [locality=Escondido] [contact=Rob Edwards] [university=San Diego State University]
Encinitas|20151209|USA|1	Edwards_B.20151209.S2 [name=Edwards Primer B Site 2 20151209] [primer=B] [latlon=33.016467,-117.273686] [latitude=33.016467] [longitude=-117.273686] [address=San Elijo Joint Powers Authority, 2695 Manchester Avenue, Cardiff by the Sea, California 92007-7077]  [date=20151209] [country=USA] [locality=Encinitas] [contact=Rob Edwards] [university=San Diego State University]
Carlsbad|20151209|USA|1	Edwards_B.20151209.S3 [name=Edwards Primer B Site 3 20151209] [primer=B] [latlon=33.116202,-117.321597] [latitude=33.116202] [longitude=-117.321597] [address=Encina Wastewater Authority, 6200 Avenida Encinas, Carlsbad, CA 92011] [date=20151209] [country=USA] [locality=Carlsbad] [contact=Rob Edwards] [university=San Diego State University]
San_Marcos|20151209|USA|1	Edwards_B.20151209.S4 [name=Edwards Primer B Site 4 20151209] [primer=B] [latlon=33.144526,-117.178849] [latitude=33.144526] [longitude=-117.178849] [address=Vallecitos Water District, 201 Vallecitos De Oro, San Marcos, CA 92069] [date=20151209] [country=USA] [locality=San Marcos] [contact=Rob Edwards] [university=San Diego State University]
Dunedin|20160317|New_Zealand|1	Fineran_Dunedin_B [name=Fineran Primer B] [primer=B] [latlon=-45.9062333,170.4858516] [latitude=-45.9062333] [longitude=170.4858516] [address=10 Tahuna Rd, Otago 9013, New_Zealand]  [date=20160317] [country=New_Zealand] [locality=Dunedin] [contact=Peter Fineran] [university=University of Otago]
Greymouth|20160317|New_Zealand|1	Fineran_Greymouth_B [name=Fineran Primer B] [primer=B] [latlon=-42.4921908,171.1071795] [latitude=-42.4921908] [longitude=171.1071795] [address=105 Tainui St, Greymouth 7805, New_Zealand]  [date=20160317] [country=New_Zealand] [locality=Greymouth] [contact=Peter Fineran] [university=University of Otago]
Gava|20151001|Spain|1	Muniesa_E1_Gav_primerB.201510 [name=Muniesa E1 Gava primer B Raw Sewage] [primer=B] [date=20151001] [latlon=41.3037013,1.9858569] [latitude=41.3037013] [longitude=1.9858569] [source=Raw sewage] [country=Spain] [locality=Gava] [contact=Maite Muniesa] [university=Universitat de Barcelona]
Gava|20151001|Spain|2	Muniesa_E2_Gav_primerB.201510 [name=Muniesa E2 Gava primer B Raw Sewage] [primer=B] [date=20151001] [latlon=41.3037013,1.9858569] [latitude=41.3037013] [longitude=1.9858569] [source=Raw sewage] [country=Spain] [locality=Gava] [contact=Maite Muniesa] [university=Universitat de Barcelona]
Gava|20151001|Spain|3	Muniesa_1.1_Gav_primerB.201510 [name=Muniesa 1.1 Gava primer B Primary Treatment] [primer=B] [date=20151001] [latlon=41.3037013,1.9858569] [latitude=41.3037013] [longitude=1.9858569] [source=Primary Treatment] [country=Spain] [locality=Gava] [contact=Maite Muniesa] [university=Universitat de Barcelona]
Gava|20131101|Spain|1	Muniesa_E4_Gav_primerB.201311 [name=Muniesa E4 Gava primer B Raw Sewage] [primer=B] [date=20131101] [latlon=41.3037013,1.9858569] [latitude=41.3037013] [longitude=1.9858569] [source=Raw Sewage] [country=Spain] [locality=Gava] [contact=Maite Muniesa] [university=Universitat de Barcelona]
Gava|20140101|Spain|1	Muniesa_E7_Gav_primerB.201401 [name=Muniesa E7 Gava primer B Raw Sewage] [primer=B] [date=20140101] [latlon=41.3037013,1.9858569] [latitude=41.3037013] [longitude=1.9858569] [source=Raw Sewage] [country=Spain] [locality=Gava] [contact=Maite Muniesa] [university=Universitat de Barcelona]
El_Prat_de_Llobregat|20140101|Spain|1	Muniesa_E8_ElPratdeLlobregat_primerB.201401 [name=Muniesa E8 El Prat de Llobregat primer B Raw Sewage] [primer=B] [date=20140101] [latlon=41.3224312,2.0828713] [latitude=41.3224312] [longitude=2.0828713] [source=Raw Sewage] [country=Spain] [locality=El Prat de Llobregat] [contact=Maite Muniesa] [university=Universitat de Barcelona]
Gava|20140501|Spain|1	Muniesa_E13_Gav_primerB.201405 [name=Muniesa E13 Gava primer B Raw Sewage] [primer=B] [date=20140501] [latlon=41.3037013,1.9858569] [latitude=41.3037013] [longitude=1.9858569] [source=Raw Sewage] [country=Spain] [locality=Gava] [contact=Maite Muniesa] [university=Universitat de Barcelona]
El_Prat_de_Llobregat|20140501|Spain|1	Muniesa_E14_ElPratdeLlobregat_primerB.201401 [name=Muniesa E14 El Prat de Llobregat primer B Raw Sewage] [primer=B] [date=20140501] [latlon=41.3224312,2.0828713] [latitude=41.3224312] [longitude=2.0828713] [source=Raw Sewage] [country=Spain] [locality=El Prat de Llobregat] [contact=Maite Muniesa] [university=Universitat de Barcelona]
Gava|20140601|Spain|1	Muniesa_E23_Gav_primerB.201406 [name=Muniesa E23 Gava primer B Raw Sewage] [primer=B] [date=20140601] [latlon=41.3037013,1.9858569] [latitude=41.3037013] [longitude=1.9858569] [source=Raw Sewage] [country=Spain] [locality=Gava] [contact=Maite Muniesa] [university=Universitat de Barcelona]
Barcelona|20150501|Spain|1	Muniesa_E32_Girona_primerB.201505 [name=Muniesa E32 Girona primer B Raw Sewage] [primer=B] [date=20150501] [latlon=41.3942867,2.1701905] [latitude=41.3942867] [longitude=2.1701905] [source=Raw Sewage] [country=Spain] [locality=Barcelona] [contact=Maite Muniesa] [university=Universitat de Barcelona]
Honolulu|20161212|USA|1	Nigro_B.20161212.SandIsland [name=Hawaii B Sand Island Waste Water Treatment Plant Dec 12 2016] [primer=B] [latlon=21.307735,-157.8824584] [latitude=21.307735] [longitude=-157.8824584] [address=1350 Sand Island Parkway # 3A, Honolulu, HI 96819] [date=20161212] [country=USA] [locality=Honolulu] [contact=Olivia Nigro] [university=Hawai'i Pacific University]
Waianae|20161212|USA|1	Nigro_B.20161212.Waianae [name=Hawaii B Waianae Waste Water Treatment Plant Dec 12 2016] [primer=B] [latlon=21.4467837,-158.1928871] [latitude=21.4467837] [longitude=-158.1928871] [address=Waianae, HI 96792] [date=20161212] [country=USA] [locality=Waianae] [contact=Olivia Nigro] [university=Hawai'i Pacific University]
Jericho|20151202|Israel|1	Qimron_Jericho_B_20151202 [name=Qimron lab primer B 20151202] [primer=B] [date=20151202] [latlon=31.85,35.45] [latitude=31.85] [longitude=35.45] [note=Collected in Jericho] [country=Israel] [locality=Jericho] [contact=Udi Qimron] [university=Tel Aviv University]
Qalqilya|20151202|Israel|1	Qimron_Qalqilyah_B_20151202 [name=Qimron lab primer B 20151202] [primer=B] [date=20151202] [latlon=32.18,34.97] [latitude=32.18] [longitude=34.97] [note=Collected in Qalqilyah] [country=Israel] [locality=Qalqilya] [contact=Udi Qimron] [university=Tel Aviv University]
Ramallah|20151202|Israel|1	Qimron_Ramallah_B_20151202 [name=Qimron lab primer B 20151202] [primer=B] [date=20151202] [latlon=31.9,35.19] [latitude=31.9] [longitude=35.19] [note=Collected in Ramallah] [country=Israel] [locality=Ramallah] [contact=Udi Qimron] [university=Tel Aviv University]
Salfit|20151202|Israel|1	Qimron_Salfit_B_20151202 [name=Qimron lab primer B 20151202] [primer=B] [date=20151202] [latlon=32.08,35.18] [latitude=32.08] [longitude=35.18] [note=Collected in Salfit] [country=Israel] [locality=Salfit] [contact=Udi Qimron] [university=Tel Aviv University]
San_Miguel_de_Tucuman|20160414|Argentina|1	Raya_primerB_1.20160414 [name=Raul Raya Primer B] [primer=B] [sample=1] [latlon=-26.832,-65.207] [latitude=-26.832] [longitude=-65.207] [address=San Miguel de Tucuman, Tucuman, Argentina] [date=20160414] [country=Argentina] [locality=San Miguel de Tucuman] [contact=Raul Raya] [university=Cerela]
San_Miguel_de_Tucuman|20160414|Argentina|2	Raya_primerB_2.20160414 [name=Raul Raya Primer B] [primer=B] [sample=2] [latlon=-26.832,-65.207] [latitude=-26.832] [longitude=-65.207] [address=San Miguel de Tucuman, Tucuman, Argentina] [date=20160414] [country=Argentina] [locality=San Miguel de Tucuman] [contact=Raul Raya] [university=Cerela]
San_Miguel_de_Tucuman|20160414|Argentina|3	Raya_primerB_5.20160414 [name=Raul Raya Primer B] [primer=B] [sample=5] [latlon=-26.832,-65.207] [latitude=-26.832] [longitude=-65.207] [address=San Miguel de Tucuman, Tucuman, Argentina] [date=20160414] [country=Argentina] [locality=San Miguel de Tucuman] [contact=Raul Raya] [university=Cerela]
San_Miguel_de_Tucuman|20160414|Argentina|4	Raya_primerB_10.20160414 [name=Raul Raya Primer B] [primer=B] [sample=10] [latlon=-26.832,-65.207] [latitude=-26.832] [longitude=-65.207] [address=San Miguel de Tucuman, Tucuman, Argentina] [date=20160414] [country=Argentina] [locality=San Miguel de Tucuman] [contact=Raul Raya] [university=Cerela]
Bogota|20160412|Colombia|1	Reyes_B.20160412.1 [name=Maria Reyes Primer B 20160412] [primer=B] [sample=1] [latlon=4.6500014,-74.0589398] [latitude=4.6500014] [longitude=-74.0589398] [address=CorpoGen, Cra. 5 #66A-34, Bogota, Colombia ] [date=20160412] [country=Colombia] [locality=Bogota] [contact=Alejandro Reyes] [university=Universidad de los Andes]
Bogota|20160412|Colombia|2	Reyes_B.20160412.2 [name=Maria Reyes Primer B 20160412] [primer=B] [sample=2] [latlon=4.6500014,-74.0589398] [latitude=4.6500014] [longitude=-74.0589398] [address=CorpoGen, Cra. 5 #66A-34, Bogota, Colombia ] [date=20160412] [country=Colombia] [locality=Bogota] [contact=Alejandro Reyes] [university=Universidad de los Andes]
Lisboa|20160225|Portugal|1	Santos_B13.20160225 [name=Santos Primer B13] [primer=B] [latlon=38.7348396,-9.1863262] [latitude=38.7348396] [longitude=-9.1863262] [address=Instituto Superior Tecnico, Laboratorio de Analises, Av. Rovisco Pais, 1049-001 Lisboa] [date=20160225] [country=Portugal] [locality=Lisboa] [contact=Ricardo Santos] [university=Instituto Superior Tecnico]
Lisboa|20160225|Portugal|2	Santos_B21.20160225 [name=Santos Primer B21] [primer=B] [latlon=38.7348396,-9.1863262] [latitude=38.7348396] [longitude=-9.1863262] [address=Instituto Superior Tecnico, Laboratorio de Analises, Av. Rovisco Pais, 1049-001 Lisboa] [date=20160225] [country=Portugal] [locality=Lisboa] [contact=Ricardo Santos] [university=Instituto Superior Tecnico]
Lisboa|20160225|Portugal|3	Santos_B24.20160225 [name=Santos Primer B24] [primer=B] [latlon=38.7348396,-9.1863262] [latitude=38.7348396] [longitude=-9.1863262] [address=Instituto Superior Tecnico, Laboratorio de Analises, Av. Rovisco Pais, 1049-001 Lisboa] [date=20160225] [country=Portugal] [locality=Lisboa] [contact=Ricardo Santos] [university=Instituto Superior Tecnico]
Cork|20151215|Ireland|1	Strain_primerB.20151215 [name=Strain APC Microbiome Institute primer B 20151215] [primer=B] [date=20151215] [latlon=51.8925,-8.4964] [latitude=51.8925] [longitude=-8.4964] [note=coordinates are APC location] [country=Ireland] [locality=Cork] [contact=Ronan Strain] [university=University College Cork]
Novosibirskiy_rayon|20160301|Russia|1	Tyakht_Nov_282_B [name=Tyakht Nov_282_B primer B] [date=20160301] [primer=B] [latlon=55.03,82.57] [latitude=55.03] [longitude=82.57] [address=Novosibirsk, Russia] [country=Russia] [locality=Novosibirskiy rayon] [contact=Alexander Tyakht] [university=Federal Research and Clinical Center of Physical-Chemical Medicine]
Novosibirskiy_rayon|20160301|Russia|2	Tyakht_Nov_285_B [name=Tyakht Nov_285_B primer B] [date=20160301] [primer=B] [latlon=55.03,82.57] [latitude=55.03] [longitude=82.57] [address=Novosibirsk, Russia] [country=Russia] [locality=Novosibirskiy rayon] [contact=Alexander Tyakht] [university=Federal Research and Clinical Center of Physical-Chemical Medicine]
Novosibirskiy_rayon|20160301|Russia|3	Tyakht_Nov_287_B [name=Tyakht Nov_287_B primer B] [date=20160301] [primer=B] [latlon=55.03,82.57] [latitude=55.03] [longitude=82.57] [address=Novosibirsk, Russia] [country=Russia] [locality=Novosibirskiy rayon] [contact=Alexander Tyakht] [university=Federal Research and Clinical Center of Physical-Chemical Medicine]
Sherbakulskiy_rayon|20160301|Russia|1	Tyakht_OM_178_B [name=Tyakht OM_178_B primer B] [date=20160301] [primer=B] [latlon=54.3933,72.4255] [latitude=54.3933] [longitude=72.4255] [address=Omsk, Russia] [country=Russia] [locality=Sherbakulskiy rayon] [contact=Alexander Tyakht] [university=Federal Research and Clinical Center of Physical-Chemical Medicine]
Engelsskiy_rayon|20160301|Russia|1	Tyakht_SAR_275_B [name=Tyakht SAR_275_B primer B] [date=20160301] [primer=B] [latlon=51.32,46.00] [latitude=51.32] [longitude=46.00] [address=Saratov, Russia] [country=Russia] [locality=Engelsskiy rayon] [contact=Alexander Tyakht] [university=Federal Research and Clinical Center of Physical-Chemical Medicine]
St_Louis|20140724|crAssphage_B|1	crAssphage_B [name=crAssphage Primer B] [primer=B] [latlon=38.6487895,-90.3107962] [latitude=38.6487895] [longitude=-90.3107962] [date=20140724] [country=crAssphage B] [locality=St. Louis]
St_Louis|20140724|crAssphage_B|2	crAssphage_B [name=crAssphage Primer B] [primer=B] [latlon=38.6487895,-90.3107962] [latitude=38.6487895] [longitude=-90.3107962] [date=20140724] [country=crAssphage B] [locality=St. Louis]
