0	Brouns_B.20151106 [name=Brouns lab primer B 20151106] [date=20151106] [latitude=52.180646] [longitude=5.9478529] [altitude=36m] [country=The Netherlands]
1	Cinek_bin11_primerB.20151120 [name=Cinek lab sample bin11 primer B 20151120] [date=20151120] [latitude=61.505] [longitude=23.815] [note=coordinates are hospital location] [country=Finland]
2	Cinek_bin13_primerB.20151120 [name=Cinek lab sample bin13 primer B 20151120] [date=20151120] [latitude=61.505] [longitude=23.815] [note=coordinates are hospital location] [country=Finland]
3	Cinek_bin14_primerB.20151120 [name=Cinek lab sample bin14 primer B 20151120] [date=20151120] [latitude=61.505] [longitude=23.815] [note=coordinates are hospital location] [country=Finland]
4	Cinek_bin15_primerB.20151120 [name=Cinek lab sample bin15 primer B 20151120] [date=20151120] [latitude=61.505] [longitude=23.815] [note=coordinates are hospital location] [country=Finland]
5	Cinek_bin16_primerB.20151120 [name=Cinek lab sample bin16 primer B 20151120] [date=20151120] [latitude=61.505] [longitude=23.815] [note=coordinates are hospital location] [country=Finland]
6	Cinek_bin57_primerB.20151120 [name=Cinek lab sample bin57 primer B 20151120] [date=20151120] [latitude=61.505] [longitude=23.815] [note=coordinates are hospital location] [country=Finland]
7	Desnues_sewage27_primerB.20151217 [name=Desnues lab sewage 27 primer B 20151217] [date=20151217] [latitude=43.2888] [longitude=5.4005] [note=coordinates are hospital location] [country=France]
8	Edwards_B.20151012.S1 [name=Edwards Primer B Site 1 20151026] [latitude=33.105788] [longitude=-117.114064] [address=Water Quality Testing, 1521 S. Hale Avenue Escondido, CA 92029, USA] [date=20151026] [country=USA]
9	Edwards_B.20151012.S2 [name=Edwards Primer B Site 2 20151026] [latitude=33.016467] [longitude=-117.273686] [address=San Elijo Joint Powers Authority, 2695 Manchester Avenue, Cardiff by the Sea, California 92007-7077] [date=20151026] [country=USA]
10	Edwards_B.20151012.S3 [name=Edwards Primer B Site 3 20151012] [latitude=33.116202] [longitude=-117.321597] [address=Encina Wastewater Authority, 6200 Avenida Encinas, Carlsbad, CA 92011] [date=20151012] [country=USA]
11	Edwards_B.20151012.S4 [name=Edwards Primer B Site 4 20151026] [latitude=33.144526] [longitude=-117.178849[ [address=Vallecitos Water District, 201 Vallecitos De Oro, San Marcos, CA 92069] [date=20151026] [country=USA]
12	Edwards_B.20151209.S1 [name=Edwards Primer B Site 1 20151209] [latitude=33.105788] [longitude=-117.114064] [address=Water Quality Testing, 1521 S. Hale Avenue Escondido, CA 92029, USA] [date=20151209] [country=USA]  
13	Edwards_B.20151209.S2 [name=Edwards Primer B Site 2 20151209] [latitude=33.016467] [longitude=-117.273686] [address=San Elijo Joint Powers Authority, 2695 Manchester Avenue, Cardiff by the Sea, California 92007-7077]  [date=20151209] [country=USA] 
14	Edwards_B.20151209.S3 [name=Edwards Primer B Site 3 20151209] [latitude=33.116202] [longitude=-117.321597] [address=Encina Wastewater Authority, 6200 Avenida Encinas, Carlsbad, CA 92011] [date=20151209] [country=USA] 
15	Edwards_B.20151209.S4 [name=Edwards Primer B Site 4 20151209] [latitude=33.144526] [longitude=-117.178849[ [address=Vallecitos Water District, 201 Vallecitos De Oro, San Marcos, CA 92069] [date=20151209] [country=USA] 
16	Muniesa_E1_Gav_primerB.201510 [name=Muniesa E1 Gava primer B Raw Sewage] [date=20151001] [lattude=41.3037013] [longitude=1.9858569] [source=Raw sewage] [country=Spain]
17	Muniesa_E2_Gav_primerB.201510 [name=Muniesa E2 Gava primer B Raw Sewage] [date=20151001] [lattude=41.3037013] [longitude=1.9858569] [source=Raw sewage] [country=Spain]
18	Muniesa_1.1_Gav_primerB.201510 [name=Muniesa 1.1 Gava primer B Primary Treatment] [date=20151001] [lattude=41.3037013] [longitude=1.9858569] [source=Primary Treatment] [country=Spain]
19	Muniesa_E4_Gav_primerB.201311 [name=Muniesa E4 Gava primer B Raw Sewage] [date=20131101] [lattude=41.3037013] [longitude=1.9858569] [source=Raw Sewage] [country=Spain]
20	Muniesa_E7_Gav_primerB.201401 [name=Muniesa E7 Gava primer B Raw Sewage] [date=20140101] [lattude=41.3037013] [longitude=1.9858569] [source=Raw Sewage] [country=Spain]
21	Muniesa_E8_ElPratdeLlobregat_primerB.201401 [name=Muniesa E8 El Prat de Llobregat primer B Raw Sewage] [date=20140101] [lattude=41.3224312] [longitude=2.0828713] [source=Raw Sewage] [country=Spain]
22	Muniesa_E13_Gav_primerB.201405 [name=Muniesa E13 Gava primer B Raw Sewage] [date=20140501] [lattude=41.3037013] [longitude=1.9858569] [source=Raw Sewage] [country=Spain]
23	Muniesa_E14_ElPratdeLlobregat_primerB.201401 [name=Muniesa E14 El Prat de Llobregat primer B Raw Sewage] [date=20140501] [lattude=41.3224312] [longitude=2.0828713] [source=Raw Sewage] [country=Spain]
24	Muniesa_E23_Gav_primerB.201406 [name=Muniesa E23 Gava primer B Raw Sewage] [date=20140601] [lattude=41.3037013] [longitude=1.9858569] [source=Raw Sewage] [country=Spain]
25	Muniesa_E32_Girona_primerB.201505 [name=Muniesa E32 Girona primer B Raw Sewage] [date=20150501] [lattude=41.3942867] [longitude=2.1701905] [source=Raw Sewage] [country=Spain]
26	Qimron_Jericho_B_20151202 [name=Qimron lab primer B 20151202] [latitude=31.85] [longitude=35.45] [note=Collected in Jericho] [country=Israel]
27	Qimron_Qalqilyah_B_20151202 [name=Qimron lab primer B 20151202] [latitude=32.18] [longitude=34.97] [note=Collected in Qalqilyah] [country=Israel]
28	Qimron_Ramallah_B_20151202 [name=Qimron lab primer B 20151202] [latitude=31.9] [longitude=35.19] [note=Collected in Ramallah] [country=Israel]
29	Qimron_Salfit_B_20151202 [name=Qimron lab primer B 20151202] [latitude=32.08] [longitude=35.18] [note=Collected in Salfit] [country=Israel]
30	Strain_primerB.20151215 [name=Strain APC Microbiome Institute primer B 20151215] [date=20151215] [latitude=51.8925] [longitude=-8.4964] [note=coordinates are APC location] [country=Ireland]
31	crAssphage_B [name=crAssphage Primer B] [latitude=0.0] [longitude=0.0] [date=20140724] [country=crAssphage B]
