0	Brouns_B.20151106 [name=Brouns lab primer B 20151106] [date=20151106] [latitude=52.180646] [longitude=5.9478529] [altitude=36m] [country=The Netherlands]
1	Mazankova_primerB_4.20151201 [name=Mazankova primer B sample 4 20151201] [date=20151201] [latitude=48.9744694] [longitude=14.4743417] [sample_number=466] [location=Ústí nad Labem] [type=pre-sewage treatment plant] [country=Czech Republic]
2	Mazankova_primerB_10.20151201 [name=Mazankova primer B sample 10 20151201] [date=20151201] [latitude=49.6358083] [longitude=18.4569128] [sample_number=404] [location=Praha] [type=pre-sewage treatment plant] [country=Czech Republic]
3	Mazankova_primerB_6.20151201 [name=Mazankova primer B sample 6 20151201] [date=20151201] [latitude=49.7477831] [longitude=13.3783489] [sample_number=414] [location=Ostrava] [type=pre-sewage treatment plant] [country=Czech Republic]
4	Mazankova_primerB_13.20151201 [name=Mazankova primer B sample 13 20151201] [date=20151201] [latitude=49.7477831] [longitude=13.3783489] [sample_number=512] [location=Brno - Modřice] [type=pre-sewage treatment plant] [country=Czech Republic]
5	Mazankova_primerB_3.20151201 [name=Mazankova primer B sample 3 20151201] [date=20151201] [latitude=50.6604875] [longitude=14.0406928] [sample_number=430] [location=Brno - Zastávka] [type=post-STP, refugee camp] [country=Czech Republic]
6	Mazankova_primerB_15.20151201 [name=Mazankova primer B sample 15 20151201] [date=20151201] [latitude=49.1874756] [longitude=16.3586742] [sample_number=306] [location=České Budějovice] [type=pre-sewage treatment plant] [country=Czech Republic]
7	Mazankova_primerB_1.20151201 [name=Mazankova primer B sample 1 20151201] [date=20151201] [latitude=49.7477831] [longitude=13.3783489] [sample_number=456] [location=České Budějovice] [type=pre-sewage treatment plant] [country=Czech Republic]
8	Mazankova_primerB_2.20151201 [name=Mazankova primer B sample 2 20151201] [date=20151201] [latitude=49.1879958] [longitude=16.3630967] [sample_number=427] [location=Plzeň] [type=pre-sewage treatment plant] [country=Czech Republic]
9	Mazankova_primerB_9.20151201 [name=Mazankova primer B sample 9 20151201] [date=20151201] [latitude=50.0835494] [longitude=14.4341414] [sample_number=298] [location=Ústí n. Labem] [type=pre-sewage treatment plant] [country=Czech Republic]
10	Mazankova_primerB_19.20151201 [name=Mazankova primer B sample 19 20151201] [date=20151201] [latitude=49.1874756] [longitude=16.3586742] [sample_number=343] [location=Ostrava] [type=pre-sewage treatment plant] [country=Czech Republic]
11	Mazankova_primerB_14.20151201 [name=Mazankova primer B sample 14 20151201] [date=20151201] [latitude=48.9744694] [longitude=14.4743417] [sample_number=522] [location=Plzeň] [type=pre-sewage treatment plant] [country=Czech Republic]
12	Mazankova_primerB_12.20151201 [name=Mazankova primer B sample 12 20151201] [date=20151201] [latitude=49.1278897] [longitude=16.6144122] [sample_number=476] [location=Ostrava] [type=pre-sewage treatment plant] [country=Czech Republic]
13	Mazankova_primerB_5.20151201 [name=Mazankova primer B sample 5 20151201] [date=20151201] [latitude=49.8346453] [longitude=18.2820442] [sample_number=479] [location=České Budějovice] [type=pre-sewage treatment plant] [country=Czech Republic]
14	Mazankova_primerB_23.20151201 [name=Mazankova primer B sample 23 20151201] [date=20151201] [latitude=50.0751514] [longitude=14.3406075] [sample_number=326] [location=Brno - Modřice] [type=pre-sewage treatment plant] [country=Czech Republic]
15	Mazankova_primerB_17.20151201 [name=Mazankova primer B sample 17 20151201] [date=20151201] [latitude=50.6604875] [longitude=14.0406928] [sample_number=368] [location=Jezová] [type=post-STP, refugee camp] [country=Czech Republic]
16	Mazankova_primerB_16.20151201 [name=Mazankova primer B sample 16 20151201] [date=20151201] [latitude=50.5583072] [longitude=14.8217867] [sample_number=275] [location=Zastávka u Brna] [type=post-STP, refugee camp] [country=Czech Republic]
17	Mazankova_primerB_18.20151201 [name=Mazankova primer B sample 18 20151201] [date=20151201] [latitude=49.8346453] [longitude=18.2820442] [sample_number=352] [location=Ústí n. Labem] [type=pre-sewage treatment plant] [country=Czech Republic]
18	Cinek_bin11_primerB.20151120 [name=Cinek lab sample bin11 primer B 20151120] [date=20151120] [latitude=61.505] [longitude=23.815] [note=coordinates are hospital location] [country=Finland]
19	Cinek_bin13_primerB.20151120 [name=Cinek lab sample bin13 primer B 20151120] [date=20151120] [latitude=61.505] [longitude=23.815] [note=coordinates are hospital location] [country=Finland]
20	Cinek_bin14_primerB.20151120 [name=Cinek lab sample bin14 primer B 20151120] [date=20151120] [latitude=61.505] [longitude=23.815] [note=coordinates are hospital location] [country=Finland]
21	Cinek_bin15_primerB.20151120 [name=Cinek lab sample bin15 primer B 20151120] [date=20151120] [latitude=61.505] [longitude=23.815] [note=coordinates are hospital location] [country=Finland]
22	Cinek_bin16_primerB.20151120 [name=Cinek lab sample bin16 primer B 20151120] [date=20151120] [latitude=61.505] [longitude=23.815] [note=coordinates are hospital location] [country=Finland]
23	Cinek_bin57_primerB.20151120 [name=Cinek lab sample bin57 primer B 20151120] [date=20151120] [latitude=61.505] [longitude=23.815] [note=coordinates are hospital location] [country=Finland]
24	Decewicz_Dziewit_Lodz_Bseq1.20160126 [name=Decewicz Dziewit Primer B Lodz 20160126] [latitude=51.727940] [longitude=19.347618] [address=Group Wastewater Treatment Plant, Sanitariuszek 66, 91-867 Lodz, Poland] [date=20160126] [country=Poland]
25	Decewicz_Dziewit_Oswiecim_Bseq1.20160126 [name=Decewicz Dziewit Primer B Oswiecim 20160126] [date=20160126] [latitude=50.038062] [longitude=19.321854] [address=Municipal and Industrial Wastewater Treatment Plant, Nadwislanska 46, 32-642 Oswiecim, Poland] [country=Poland]
26	Decewicz_Dziewit_Oswiecim_Bseq2.20160126 [name=Decewicz Dziewit Primer B Oswiecim 20160126] [date=20160126] [latitude=50.038062] [longitude=19.321854] [address=Municipal and Industrial Wastewater Treatment Plant, Nadwislanska 46, 32-642 Oswiecim, Poland] [country=Poland]
27	Decewicz_Dziewit_Oswiecim_Bseq3.20160126 [name=Decewicz Dziewit Primer B Oswiecim 20160126] [date=20160126] [latitude=50.038062] [longitude=19.321854] [address=Municipal and Industrial Wastewater Treatment Plant, Nadwislanska 46, 32-642 Oswiecim, Poland] [country=Poland]
28	Decewicz_Dziewit_Oswiecim_Bseq4.20160126 [name=Decewicz Dziewit Primer B Oswiecim 20160126] [latitude=50.038062] [longitude=19.321854] [address=Municipal and Industrial Wastewater Treatment Plant, Nadwislanska 46, 32-642 Oswiecim, Poland] [date=20160126] [country=Poland]
29	Decewicz_Dziewit_Warsaw_Bseq1.20160126 [name=Decewicz Dziewit Primer B Warsaw 20160126] [latitude=52.351351] [longitude=20.959269][address=Municipal Wastewater Treatment Plant Czajka, Czajki 4/6, Warsaw, 03-054 Warsaw, Poland] [date=20160126] [country=Poland]
30	Decewicz_Dziewit_Wyszkow_Bseq1.20160126 [name=Decewicz Dziewit Primer B Wyszkow 20160126] [latitude=52.577948] [longitude=21.429024] [address=Municipal Wastewater Treatment Plant, Rybienko Stare, 07-200 Wyszkow, Poland] [date=20160126] [country=Poland]
31	Decewicz_Dziewit_Wyszkow_Bseq2.20160126 [name=Decewicz Dziewit Primer B Wyszkow 20160126] [latitude=52.577948] [longitude=21.429024] [address=Municipal Wastewater Treatment Plant, Rybienko Stare, 07-200 Wyszkow, Poland] [date=20160126] [country=Poland]
32	Decewicz_Dziewit_Wyszkow_Bseq3.20160126 [name=Decewicz Dziewit Primer B Wyszkow 20160126] [latitude=52.577948] [longitude=21.429024] [address=Municipal Wastewater Treatment Plant, Rybienko Stare, 07-200 Wyszkow, Poland] [date=20160126] [country=Poland]
33	Decewicz_Dziewit_Wyszkow_Bseq4.20160126 [name=Decewicz Dziewit Primer B Wyszkow 20160126] [latitude=52.577948] [longitude=21.429024] [address=Municipal Wastewater Treatment Plant, Rybienko Stare, 07-200 Wyszkow, Poland] [date=20160126] [country=Poland]
34	Decewicz_Dziewit_Wyszkow_Bseq5.20160126 [name=Decewicz Dziewit Primer B Wyszkow 20160126] [latitude=52.577948] [longitude=21.429024] [address=Municipal Wastewater Treatment Plant, Rybienko Stare, 07-200 Wyszkow, Poland] [date=20160126] [country=Poland]
35	Decewicz_Dziewit_Lodz_Bseq1.20160303 [name=Decewicz Dziewit Primer B Lodz 20160303] [latitude=51.727940] [longitude=19.347618] [address=Group Wastewater Treatment Plant, Sanitariuszek 66, 91-867 Lodz, Poland] [date=20160303] [country=Poland]
36	Decewicz_Dziewit_Lodz_Bseq2.20160303 [name=Decewicz Dziewit Primer B Lodz 20160303] [latitude=51.727940] [longitude=19.347618] [address=Group Wastewater Treatment Plant, Sanitariuszek 66, 91-867 Lodz, Poland] [date=20160303] [country=Poland]
37	Decewicz_Dziewit_Lodz_Bseq3.20160303 [name=Decewicz Dziewit Primer B Lodz 20160303] [latitude=51.727940] [longitude=19.347618] [address=Group Wastewater Treatment Plant, Sanitariuszek 66, 91-867 Lodz, Poland] [date=20160303] [country=Poland]
38	Decewicz_Dziewit_Lodz_Bseq4.20160303 [name=Decewicz Dziewit Primer B Lodz 20160303] [latitude=51.727940] [longitude=19.347618] [address=Group Wastewater Treatment Plant, Sanitariuszek 66, 91-867 Lodz, Poland] [date=20160303] [country=Poland]
39	Decewicz_Dziewit_Lodz_Bseq5.20160303 [name=Decewicz Dziewit Primer B Lodz 20160303] [latitude=51.727940] [longitude=19.347618] [address=Group Wastewater Treatment Plant, Sanitariuszek 66, 91-867 Lodz, Poland] [date=20160303] [country=Poland]
40	Decewicz_Dziewit_Oswiecim_Bseq1.20160303 [name=Decewicz Dziewit Primer B Oswiecim 20160303] [latitude=50.038062] [longitude=19.321854] [address=Municipal and Industrial Wastewater Treatment Plant, Nadwislanska 46, 32-642 Oswiecim, Poland] [date=20160303] [country=Poland]
41	Decewicz_Dziewit_Oswiecim_Bseq2.20160303 [name=Decewicz Dziewit Primer B 20160303] [latitude=50.038062] [longitude=19.321854] [address=Municipal and Industrial Wastewater Treatment Plant, Nadwislanska 46, 32-642 Oswiecim, Poland] [date=20160303] [country=Poland]
42	Decewicz_Dziewit_Oswiecim_Bseq3.20160303 [name=Decewicz Dziewit Primer B 20160303] [latitude=50.038062] [longitude=19.321854] [address=Municipal and Industrial Wastewater Treatment Plant, Nadwislanska 46, 32-642 Oswiecim, Poland] [date=20160303] [country=Poland]
43	Decewicz_Dziewit_Oswiecim_Bseq4.20160303 [name=Decewicz Dziewit Primer B 20160303] [latitude=50.038062] [longitude=19.321854] [address=Municipal and Industrial Wastewater Treatment Plant, Nadwislanska 46, 32-642 Oswiecim, Poland] [date=20160303] [country=Poland]
44	Decewicz_Dziewit_Oswiecim_Bseq5.20160303 [name=Decewicz Dziewit Primer B 20160303] [latitude=50.038062] [longitude=19.321854] [address=Municipal and Industrial Wastewater Treatment Plant, Nadwislanska 46, 32-642 Oswiecim, Poland] [date=20160303] [country=Poland]
45	Decewicz_Dziewit_Warsaw_Bseq1.20160303 [name=Decewicz Dziewit Primer B Warsaw 20160126] [latitude=52.351351] [longitude=20.959269] [address=Municipal Wastewater Treatment Plant Czajka, Czajki 4/6, Warsaw, 03-054 Warsaw, Poland] [date=20160126] [country=Poland]
46	Decewicz_Dziewit_Warsaw_Bseq2.20160303 [name=Decewicz Dziewit Primer B Warsaw 20160126] [latitude=52.351351] [longitude=20.959269] [address=Municipal Wastewater Treatment Plant Czajka, Czajki 4/6, Warsaw, 03-054 Warsaw, Poland] [date=20160126] [country=Poland]
47	Decewicz_Dziewit_Warsaw_Bseq3.20160303 [name=Decewicz Dziewit Primer B Warsaw 20160126] [latitude=52.351351] [longitude=20.959269] [address=Municipal Wastewater Treatment Plant Czajka, Czajki 4/6, Warsaw, 03-054 Warsaw, Poland] [date=20160126] [country=Poland]
48	Decewicz_Dziewit_Wyszkow_Bseq1.20160303 [name=Decewicz Dziewit Primer B Wyszkow 20160303] [latitude=52.577948] [longitude=21.429024] [address=Municipal Wastewater Treatment Plant, Rybienko Stare, 07-200 Wyszkow, Poland] [date=20160303] [country=Poland]
49	Decewicz_Dziewit_Wyszkow_Bseq2.20160303 [name=Decewicz Dziewit Primer B Wyszkow 20160303] [latitude=52.577948] [longitude=21.429024] [address=Municipal Wastewater Treatment Plant, Rybienko Stare, 07-200 Wyszkow, Poland] [date=20160303] [country=Poland]
50	Decewicz_Dziewit_Wyszkow_Bseq3.20160303 [name=Decewicz Dziewit Primer B Wyszkow 20160303] [latitude=52.577948] [longitude=21.429024] [address=Municipal Wastewater Treatment Plant, Rybienko Stare, 07-200 Wyszkow, Poland] [date=20160303] [country=Poland]
51	Decewicz_Dziewit_Wyszkow_Bseq4.20160303 [name=Decewicz Dziewit Primer B Wyszkow 20160303] [latitude=52.577948] [longitude=21.429024] [address=Municipal Wastewater Treatment Plant, Rybienko Stare, 07-200 Wyszkow, Poland] [date=20160303] [country=Poland]
52	Decewicz_Dziewit_Wyszkow_Bseq5.20160303 [name=Decewicz Dziewit Primer B Wyszkow 20160303] [latitude=52.577948] [longitude=21.429024] [address=Municipal Wastewater Treatment Plant, Rybienko Stare, 07-200 Wyszkow, Poland] [date=20160303] [country=Poland]
53	Desnues_sewage27_primerB.20151217 [name=Desnues lab sewage 27 primer B 20151217] [date=20151217] [latitude=43.2888] [longitude=5.4005] [note=coordinates are hospital location] [country=France]
54	DiazMunoz_Davis1_B [name=DiazMunoz_Davis1_B] [date=20160421] [latitude=38.590894] [longitude=-121.666779] [altitude=8.659m] [country=USA]
55	DiazMunoz_Davis3_B [name=DiazMunoz_Davis3_B] [date=20160421] [latitude=38.590894] [longitude=-121.666779] [altitude=8.659m] [country=USA]
56	DiazMunoz_NYC_B [name=DiazMunoz_NYC_B] [date=20141214] [latitude=40.7128] [longitude=-74.0059] [altitude=10.453m] [country=USA]
57	Edwards_B.20151012.S1 [name=Edwards Primer B Site 1 20151026] [latitude=33.105788] [longitude=-117.114064] [address=Water Quality Testing, 1521 S. Hale Avenue Escondido, CA 92029, USA] [date=20151026] [country=USA]
58	Edwards_B.20151012.S2 [name=Edwards Primer B Site 2 20151026] [latitude=33.016467] [longitude=-117.273686] [address=San Elijo Joint Powers Authority, 2695 Manchester Avenue, Cardiff by the Sea, California 92007-7077] [date=20151026] [country=USA]
59	Edwards_B.20151012.S3 [name=Edwards Primer B Site 3 20151012] [latitude=33.116202] [longitude=-117.321597] [address=Encina Wastewater Authority, 6200 Avenida Encinas, Carlsbad, CA 92011] [date=20151012] [country=USA]
60	Edwards_B.20151012.S4 [name=Edwards Primer B Site 4 20151026] [latitude=33.144526] [longitude=-117.178849] [address=Vallecitos Water District, 201 Vallecitos De Oro, San Marcos, CA 92069] [date=20151026] [country=USA]
61	Edwards_B.20151209.S1 [name=Edwards Primer B Site 1 20151209] [latitude=33.105788] [longitude=-117.114064] [address=Water Quality Testing, 1521 S. Hale Avenue Escondido, CA 92029, USA] [date=20151209] [country=USA]  
62	Edwards_B.20151209.S2 [name=Edwards Primer B Site 2 20151209] [latitude=33.016467] [longitude=-117.273686] [address=San Elijo Joint Powers Authority, 2695 Manchester Avenue, Cardiff by the Sea, California 92007-7077]  [date=20151209] [country=USA] 
63	Edwards_B.20151209.S3 [name=Edwards Primer B Site 3 20151209] [latitude=33.116202] [longitude=-117.321597] [address=Encina Wastewater Authority, 6200 Avenida Encinas, Carlsbad, CA 92011] [date=20151209] [country=USA] 
64	Edwards_B.20151209.S4 [name=Edwards Primer B Site 4 20151209] [latitude=33.144526] [longitude=-117.178849] [address=Vallecitos Water District, 201 Vallecitos De Oro, San Marcos, CA 92069] [date=20151209] [country=USA] 
65	Fineran_Dunedin_B [name=Fineran Primer B] [latitude=-45.9062333] [longitude=170.4858516] [address=10 Tahuna Rd, Otago 9013, New Zealand]  [date=20160317] [country=New Zealand]
66	Fineran_Greymouth_B [name=Fineran Primer B] [latitude=-42.4921908] [longitude=171.1071795] [address=105 Tainui St, Greymouth 7805, New Zealand]  [date=20160317] [country=New Zealand]
67	Nigro_B.20161212.SandIsland [name=Hawaii B Sand Island Waste Water Treatment Plant Dec 12 2016] [latitude=21.307735] [longitude=-157.8824584] [address=1350 Sand Island Parkway # 3A, Honolulu, HI 96819] [date=20161212] [country=USA]
68	Nigro_B.20161212.Waianae [name=Hawaii B Waianae Waste Water Treatment Plant Dec 12 2016] [latitude=21.4467837] [longitude=-158.1928871] [address=Waianae, HI 96792] [date=20161212] [country=USA]
69	Muniesa_E1_Gav_primerB.201510 [name=Muniesa E1 Gava primer B Raw Sewage] [date=20151001] [latitude=41.3037013] [longitude=1.9858569] [source=Raw sewage] [country=Spain]
70	Muniesa_E2_Gav_primerB.201510 [name=Muniesa E2 Gava primer B Raw Sewage] [date=20151001] [latitude=41.3037013] [longitude=1.9858569] [source=Raw sewage] [country=Spain]
71	Muniesa_1.1_Gav_primerB.201510 [name=Muniesa 1.1 Gava primer B Primary Treatment] [date=20151001] [latitude=41.3037013] [longitude=1.9858569] [source=Primary Treatment] [country=Spain]
72	Muniesa_E4_Gav_primerB.201311 [name=Muniesa E4 Gava primer B Raw Sewage] [date=20131101] [latitude=41.3037013] [longitude=1.9858569] [source=Raw Sewage] [country=Spain]
73	Muniesa_E7_Gav_primerB.201401 [name=Muniesa E7 Gava primer B Raw Sewage] [date=20140101] [latitude=41.3037013] [longitude=1.9858569] [source=Raw Sewage] [country=Spain]
74	Muniesa_E8_ElPratdeLlobregat_primerB.201401 [name=Muniesa E8 El Prat de Llobregat primer B Raw Sewage] [date=20140101] [latitude=41.3224312] [longitude=2.0828713] [source=Raw Sewage] [country=Spain]
75	Muniesa_E13_Gav_primerB.201405 [name=Muniesa E13 Gava primer B Raw Sewage] [date=20140501] [latitude=41.3037013] [longitude=1.9858569] [source=Raw Sewage] [country=Spain]
76	Muniesa_E14_ElPratdeLlobregat_primerB.201401 [name=Muniesa E14 El Prat de Llobregat primer B Raw Sewage] [date=20140501] [latitude=41.3224312] [longitude=2.0828713] [source=Raw Sewage] [country=Spain]
77	Muniesa_E23_Gav_primerB.201406 [name=Muniesa E23 Gava primer B Raw Sewage] [date=20140601] [latitude=41.3037013] [longitude=1.9858569] [source=Raw Sewage] [country=Spain]
78	Muniesa_E32_Girona_primerB.201505 [name=Muniesa E32 Girona primer B Raw Sewage] [date=20150501] [latitude=41.3942867] [longitude=2.1701905] [source=Raw Sewage] [country=Spain]
79	Qimron_Jericho_B_20151202 [name=Qimron lab primer B 20151202] [date=20151202] [latitude=31.85] [longitude=35.45] [note=Collected in Jericho] [country=Israel]
80	Qimron_Qalqilyah_B_20151202 [name=Qimron lab primer B 20151202] [date=20151202] [latitude=32.18] [longitude=34.97] [note=Collected in Qalqilyah] [country=Israel]
81	Qimron_Ramallah_B_20151202 [name=Qimron lab primer B 20151202] [date=20151202] [latitude=31.9] [longitude=35.19] [note=Collected in Ramallah] [country=Israel]
82	Qimron_Salfit_B_20151202 [name=Qimron lab primer B 20151202] [date=20151202] [latitude=32.08] [longitude=35.18] [note=Collected in Salfit] [country=Israel]
83	Raya_B.20160414 [name=Raul Raya Primer B] [latitude=-34.6043888] [longitude=-58.4404233] [address=C1033AAJ, Av Rivadavia 1917, CABA, Argentina] [date=20160414] [country=Argentina]
84	Tyakht_Nov_282_B [name=Tyakht Nov_282_B primer B] [date=20160301] [latitude=55.03] [longitude=82.57] [address=Novosibirsk, Russia] [country=Russia]
85	Tyakht_Nov_285_B [name=Tyakht Nov_285_B primer B] [date=20160301] [latitude=55.03] [longitude=82.57] [address=Novosibirsk, Russia] [country=Russia]
86	Tyakht_Nov_287_B [name=Tyakht Nov_287_B primer B] [date=20160301] [latitude=55.03] [longitude=82.57] [address=Novosibirsk, Russia] [country=Russia]
87	Tyakht_OM_178_B [name=Tyakht OM_178_B primer B] [date=20160301] [latitude=54.3933] [longitude=72.4255] [address=Omsk, Russia] [country=Russia]
88	Tyakht_SAR_275_B [name=Tyakht SAR_275_B primer B] [date=20160301] [latitude=51.32] [longitude=46.00] [address=Saratov, Russia] [country=Russia]
89	Santos_B13.20160225 [name=Santos Primer B13] [latitude=38.7348396] [longitude=-9.1863262] [address=Instituto Superior Tecnico, Laboratorio de Analises, Av. Rovisco Pais, 1049-001 Lisboa] [date=20160225] [country=Portugal]
90	Santos_B21.20160225 [name=Santos Primer B21] [latitude=38.7348396] [longitude=-9.1863262] [address=Instituto Superior Tecnico, Laboratorio de Analises, Av. Rovisco Pais, 1049-001 Lisboa] [date=20160225] [country=Portugal]
91	Santos_B24.20160225 [name=Santos Primer B24] [latitude=38.7348396] [longitude=-9.1863262] [address=Instituto Superior Tecnico, Laboratorio de Analises, Av. Rovisco Pais, 1049-001 Lisboa] [date=20160225] [country=Portugal]
92	Strain_primerB.20151215 [name=Strain APC Microbiome Institute primer B 20151215] [date=20151215] [latitude=51.8925] [longitude=-8.4964] [note=coordinates are APC location] [country=Ireland]
93	Zambrano_B.20160412.s1 [name=Maria Zambrano Primer B 20160412] [latitude=4.6500014] [longitude=-74.0589398] [address=CorpoGen, Cra. 5 #66A-34, Bogota, Colombia ] [date=20160412] [country=Colombia] 
94	crAssphage_B [name=crAssphage Primer B] [latitude=0.0] [longitude=0.0] [date=20140724] [country=crAssphage B]
