0	Brouns_C.20151106 [name=Brouns lab primer C 20151106] [date=20151106] [latitude=52.180646] [longitude=5.9478529] [altitude=36m] [country=The Netherlands]
1	Cinek_bin08_primerC.20151120 [name=Cinek lab sample bin08 primer C 20151120] [date=20151120] [latitude=61.505] [longitude=23.815] [note=coordinates are hospital location] [country=Finland]
2	Cinek_bin11_primerC.20151120 [name=Cinek lab sample bin11 primer C 20151120] [date=20151120] [latitude=61.505] [longitude=23.815] [note=coordinates are hospital location] [country=Finland]
3	Cinek_bin12_primerC.20151120 [name=Cinek lab sample bin12 primer C 20151120] [date=20151120] [latitude=61.505] [longitude=23.815] [note=coordinates are hospital location] [country=Finland]
4	Cinek_bin13_primerC.20151120 [name=Cinek lab sample bin13 primer C 20151120] [date=20151120] [latitude=61.505] [longitude=23.815] [note=coordinates are hospital location] [country=Finland]
5	Cinek_bin14_primerC.20151120 [name=Cinek lab sample bin14 primer C 20151120] [date=20151120] [latitude=61.505] [longitude=23.815] [note=coordinates are hospital location] [country=Finland]
6	Cinek_bin15_primerC.20151120 [name=Cinek lab sample bin15 primer C 20151120] [date=20151120] [latitude=61.505] [longitude=23.815] [note=coordinates are hospital location] [country=Finland]
7	Cinek_bin16_primerC.20151120 [name=Cinek lab sample bin16 primer C 20151120] [date=20151120] [latitude=61.505] [longitude=23.815] [note=coordinates are hospital location] [country=Finland]
8	Cinek_bin55_primerC.20151120 [name=Cinek lab sample bin55 primer C 20151120] [date=20151120] [latitude=61.505] [longitude=23.815] [note=coordinates are hospital location] [country=Finland]
9	Cinek_bin56_primerC.20151120 [name=Cinek lab sample bin56 primer C 20151120] [date=20151120] [latitude=61.505] [longitude=23.815] [note=coordinates are hospital location] [country=Finland]
10	Cinek_bin79_primerC.20151120 [name=Cinek lab sample bin79 primer C 20151120] [date=20151120] [latitude=61.505] [longitude=23.815] [note=coordinates are hospital location] [country=Finland]
11	Desnues_stool3_primerB.20151217 [name=Desnues lab stool 3 primer C 20151217] [date=20151217] [latitude=43.2888] [longitude=5.4005] [note=coordinates are hospital location] [country=France]
12	Edwards_C.20151012.S1 [name=Edwards Primer C Site 1 20151026] [latitude=33.105788] [longitude=-117.114064] [address=Water Quality Testing, 1521 S. Hale Avenue Escondido, CA 92029, USA] [date=20151012] [country=USA]
13	Edwards_C.20151012.S2 [name=Edwards Primer C Site 2 20151026] [latitude=33.016467] [longitude=-117.273686] [address=San Elijo Joint Powers Authority, 2695 Manchester Avenue, Cardiff by the Sea, California 92007-7077] [date=20151012] [country=USA]
14	Edwards_C.20151012.S3 [name=Edwards Primer C Site 3 20151012] [latitude=33.116202] [longitude=-117.321597] [address=Encina Wastewater Authority, 6200 Avenida Encinas, Carlsbad, CA 92011] [date=20151012] [country=USA]
15	Edwards_C.20151012.S4 [name=Edwards Primer C Site 4 20151012] [latitude=33.144526] [longitude=-117.178849[ [address=Vallecitos Water District, 201 Vallecitos De Oro, San Marcos, CA 92069] [date=20151012] [country=USA]
16	Edwards_C.20151209.S1 [name=Edwards Primer C Site 1 20151209] [latitude=33.105788] [longitude=-117.114064] [address=Water Quality Testing, 1521 S. Hale Avenue Escondido, CA 92029, USA] [date=20151209] [country=USA] 
17	Edwards_C.20151209.S2 [name=Edwards Primer C Site 2 20151209] [latitude=33.016467] [longitude=-117.273686] [address=San Elijo Joint Powers Authority, 2695 Manchester Avenue, Cardiff by the Sea, California 92007-7077]  [date=20151209] [country=USA] 
18	Edwards_C.20151209.S3 [name=Edwards Primer C Site 3 20151209] [latitude=33.116202] [longitude=-117.321597] [address=Encina Wastewater Authority, 6200 Avenida Encinas, Carlsbad, CA 92011] [date=20151209] [country=USA] 
19	Edwards_C.20151209.S4 [name=Edwards Primer C Site 4 20151209] [latitude=33.144526] [longitude=-117.178849[ [address=Vallecitos Water District, 201 Vallecitos De Oro, San Marcos, CA 92069] [date=20151209] [country=USA] 
20	Qimron_Jericho_C_20151202 [name=Qimron lab primer C 20151202] [latitude=31.85] [longitude=35.45] [note=Collected in Jericho] [country=Israel]
21	Qimron_Qalqilyah_C_20151202 [name=Qimron lab primer C 20151202] [latitude=32.18] [longitude=34.97] [note=Collected in Qalqilyah] [country=Israel]
22	Qimron_Ramallah_C_20151202 [name=Qimron lab primer C 20151202] [latitude=31.9] [longitude=35.19] [note=Collected in Ramallah] [country=Israel]
23	Qimron_Salfit_C_20151202 [name=Qimron lab primer C 20151202] [latitude=32.08] [longitude=35.18] [note=Collected in Salfit] [country=Israel]
24	Strain_primerC.20151215 [name=Strain APC Microbiome Institute primer C 20151215] [date=20151215] [latitude=51.8925] [longitude=-8.4964] [note=coordinates are APC location] [country=Ireland]
25	crAssphage_C [name=crAssphage Primer C] [latitude=0.0] [longitude=0.0] [date=20140724] [country=crAssphage C]
