Pakenham|20161213|Australia|1	Barr_1A_20161213 [name=Barr Monash Sample1 PrimerA 20161213] [date=20161213] [latlon=-38.1122141,145.4864454] [primer=A] [latitude=-38.1122141] [longitude=145.4864454] [sample_number=1] [location=Pakenham WWTP, Victoria, Australia] [type=WWTP] [country=Australia] [locality=Pakenham]
Southbank|20170824|Australia|1	Barr_4A_20170824 [name=Barr Monash Sample4 PrimerA 20170824] [date=20170824] [latlon=-37.8274851,144.9527136] [primer=A] [latitude=-37.8274851] [longitude=144.9527136] [sample_number=4] [location=Melbourne, Victoria, Australia] [type=WWTP] [country=Australia] [locality=Southbank]
North_Fremantle|20170816|Australia|1	Barr_5A_20170816 [name=Barr Monash Sample5 PrimerA 20170816] [date=20170816] [latlon=-32.0397544,115.6806686] [primer=A] [latitude=-32.0397544] [longitude=115.6806686] [sample_number=5] [location=WWTP, Western Australia, Australia] [type=WWTP] [country=Australia] [locality=North Fremantle]
Mascot|20170816|Australia|1	Barr_6A_20170816 [name=Barr Monash Sample6 PrimerA 20170816] [date=20170816] [latlon=-33.9399228,151.1730824] [primer=A] [latitude=-33.9399228] [longitude=151.1730824] [sample_number=6] [location=New South Wales, Australia] [type=Raw Sewage] [country=Australia] [locality=Mascot]
Pinkenba|20170822|Australia|1	Barr_8A_20170822 [name=Barr Monash Sample8 PrimerA 20170822] [date=20170822] [latlon=-27.3755791,153.1491078] [primer=A] [latitude=-27.3755791] [longitude=153.1491078] [sample_number=8] [location=Luggage Point WWTP, Queensland, Australia] [type=WWTP] [country=Australia] [locality=Pinkenba]
Victorville|20170403|USA|1	BibbyS2_20170403_PrimerA [name=BibbyS2_20170403] [date=20170403] [primer=A] [latlon=34.6147109,-117.357345] [latitude=34.6147109] [longitude=-117.357345] [locality=Victorville] [country=USA] [address=Victor Valley Wastewater Reclamation Authority, 20111 Shay Rd. Victorville, CA 92394]
Laguna_Niguel|20170403|USA|1	BibbyS3_20170403_PrimerA [name=BibbyS3_20170403] [date=20170403] [primer=A] [latlon=33.5408776,-117.7063134] [latitude=33.5408776] [longitude=-117.7063134] [locality=Laguna Niguel] [country=USA] [address=Regional Treatment Plant, 29201 La Paz Rd, Laguna Niguel, CA 92629]
Aliso_Viejo|20170403|USA|1	BibbyS4_20170403_PrimerA [name=BibbyS4_20170403] [date=20170403] [primer=A] [latlon=33.552967,-117.7218447] [latitude=33.552967] [longitude=-117.7218447] [locality=Aliso Viejo] [country=USA] [address=Coastal Treatment Plant, 28303 Alicia Pkwy, Laguna Niguel, CA 92677]
Dana_Point|20170403|USA|1	BibbyS5_20170403_PrimerA [name=BibbyS5_20170403] [date=20170403] [primer=A] [latlon=33.4669069,-117.6872511] [latitude=33.4669069] [longitude=-117.6872511] [locality=Dana Point] [country=USA] [address=J. B. Latham Plant, 34156 Del Obispo, Dana Pt., CA 92629]
Apeldoorn|20151106|The_Netherlands|1	Brouns_A.20151106 [name=Brouns lab primer A 20151106] [primer=A] [date=20151106] [latlon=52.180646,5.9478529] [latitude=52.180646] [longitude=5.9478529] [altitude=36m] [country=The_Netherlands] [address=Albert Schweitzerlaan 31, 7334 DZ Apeldoorn, The_Netherlands] [locality=Apeldoorn] [contact=Stan Brouns] [university=Delft University of Technology]
Karlsruhe|20160208|Germany|1	Cho_A.20160208 [name=GyuSung Cho Primer A 20160208] [primer=A] [latlon=49.0151676,8.4008814] [latitude=49.0151676] [longitude=8.4008814] [address=Max RubnerInstitut, Karlsruhe, HaidundNeuStraBe 9, 76131] [date=20160208] [country=Germany] [locality=Karlsruhe] [contact=Gyu-Sung Cho] [university=Max Rubner-Institut]
Amman|20170421|Jordan|1	Cinek_221A_20170421 [name=Cinek primer A sample 221 20170421] [primer=A] [date=20170421] [latlon=31.9454,35.9284] [latitude=31.9454] [longitude=35.9284] [sample_number=221] [country=Jordan] [locality=Amman] [contact=Ondrej Cinek] [university=Univerzita Karlova]
Amman|20170421|Jordan|2	Cinek_244A_20170421 [name=Cinek primer A sample 244 20170421] [primer=A] [date=20170421] [latlon=31.9454,35.9284] [latitude=31.9454] [longitude=35.9284] [sample_number=244] [country=Jordan] [locality=Amman] [contact=Ondrej Cinek] [university=Univerzita Karlova]
Baki|20170421|Azerbaijan|1	Cinek_335A_20170421 [name=Cinek primer A sample 335 20170421] [primer=A] [date=20170421] [latlon=40.4093,49.8671] [latitude=40.4093] [longitude=49.8671] [sample_number=335] [country=Azerbaijan] [locality=Baki] [contact=Ondrej Cinek] [university=Univerzita Karlova]
Amman|20170421|Jordan|3	Cinek_236A_20170421 [name=Cinek primer A sample 236 20170421] [primer=A] [date=20170421] [latlon=31.9454,35.9284] [latitude=31.9454] [longitude=35.9284] [sample_number=236] [country=Jordan] [locality=Amman] [contact=Ondrej Cinek] [university=Univerzita Karlova]
Khartoum|20160302|Sudan|1	Cinek_267A_20170421 [name=Cinek primer A sample 267 20170421] [primer=A] [date=20170421] [sample_date=20160302] [latlon=15.5007,32.5599] [latitude=15.5007] [longitude=32.5599] [sample_number=267] [country=Sudan] [locality=Khartoum] [contact=Ondrej Cinek] [university=Univerzita Karlova]
Abuja|20170421|Nigeria|1	Cinek_195A_20170421 [name=Cinek primer A sample 195 20170421] [primer=A] [date=20170421] [latlon=9.0765,7.3986] [latitude=9.0765] [longitude=7.3986] [sample_number=195] [country=Nigeria] [locality=Abuja] [contact=Ondrej Cinek] [university=Univerzita Karlova]
Khartoum|20160303|Sudan|1	Cinek_260A_20170421 [name=Cinek primer A sample 260 20170421] [primer=A] [date=20170421] [sample_date=20160303] [latlon=15.5007,32.5599] [latitude=15.5007] [longitude=32.5599] [sample_number=260] [country=Sudan] [locality=Khartoum] [contact=Ondrej Cinek] [university=Univerzita Karlova]
Baki|20170421|Azerbaijan|2	Cinek_363A_20170421 [name=Cinek primer A sample 363 20170421] [primer=A] [date=20170421] [latlon=40.4093,49.8671] [latitude=40.4093] [longitude=49.8671] [sample_number=363] [country=Azerbaijan] [locality=Baki] [contact=Ondrej Cinek] [university=Univerzita Karlova]
Khartoum|20160208|Sudan|1	Cinek_292A_20170421 [name=Cinek primer A sample 292 20170421] [primer=A] [date=20170421] [sample_date=20160208] [latlon=15.5007,32.5599] [latitude=15.5007] [longitude=32.5599] [sample_number=292] [country=Sudan] [locality=Khartoum] [contact=Ondrej Cinek] [university=Univerzita Karlova]
Baki|20170421|Azerbaijan|3	Cinek_353A_20170421 [name=Cinek primer A sample 353 20170421] [primer=A] [date=20170421] [latlon=40.4093,49.8671] [latitude=40.4093] [longitude=49.8671] [sample_number=353] [country=Azerbaijan] [locality=Baki] [contact=Ondrej Cinek] [university=Univerzita Karlova]
Abuja|20170421|Nigeria|2	Cinek_200A_20170421 [name=Cinek primer A sample 200 20170421] [primer=A] [date=20170421] [latlon=9.0765,7.3986] [latitude=9.0765] [longitude=7.3986] [sample_number=200] [country=Nigeria] [locality=Abuja] [contact=Ondrej Cinek] [university=Univerzita Karlova]
Khartoum|20160304|Sudan|1	Cinek_288A_20170421 [name=Cinek primer A sample 288 20170421] [primer=A] [date=20170421] [sample_date=20160304] [latlon=15.5007,32.5599] [latitude=15.5007] [longitude=32.5599] [sample_number=288] [country=Sudan] [locality=Khartoum] [contact=Ondrej Cinek] [university=Univerzita Karlova]
Khartoum|20160309|Sudan|1	Cinek_274A_20170421 [name=Cinek primer A sample 274 20170421] [primer=A] [date=20170421] [sample_date=20160309] [latlon=15.5007,32.5599] [latitude=15.5007] [longitude=32.5599] [sample_number=274] [country=Sudan] [locality=Khartoum] [contact=Ondrej Cinek] [university=Univerzita Karlova]
Amman|20170421|Jordan|4	Cinek_237A_20170421 [name=Cinek primer A sample 237 20170421] [primer=A] [date=20170421] [latlon=31.9454,35.9284] [latitude=31.9454] [longitude=35.9284] [sample_number=237] [country=Jordan] [locality=Amman] [contact=Ondrej Cinek] [university=Univerzita Karlova]
Amman|20170421|Jordan|5	Cinek_217A_20170421 [name=Cinek primer A sample 217 20170421] [primer=A] [date=20170421] [latlon=31.9454,35.9284] [latitude=31.9454] [longitude=35.9284] [sample_number=217] [country=Jordan] [locality=Amman] [contact=Ondrej Cinek] [university=Univerzita Karlova]
Khartoum|20160311|Sudan|1	Cinek_256A_20170421 [name=Cinek primer A sample 256 20170421] [primer=A] [date=20170421] [sample_date=20160311] [latlon=15.5007,32.5599] [latitude=15.5007] [longitude=32.5599] [sample_number=256] [country=Sudan] [locality=Khartoum] [contact=Ondrej Cinek] [university=Univerzita Karlova]
Khartoum|20160303|Sudan|2	Cinek_252A_20170421 [name=Cinek primer A sample 252 20170421] [primer=A] [date=20170421] [sample_date=20160303] [latlon=15.5007,32.5599] [latitude=15.5007] [longitude=32.5599] [sample_number=252] [country=Sudan] [locality=Khartoum] [contact=Ondrej Cinek] [university=Univerzita Karlova]
Baki|20170421|Azerbaijan|4	Cinek_337A_20170421 [name=Cinek primer A sample 337 20170421] [primer=A] [date=20170421] [latlon=40.4093,49.8671] [latitude=40.4093] [longitude=49.8671] [sample_number=337] [country=Azerbaijan] [locality=Baki] [contact=Ondrej Cinek] [university=Univerzita Karlova]
Amman|20170421|Jordan|6	Cinek_223A_20170421 [name=Cinek primer A sample 223 20170421] [primer=A] [date=20170421] [latlon=31.9454,35.9284] [latitude=31.9454] [longitude=35.9284] [sample_number=223] [country=Jordan] [locality=Amman] [contact=Ondrej Cinek] [university=Univerzita Karlova]
Khartoum|20160203|Sudan|1	Cinek_249A_20170421 [name=Cinek primer A sample 249 20170421] [primer=A] [date=20170421] [sample_date=20160203] [latlon=15.5007,32.5599] [latitude=15.5007] [longitude=32.5599] [sample_number=249] [country=Sudan] [locality=Khartoum] [contact=Ondrej Cinek] [university=Univerzita Karlova]
Khartoum|20160210|Sudan|1	Cinek_300A_20170421 [name=Cinek primer A sample 300 20170421] [primer=A] [date=20170421] [sample_date=20160210] [latlon=15.5007,32.5599] [latitude=15.5007] [longitude=32.5599] [sample_number=300] [country=Sudan] [locality=Khartoum] [contact=Ondrej Cinek] [university=Univerzita Karlova]
Amman|20170421|Jordan|7	Cinek_222A_20170421 [name=Cinek primer A sample 222 20170421] [primer=A] [date=20170421] [latlon=31.9454,35.9284] [latitude=31.9454] [longitude=35.9284] [sample_number=222] [country=Jordan] [locality=Amman] [contact=Ondrej Cinek] [university=Univerzita Karlova]
Baki|20170421|Azerbaijan|5	Cinek_362A_20170421 [name=Cinek primer A sample 362 20170421] [primer=A] [date=20170421] [latlon=40.4093,49.8671] [latitude=40.4093] [longitude=49.8671] [sample_number=362] [country=Azerbaijan] [locality=Baki] [contact=Ondrej Cinek] [university=Univerzita Karlova]
Khartoum|20160305|Sudan|1	Cinek_296A_20170421 [name=Cinek primer A sample 296 20170421] [primer=A] [date=20170421] [sample_date=20160305] [latlon=15.5007,32.5599] [latitude=15.5007] [longitude=32.5599] [sample_number=296] [country=Sudan] [locality=Khartoum] [contact=Ondrej Cinek] [university=Univerzita Karlova]
AlJafr|20050402|Jordan|1	Cinek_232A_20050402 [name=Cinek lab sample 232 A 20050402] [primer=A] [date=20050402] [sex=m] [country=Jordan] [latlon=30.585164,36.238414] [latitude=30.585164] [longitude=36.238414] [note=Assembly of 4 reads: 232_A_intf.ab1 (reversed), 232_A_r.ab1, 232_A_intr.ab1, 232_A_f.ab1 (reversed)] [locality=Al-Jafr] [contact=Ondrej Cinek] [university=Univerzita Karlova]
Zerdab|20050412|Azerbaijan|1	Cinek_354A_20050412 [name=Cinek lab sample 354 A 20050412] [primer=A] [date=20050412] [sex=f] [country=Azerbaijan] [latlon=40.143105,47.576927] [latitude=40.143105] [longitude=47.576927] [note=Assembly of 4 reads: 354_A_intf.ab1 (reversed), 354_A_r.ab1, 354_A_intr.ab1, 354_A_f.ab1 (reversed)] [locality=Zerdab] [contact=Ondrej Cinek] [university=Univerzita Karlova]
Wamba|20010901|Nigeria|1	Cinek_198A_20010901 [name=Cinek lab sample 198 A 20010901] [primer=A] [date=20010901] [country=Nigeria] [latlon=9.081999,8.675277] [latitude=9.081999] [longitude=8.675277] [note=Assembly of 4 reads: 198_A_intf.ab1 (reversed), 198_A_r.ab1, 198_A_intr.ab1, 198_A_f.ab1 (reversed)] [locality=Wamba] [contact=Ondrej Cinek] [university=Univerzita Karlova]
North_Kurdufan|00000000|Sudan|1	Cinek_285A_unknown [name=Cinek lab sample 285 A unknown] [primer=A] [date=unknown] [sex=f] [country=Sudan] [latlon=12.862807,30.217636] [latitude=12.862807] [longitude=30.217636] [note=Assembly of 4 reads: 285_A_intf.ab1 (reversed), 285_A_r.ab1, 285_A_intr.ab1, 285_A_f.ab1 (reversed)] [locality=North Kurdufan] [contact=Ondrej Cinek] [university=Univerzita Karlova]
North_Kurdufan|00000000|Sudan|2	Cinek_291A_unknown [name=Cinek lab sample 291 A unknown] [primer=A] [date=unknown] [country=Sudan] [latlon=12.862807,30.217636] [latitude=12.862807] [longitude=30.217636] [note=Assembly of 4 reads: 291_A_intf.ab1 (reversed), 291_A_r.ab1, 291_A_intr.ab1, 291_A_f.ab1 (reversed)] [locality=North Kurdufan] [contact=Ondrej Cinek] [university=Univerzita Karlova]
Zerdab|20070126|Azerbaijan|1	Cinek_344A_20070126 [name=Cinek lab sample 344 A 20070126] [primer=A] [date=20070126] [sex=m] [country=Azerbaijan] [latlon=40.143105,47.576927] [latitude=40.143105] [longitude=47.576927] [note=Assembly of 4 reads: 344_A_intf.ab1 (reversed), 344_A_r.ab1, 344_A_intr.ab1, 344_A_f.ab1 (reversed)] [locality=Zerdab] [contact=Ondrej Cinek] [university=Univerzita Karlova]
Zerdab|20060505|Azerbaijan|1	Cinek_351A_20060505 [name=Cinek lab sample 351 A 20060505] [primer=A] [date=20060505] [sex=m] [country=Azerbaijan] [latlon=40.143105,47.576927] [latitude=40.143105] [longitude=47.576927] [note=Assembly of 4 reads: 351_A_intf.ab1 (reversed), 351_A_r.ab1, 351_A_intr.ab1, 351_A_f.ab1 (reversed)] [locality=Zerdab] [contact=Ondrej Cinek] [university=Univerzita Karlova]
North_Kurdufan|00000000|Sudan|3	Cinek_259A_unknown [name=Cinek lab sample 259 A unknown] [primer=A] [date=unknown] [sex=f] [country=Sudan] [latlon=12.862807,30.217636] [latitude=12.862807] [longitude=30.217636] [note=Assembly of 4 reads: 259_A_intf.ab1 (reversed), 259_A_r.ab1, 259_A_f.ab1 (reversed), 259_A_intr.ab1] [locality=North Kurdufan] [contact=Ondrej Cinek] [university=Univerzita Karlova]
Zerdab|20030925|Azerbaijan|1	Cinek_323A_20030925 [name=Cinek lab sample 323 A 20030925] [primer=A] [date=20030925] [sex=f] [country=Azerbaijan] [latlon=40.143105,47.576927] [latitude=40.143105] [longitude=47.576927] [note=Assembly of 4 reads: 323_A_intf.ab1 (reversed), 323_A_r.ab1, 323_A_intr.ab1, 323_A_f.ab1 (reversed)] [locality=Zerdab] [contact=Ondrej Cinek] [university=Univerzita Karlova]
Wamba|20091125|Nigeria|1	Cinek_189A_20091125 [name=Cinek lab sample 189 A 20091125] [primer=A] [date=20091125] [country=Nigeria] [latlon=9.081999,8.675277] [latitude=9.081999] [longitude=8.675277] [note=Assembly of 3 reads: 189_A_f.ab1, 189_A_intr.ab1 (reversed), 189_A_intf.ab1] [locality=Wamba] [contact=Ondrej Cinek] [university=Univerzita Karlova]
Zerdab|20030201|Azerbaijan|1	Cinek_348A_20030201 [name=Cinek lab sample 348 A 20030201] [primer=A] [date=20030201] [sex=m] [country=Azerbaijan] [latlon=40.143105,47.576927] [latitude=40.143105] [longitude=47.576927] [note=Assembly of 3 reads: 348_A_f.ab1, 348_A_r.ab1 (reversed), 348_A_intf.ab1] [locality=Zerdab] [contact=Ondrej Cinek] [university=Univerzita Karlova]
Zerdab|19990507|Azerbaijan|1	Cinek_365A_19990507 [name=Cinek lab sample 365 A 19990507] [primer=A] [date=19990507] [sex=m] [country=Azerbaijan] [latlon=40.143105,47.576927] [latitude=40.143105] [longitude=47.576927] [note=Assembly of 4 reads: 365_A_intf.ab1 (reversed), 365_A_r.ab1, 365_A_intr.ab1, 365_A_f.ab1 (reversed)] [locality=Zerdab] [contact=Ondrej Cinek] [university=Univerzita Karlova]
AlJafr|20020904|Jordan|1	Cinek_240A_20020904 [name=Cinek lab sample 240 A 20020904] [primer=A] [date=20020904] [sex=f] [country=Jordan] [latlon=30.585164,36.238414] [latitude=30.585164] [longitude=36.238414] [note=Assembly of 4 reads: 240_A_intf.ab1 (reversed), 240_A_r.ab1, 240_A_intr.ab1, 240_A_f.ab1 (reversed)] [locality=Al-Jafr] [contact=Ondrej Cinek] [university=Univerzita Karlova]
Zerdab|20030629|Azerbaijan|1	Cinek_321A_20030629 [name=Cinek lab sample 321 A 20030629] [primer=A] [date=20030629] [sex=f] [country=Azerbaijan] [latlon=40.143105,47.576927] [latitude=40.143105] [longitude=47.576927] [note=Assembly of 4 reads: 321_A_intf.ab1 (reversed), 321_A_r.ab1, 321_A_intr.ab1, 321_A_f.ab1 (reversed)] [locality=Zerdab] [contact=Ondrej Cinek] [university=Univerzita Karlova]
Zerdab|20120810|Azerbaijan|1	Cinek_328A_20120810 [name=Cinek lab sample 328 A 20120810] [primer=A] [date=20120810] [sex=m] [country=Azerbaijan] [latlon=40.143105,47.576927] [latitude=40.143105] [longitude=47.576927] [note=Assembly of 4 reads: 328_A_intf.ab1 (reversed), 328_A_r.ab1, 328_A_intr.ab1, 328_A_f.ab1 (reversed)] [locality=Zerdab] [contact=Ondrej Cinek] [university=Univerzita Karlova]
Zerdab|20031229|Azerbaijan|1	Cinek_326A_20031229 [name=Cinek lab sample 326 A 20031229] [primer=A] [date=20031229] [sex=f] [country=Azerbaijan] [latlon=40.143105,47.576927] [latitude=40.143105] [longitude=47.576927] [note=Assembly of 4 reads: 326_A_intf.ab1 (reversed), 326_A_r.ab1, 326_A_intr.ab1, 326_A_f.ab1 (reversed)] [locality=Zerdab] [contact=Ondrej Cinek] [university=Univerzita Karlova]
Zerdab|20071016|Azerbaijan|1	Cinek_343A_20071016 [name=Cinek lab sample 343 A 20071016] [primer=A] [date=20071016] [sex=f] [country=Azerbaijan] [latlon=40.143105,47.576927] [latitude=40.143105] [longitude=47.576927] [note=Assembly of 4 reads: 343_A_intf.ab1 (reversed), 343_A_r.ab1, 343_A_intr.ab1, 343_A_f.ab1 (reversed)] [locality=Zerdab] [contact=Ondrej Cinek] [university=Univerzita Karlova]
Zerdab|20031114|Azerbaijan|1	Cinek_325A_20031114 [name=Cinek lab sample 325 A 20031114] [primer=A] [date=20031114] [sex=f] [country=Azerbaijan] [latlon=40.143105,47.576927] [latitude=40.143105] [longitude=47.576927] [note=Assembly of 4 reads: 325_A_intf.ab1 (reversed), 325_A_r.ab1, 325_A_intr.ab1, 325_A_f.ab1 (reversed)] [locality=Zerdab] [contact=Ondrej Cinek] [university=Univerzita Karlova]
AlJafr|20070813|Jordan|1	Cinek_215A_20070813 [name=Cinek lab sample 215 A 20070813] [primer=A] [date=20070813] [sex=f] [country=Jordan] [latlon=30.585164,36.238414] [latitude=30.585164] [longitude=36.238414] [note=Assembly of 4 reads: 215_A_intf.ab1 (reversed), 215_A_r.ab1, 215_A_f.ab1 (reversed), 215_A_intr.ab1] [locality=Al-Jafr] [contact=Ondrej Cinek] [university=Univerzita Karlova]
Zerdab|20050203|Azerbaijan|1	Cinek_356A_20050203 [name=Cinek lab sample 356 A 20050203] [primer=A] [date=20050203] [sex=f] [country=Azerbaijan] [latlon=40.143105,47.576927] [latitude=40.143105] [longitude=47.576927] [note=Assembly of 4 reads: 356_A_f.ab1, 356_A_intr.ab1 (reversed), 356_A_r.ab1 (reversed), 356_A_intf.ab1] [locality=Zerdab] [contact=Ondrej Cinek] [university=Univerzita Karlova]
North_Kurdufan|00000000|Sudan|4	Cinek_298A_unknown [name=Cinek lab sample 298 A unknown] [primer=A] [date=unknown] [sex=m] [country=Sudan] [latlon=12.862807,30.217636] [latitude=12.862807] [longitude=30.217636] [note=Assembly of 4 reads: 298_A_intf.ab1 (reversed), 298_A_r.ab1, 298_A_intr.ab1, 298_A_f.ab1 (reversed)] [locality=North Kurdufan] [contact=Ondrej Cinek] [university=Univerzita Karlova]
Zerdab|20020517|Azerbaijan|1	Cinek_364A_20020517 [name=Cinek lab sample 364 A 20020517] [primer=A] [date=20020517] [sex=m] [country=Azerbaijan] [latlon=40.143105,47.576927] [latitude=40.143105] [longitude=47.576927] [note=Assembly of 4 reads: 364_A_intf.ab1 (reversed), 364_A_r.ab1, 364_A_intr.ab1, 364_A_f.ab1 (reversed)] [locality=Zerdab] [contact=Ondrej Cinek] [university=Univerzita Karlova]
Kostelec_nad_Orlici|20151201|Czech_Republic|1	Cinek_primerA_20.20151201 [name=Cinek primer A sample 20 20151201] [primer=A] [date=20151201] [latlon=50.1226675,16.2131856] [latitude=50.1226675] [longitude=16.2131856] [sample_number=375] [location=Zastavka u Brna] [type=post-STP, refugee camp] [country=Czech_Republic] [locality=Kostelec nad Orlici] [contact=Ondrej Cinek] [university=Univerzita Karlova]
Modfice|20151201|Czech_Republic|1	Cinek_primerA_22.20151201 [name=Cinek primer A sample 22 20151201] [primer=A] [date=20151201] [latlon=49.1278897,16.6144122] [latitude=49.1278897] [longitude=16.6144122] [sample_number=265] [location=Praha] [type=pre-sewage treatment plant] [country=Czech_Republic] [locality=Modfice] [contact=Ondrej Cinek] [university=Univerzita Karlova]
Prague|20151201|Czech_Republic|1	Cinek_primerA_23.20151201 [name=Cinek primer A sample 23 20151201] [primer=A] [date=20151201] [latlon=50.0751514,14.3406075] [latitude=50.0751514] [longitude=14.3406075] [sample_number=326] [location=Brno-Modrice] [type=pre-sewage treatment plant] [country=Czech_Republic] [locality=Prague] [contact=Ondrej Cinek] [university=Univerzita Karlova]
Zastavka|20151201|Czech_Republic|1	Cinek_primerA_19.20151201 [name=Cinek primer A sample 19 20151201] [primer=A] [date=20151201] [latlon=49.1874756,16.3586742] [latitude=49.1874756] [longitude=16.3586742] [sample_number=343] [location=Ostrava] [type=pre-sewage treatment plant] [country=Czech_Republic] [locality=Zastavka] [contact=Ondrej Cinek] [university=Univerzita Karlova]
Vysni_Lhoty|20151201|Czech_Republic|1	Cinek_primerA_10.20151201 [name=Cinek primer A sample 10 20151201] [primer=A] [date=20151201] [latlon=49.6358083,18.4569128] [latitude=49.6358083] [longitude=18.4569128] [sample_number=404] [location=Praha] [type=pre-sewage treatment plant] [country=Czech_Republic] [locality=Vysni Lhoty] [contact=Ondrej Cinek] [university=Univerzita Karlova]
Prague|20151201|Czech_Republic|2	Cinek_primerA_9.20151201 [name=Cinek primer A sample 9 20151201] [primer=A] [date=20151201] [latlon=50.0835494,14.4341414] [latitude=50.0835494] [longitude=14.4341414] [sample_number=298] [location=Usti n. Labem] [type=pre-sewage treatment plant] [country=Czech_Republic] [locality=Prague] [contact=Ondrej Cinek] [university=Univerzita Karlova]
Pilsen|20151201|Czech_Republic|1	Cinek_primerA_6.20151201 [name=Cinek primer A sample 6 20151201] [primer=A] [date=20151201] [latlon=49.7477831,13.3783489] [latitude=49.7477831] [longitude=13.3783489] [sample_number=414] [location=Ostrava] [type=pre-sewage treatment plant] [country=Czech_Republic] [locality=Pilsen] [contact=Ondrej Cinek] [university=Univerzita Karlova]
Kostelec_nad_Orlici|20151201|Czech_Republic|2	Cinek_primerA_7.20151201 [name=Cinek primer A sample 7 20151201] [primer=A] [date=20151201] [latlon=50.1226675,16.2131856] [latitude=50.1226675] [longitude=16.2131856] [sample_number=318] [location=Plzen] [type=pre-sewage treatment plant] [country=Czech_Republic] [locality=Kostelec nad Orlici] [contact=Ondrej Cinek] [university=Univerzita Karlova]
Zastavka|20151201|Czech_Republic|2	Cinek_primerA_2.20151201 [name=Cinek primer A sample 2 20151201] [primer=A] [date=20151201] [latlon=49.1879958,16.3630967] [latitude=49.1879958] [longitude=16.3630967] [sample_number=427] [location=Plzen] [type=pre-sewage treatment plant] [country=Czech_Republic] [locality=Zastavka] [contact=Ondrej Cinek] [university=Univerzita Karlova]
Ostrava|20151201|Czech_Republic|1	Cinek_primerA_11.20151201 [name=Cinek primer A sample 11 20151201] [primer=A] [date=20151201] [latlon=49.8346453,18.2820442] [latitude=49.8346453] [longitude=18.2820442] [sample_number=477] [location=Vysni Lhoty] [type=post-STP, refugee camp] [country=Czech_Republic] [locality=Ostrava] [contact=Ondrej Cinek] [university=Univerzita Karlova]
Usti_nad_Labem|20151201|Czech_Republic|1	Cinek_primerA_3.20151201 [name=Cinek primer A sample 3 20151201] [primer=A] [date=20151201] [latlon=50.6604875,14.0406928] [latitude=50.6604875] [longitude=14.0406928] [sample_number=430] [location=Brno - Zastavka] [type=post-STP, refugee camp] [country=Czech_Republic] [locality=Usti nad Labem] [contact=Ondrej Cinek] [university=Univerzita Karlova]
Ostrava|20151201|Czech_Republic|2	Cinek_primerA_18.20151201 [name=Cinek primer A sample 18 20151201] [primer=A] [date=20151201] [latlon=49.8346453,18.2820442] [latitude=49.8346453] [longitude=18.2820442] [sample_number=352] [location=Usti n. Labem] [type=pre-sewage treatment plant] [country=Czech_Republic] [locality=Ostrava] [contact=Ondrej Cinek] [university=Univerzita Karlova]
Ralsko|20151201|Czech_Republic|1	Cinek_primerA_16.20151201 [name=Cinek primer A sample 16 20151201] [primer=A] [date=20151201] [latlon=50.5583072,14.8217867] [latitude=50.5583072] [longitude=14.8217867] [sample_number=275] [location=Zastavka u Brna] [type=post-STP, refugee camp] [country=Czech_Republic] [locality=Ralsko] [contact=Ondrej Cinek] [university=Univerzita Karlova]
Ceske_Budejovice|20151201|Czech_Republic|1	Cinek_primerA_4.20151201 [name=Cinek primer A sample 4 20151201] [primer=A] [date=20151201] [latlon=48.9744694,14.4743417] [latitude=48.9744694] [longitude=14.4743417] [sample_number=466] [location=Usti nad Labem] [type=pre-sewage treatment plant] [country=Czech_Republic] [locality=Ceske Budejovice] [contact=Ondrej Cinek] [university=Univerzita Karlova]
Ceske_Budejovice|20151201|Czech_Republic|2	Cinek_primerA_14.20151201 [name=Cinek primer A sample 14 20151201] [primer=A] [date=20151201] [latlon=48.9744694,14.4743417] [latitude=48.9744694] [longitude=14.4743417] [sample_number=522] [location=Plzen] [type=pre-sewage treatment plant] [country=Czech_Republic] [locality=Ceske Budejovice] [contact=Ondrej Cinek] [university=Univerzita Karlova]
Modfice|20151201|Czech_Republic|2	Cinek_primerA_12.20151201 [name=Cinek primer A sample 12 20151201] [primer=A] [date=20151201] [latlon=49.1278897,16.6144122] [latitude=49.1278897] [longitude=16.6144122] [sample_number=476] [location=Ostrava] [type=pre-sewage treatment plant] [country=Czech_Republic] [locality=Modfice] [contact=Ondrej Cinek] [university=Univerzita Karlova]
Oslo|20050701|Norway|1	Oslo_20050701_Norway_1 [name=Cinek.Norway.amplicons.T6374_A] [date=20050701] [primer=A] [latlon=59.9138688,10.7522454] [latitude=59.9138688] [longitude=10.7522454] [locality=Oslo] [country=Norway] [yearmonth=200507] [sample_date=20050701] [method=Sanger]
Oslo|20050630|Norway|1	Oslo_20050630_Norway_1 [name=Cinek.Norway.amplicons.T6376_A] [date=20050630] [primer=A] [latlon=59.9138688,10.7522454] [latitude=59.9138688] [longitude=10.7522454] [locality=Oslo] [country=Norway] [yearmonth=200506] [sample_date=20050630] [method=Sanger]
Oslo|20050702|Norway|1	Oslo_20050702_Norway_1 [name=Cinek.Norway.amplicons.T6384_A] [date=20050702] [primer=A] [latlon=59.9138688,10.7522454] [latitude=59.9138688] [longitude=10.7522454] [locality=Oslo] [country=Norway] [yearmonth=200507] [sample_date=20050702] [method=Sanger]
Oslo|20050923|Norway|1	Oslo_20050923_Norway_1 [name=Cinek.Norway.amplicons.T7596_A_partial] [date=20050923] [primer=A] [latlon=59.9138688,10.7522454] [latitude=59.9138688] [longitude=10.7522454] [locality=Oslo] [country=Norway] [yearmonth=200509] [sample_date=20050923] [method=Sanger]
Oslo|20050926|Norway|1	Oslo_20050926_Norway_1 [name=Cinek.Norway.amplicons.T7664_A] [date=20050926] [primer=A] [latlon=59.9138688,10.7522454] [latitude=59.9138688] [longitude=10.7522454] [locality=Oslo] [country=Norway] [yearmonth=200509] [sample_date=20050926] [method=Sanger]
Oslo|20050926|Norway|2	Oslo_20050926_Norway_2 [name=Cinek.Norway.amplicons.T7667_A] [date=20050926] [primer=A] [latlon=59.9138688,10.7522454] [latitude=59.9138688] [longitude=10.7522454] [locality=Oslo] [country=Norway] [yearmonth=200509] [sample_date=20050926] [method=Sanger]
Oslo|20060129|Norway|1	Oslo_20060129_Norway_1 [name=Cinek.Norway.amplicons.T9676_A] [date=20060129] [primer=A] [latlon=59.9138688,10.7522454] [latitude=59.9138688] [longitude=10.7522454] [locality=Oslo] [country=Norway] [yearmonth=200601] [sample_date=20060129] [method=Sanger]
Oslo|20060129|Norway|2	Oslo_20060129_Norway_2 [name=Cinek.Norway.amplicons.T9681_A] [date=20060129] [primer=A] [latlon=59.9138688,10.7522454] [latitude=59.9138688] [longitude=10.7522454] [locality=Oslo] [country=Norway] [yearmonth=200601] [sample_date=20060129] [method=Sanger]
Oslo|20060201|Norway|1	Oslo_20060201_Norway_1 [name=Cinek.Norway.amplicons.T9713_A] [date=20060201] [primer=A] [latlon=59.9138688,10.7522454] [latitude=59.9138688] [longitude=10.7522454] [locality=Oslo] [country=Norway] [yearmonth=200602] [sample_date=20060201] [method=Sanger]
Oslo|20060131|Norway|1	Oslo_20060131_Norway_1 [name=Cinek.Norway.amplicons.T9717_A] [date=20060131] [primer=A] [latlon=59.9138688,10.7522454] [latitude=59.9138688] [longitude=10.7522454] [locality=Oslo] [country=Norway] [yearmonth=200601] [sample_date=20060131] [method=Sanger]
Oslo|20060201|Norway|2	Oslo_20060201_Norway_2 [name=Cinek.Norway.amplicons.T9743_A] [date=20060201] [primer=A] [latlon=59.9138688,10.7522454] [latitude=59.9138688] [longitude=10.7522454] [locality=Oslo] [country=Norway] [yearmonth=200602] [sample_date=20060201] [method=Sanger]
Oslo|20060206|Norway|1	Oslo_20060206_Norway_1 [name=Cinek.Norway.amplicons.T9785_A] [date=20060206] [primer=A] [latlon=59.9138688,10.7522454] [latitude=59.9138688] [longitude=10.7522454] [locality=Oslo] [country=Norway] [yearmonth=200602] [sample_date=20060206] [method=Sanger]
Oslo|20060501|Norway|1	Oslo_20060501_Norway_1 [name=Cinek.Norway.amplicons.T10995_A] [date=20060501] [primer=A] [latlon=59.9138688,10.7522454] [latitude=59.9138688] [longitude=10.7522454] [locality=Oslo] [country=Norway] [yearmonth=200605] [sample_date=20060501] [method=Sanger]
Oslo|20060504|Norway|1	Oslo_20060504_Norway_1 [name=Cinek.Norway.amplicons.T11039_A] [date=20060504] [primer=A] [latlon=59.9138688,10.7522454] [latitude=59.9138688] [longitude=10.7522454] [locality=Oslo] [country=Norway] [yearmonth=200605] [sample_date=20060504] [method=Sanger]
Oslo|20060505|Norway|1	Oslo_20060505_Norway_1 [name=Cinek.Norway.amplicons.T11066_A] [date=20060505] [primer=A] [latlon=59.9138688,10.7522454] [latitude=59.9138688] [longitude=10.7522454] [locality=Oslo] [country=Norway] [yearmonth=200605] [sample_date=20060505] [method=Sanger]
Oslo|20060512|Norway|1	Oslo_20060512_Norway_1 [name=Cinek.Norway.amplicons.T11138_A] [date=20060512] [primer=A] [latlon=59.9138688,10.7522454] [latitude=59.9138688] [longitude=10.7522454] [locality=Oslo] [country=Norway] [yearmonth=200605] [sample_date=20060512] [method=Sanger]
Oslo|20030410|Norway|1	Oslo_20030410_683_Norway_1 [name=Cinek.Norway.metagenome.683.1] [primer=A] [sample=683] [sample_date=20030410] [bin_id=110] [latlon=59.9138688,10.7522454] [latitude=59.9138688] [longitude=10.7522454] [sex=F] [sample_processing=filtering + pelleting + enzymes] [locality=Oslo] [country=Norway] [yearmonth=200304] [method=metagenome]
Oslo|20030410|Norway|2	Oslo_20030410_683_Norway_2 [name=Cinek.Norway.metagenome.683.2] [primer=A] [sample=683] [sample_date=20030410] [bin_id=110] [latlon=59.9138688,10.7522454] [latitude=59.9138688] [longitude=10.7522454] [sex=F] [sample_processing=filtering + pelleting + enzymes] [locality=Oslo] [country=Norway] [yearmonth=200304] [method=metagenome]
Oslo|20070729|Norway|1	Oslo_20070729_17467_Norway_4 [name=Cinek.Norway.metagenome.17467.4] [primer=A] [sample=17467] [sample_date=20070729] [bin_id=183] [latlon=59.9138688,10.7522454] [latitude=59.9138688] [longitude=10.7522454] [sex=F] [sample_processing=filtering + pelleting + enzymes] [locality=Oslo] [country=Norway] [yearmonth=200707] [method=metagenome]
Lodz|20160126|Poland|1	Decewicz_Dziewit_Lodz_Aseq1.20160126 [name=Decewicz Dziewit Primer A Lodz 20160126] [primer=A] [latlon=51.727940,19.347618] [latitude=51.727940] [longitude=19.347618] [address=Group Wastewater Treatment Plant, Sanitariuszek 66, 91867 Lodz, Poland] [date=20160126] [country=Poland] [locality=Lodz] [contact=Lukasz Dziewit] [university=University of Warsaw]
Lodz|20160126|Poland|2	Decewicz_Dziewit_Lodz_Aseq2.20160126 [name=Decewicz Dziewit Primer A Lodz 20160126] [primer=A] [latlon=51.727940,19.347618] [latitude=51.727940] [longitude=19.347618] [address=Group Wastewater Treatment Plant, Sanitariuszek 66, 91867 Lodz, Poland] [date=20160126] [country=Poland] [locality=Lodz] [contact=Lukasz Dziewit] [university=University of Warsaw]
Oswiecim|20160126|Poland|1	Decewicz_Dziewit_Oswiecim_Aseq1.20160126 [name=Decewicz Dziewit Primer A Oswiecim 20160126] [primer=A] [latlon=50.038062,19.321854] [latitude=50.038062] [longitude=19.321854] [address=Municipal and Industrial Wastewater Treatment Plant, Nadwislanska 46, 32642 Oswiecim, Poland] [date=20160126] [country=Poland] [locality=Oswiecim] [contact=Lukasz Dziewit] [university=University of Warsaw]
Oswiecim|20160126|Poland|2	Decewicz_Dziewit_Oswiecim_Aseq2.20160126 [name=Decewicz Dziewit Primer A Oswiecim 20160126] [primer=A] [latlon=50.038062,19.321854] [latitude=50.038062] [longitude=19.321854] [address=Municipal and Industrial Wastewater Treatment Plant, Nadwislanska 46, 32642 Oswiecim, Poland] [date=20160126] [country=Poland] [locality=Oswiecim] [contact=Lukasz Dziewit] [university=University of Warsaw]
Warszawa|20160126|Poland|1	Decewicz_Dziewit_Warsaw_Aseq1.20160126 [name=Decewicz Dziewit Primer A Warsaw 20160126] [primer=A] [latlon=52.351351,20.959269] [latitude=52.351351] [longitude=20.959269] [address=Municipal Wastewater Treatment Plant Czajka, Czajki 4/6, Warsaw, 03054 Warsaw, Poland] [date=20160126] [country=Poland] [locality=Warszawa] [contact=Lukasz Dziewit] [university=University of Warsaw]
Warszawa|20160126|Poland|2	Decewicz_Dziewit_Warsaw_Aseq2.20160126 [name=Decewicz Dziewit Primer A Warsaw 20160126] [primer=A] [latlon=52.351351,20.959269] [latitude=52.351351] [longitude=20.959269] [address=Municipal Wastewater Treatment Plant Czajka, Czajki 4/6, Warsaw, 03054 Warsaw, Poland] [date=20160126] [country=Poland] [locality=Warszawa] [contact=Lukasz Dziewit] [university=University of Warsaw]
Warszawa|20160126|Poland|3	Decewicz_Dziewit_Warsaw_Aseq3.20160126 [name=Decewicz Dziewit Primer A Warsaw 20160126] [primer=A] [latlon=52.351351,20.959269] [latitude=52.351351] [longitude=20.959269] [address=Municipal Wastewater Treatment Plant Czajka, Czajki 4/6, Warsaw, 03054 Warsaw, Poland] [date=20160126] [country=Poland] [locality=Warszawa] [contact=Lukasz Dziewit] [university=University of Warsaw]
Warszawa|20160126|Poland|4	Decewicz_Dziewit_Warsaw_Aseq4.20160126 [name=Decewicz Dziewit Primer A Warsaw 20160126] [primer=A] [latlon=52.351351,20.959269] [latitude=52.351351] [longitude=20.959269] [address=Municipal Wastewater Treatment Plant Czajka, Czajki 4/6, Warsaw, 03054 Warsaw, Poland] [date=20160126] [country=Poland] [locality=Warszawa] [contact=Lukasz Dziewit] [university=University of Warsaw]
Rybienko_Stare|20160126|Poland|1	Decewicz_Dziewit_Wyszkow_Aseq1.20160126 [name=Decewicz Dziewit Primer A Wyszkow 20160126] [primer=A] [latlon=52.577948,21.429024] [latitude=52.577948] [longitude=21.429024] [address=Municipal Wastewater Treatment Plant, Rybienko Stare, 07200 Wyszkow, Poland] [date=20160126] [country=Poland] [locality=Rybienko Stare] [contact=Lukasz Dziewit] [university=University of Warsaw]
Rybienko_Stare|20160126|Poland|2	Decewicz_Dziewit_Wyszkow_Aseq2.20160126 [name=Decewicz Dziewit Primer A Wyszkow 20160126] [primer=A] [latlon=52.577948,21.429024] [latitude=52.577948] [longitude=21.429024] [address=Municipal Wastewater Treatment Plant, Rybienko Stare, 07200 Wyszkow, Poland] [date=20160126] [country=Poland] [locality=Rybienko Stare] [contact=Lukasz Dziewit] [university=University of Warsaw]
Rybienko_Stare|20160126|Poland|3	Decewicz_Dziewit_Wyszkow_Aseq3.20160126 [name=Decewicz Dziewit Primer A Wyszkow 20160126] [primer=A] [latlon=52.577948,21.429024] [latitude=52.577948] [longitude=21.429024] [address=Municipal Wastewater Treatment Plant, Rybienko Stare, 07200 Wyszkow, Poland] [date=20160126] [country=Poland] [locality=Rybienko Stare] [contact=Lukasz Dziewit] [university=University of Warsaw]
Lodz|20160303|Poland|1	Decewicz_Dziewit_Lodz_Aseq1.20160303 [name=Decewicz Dziewit Primer A Lodz 20160303] [primer=A] [latlon=51.727940,19.347618] [latitude=51.727940] [longitude=19.347618] [address=Group Wastewater Treatment Plant, Sanitariuszek 66, 91867 Lodz, Poland] [date=20160303] [country=Poland] [locality=Lodz] [contact=Lukasz Dziewit] [university=University of Warsaw]
Lodz|20160303|Poland|2	Decewicz_Dziewit_Lodz_Aseq2.20160303 [name=Decewicz Dziewit Primer A Lodz 20160303] [primer=A] [latlon=51.727940,19.347618] [latitude=51.727940] [longitude=19.347618] [address=Group Wastewater Treatment Plant, Sanitariuszek 66, 91867 Lodz, Poland] [date=20160303] [country=Poland] [locality=Lodz] [contact=Lukasz Dziewit] [university=University of Warsaw]
Lodz|20160303|Poland|3	Decewicz_Dziewit_Lodz_Aseq3.20160303 [name=Decewicz Dziewit Primer A Lodz 20160303] [primer=A] [latlon=51.727940,19.347618] [latitude=51.727940] [longitude=19.347618] [address=Group Wastewater Treatment Plant, Sanitariuszek 66, 91867 Lodz, Poland] [date=20160303] [country=Poland] [locality=Lodz] [contact=Lukasz Dziewit] [university=University of Warsaw]
Lodz|20160303|Poland|4	Decewicz_Dziewit_Lodz_Aseq4.20160303 [name=Decewicz Dziewit Primer A Lodz 20160303] [primer=A] [latlon=51.727940,19.347618] [latitude=51.727940] [longitude=19.347618] [address=Group Wastewater Treatment Plant, Sanitariuszek 66, 91867 Lodz, Poland] [date=20160303] [country=Poland] [locality=Lodz] [contact=Lukasz Dziewit] [university=University of Warsaw]
Lodz|20160303|Poland|5	Decewicz_Dziewit_Lodz_Aseq5.20160303 [name=Decewicz Dziewit Primer A Lodz 20160303] [primer=A] [latlon=51.727940,19.347618] [latitude=51.727940] [longitude=19.347618] [address=Group Wastewater Treatment Plant, Sanitariuszek 66, 91867 Lodz, Poland] [date=20160303] [country=Poland] [locality=Lodz] [contact=Lukasz Dziewit] [university=University of Warsaw]
Oswiecim|20160303|Poland|1	Decewicz_Dziewit_Oswiecim_Aseq1.20160303 [name=Decewicz Dziewit Primer A Oswiecim 20160303] [primer=A] [latlon=50.038062,19.321854] [latitude=50.038062] [longitude=19.321854] [address=Municipal and Industrial Wastewater Treatment Plant, Nadwislanska 46, 32642 Oswiecim, Poland] [date=20160303] [country=Poland] [locality=Oswiecim] [contact=Lukasz Dziewit] [university=University of Warsaw]
Oswiecim|20160303|Poland|2	Decewicz_Dziewit_Oswiecim_Aseq2.20160303 [name=Decewicz Dziewit Primer A Oswiecim 20160303] [primer=A] [latlon=50.038062,19.321854] [latitude=50.038062] [longitude=19.321854] [address=Municipal and Industrial Wastewater Treatment Plant, Nadwislanska 46, 32642 Oswiecim, Poland] [date=20160303] [country=Poland] [locality=Oswiecim] [contact=Lukasz Dziewit] [university=University of Warsaw]
Oswiecim|20160303|Poland|3	Decewicz_Dziewit_Oswiecim_Aseq3.20160303 [name=Decewicz Dziewit Primer A Oswiecim 20160303] [primer=A] [latlon=50.038062,19.321854] [latitude=50.038062] [longitude=19.321854] [address=Municipal and Industrial Wastewater Treatment Plant, Nadwislanska 46, 32642 Oswiecim, Poland] [date=20160303] [country=Poland] [locality=Oswiecim] [contact=Lukasz Dziewit] [university=University of Warsaw]
Oswiecim|20160303|Poland|4	Decewicz_Dziewit_Oswiecim_Aseq4.20160303 [name=Decewicz Dziewit Primer A Oswiecim 20160303] [primer=A] [latlon=50.038062,19.321854] [latitude=50.038062] [longitude=19.321854] [address=Municipal and Industrial Wastewater Treatment Plant, Nadwislanska 46, 32642 Oswiecim, Poland] [date=20160303] [country=Poland] [locality=Oswiecim] [contact=Lukasz Dziewit] [university=University of Warsaw]
Oswiecim|20160303|Poland|5	Decewicz_Dziewit_Oswiecim_Aseq5.20160303 [name=Decewicz Dziewit Primer A Oswiecim 20160303] [primer=A] [latlon=50.038062,19.321854] [latitude=50.038062] [longitude=19.321854] [address=Municipal and Industrial Wastewater Treatment Plant, Nadwislanska 46, 32642 Oswiecim, Poland] [date=20160303] [country=Poland] [locality=Oswiecim] [contact=Lukasz Dziewit] [university=University of Warsaw]
Warszawa|20160126|Poland|5	Decewicz_Dziewit_Warsaw_Aseq1.20160303 [name=Decewicz Dziewit Primer A Warsaw 20160126] [primer=A] [latlon=52.351351,20.959269] [latitude=52.351351] [longitude=20.959269] [address=Municipal Wastewater Treatment Plant Czajka, Czajki 4/6, Warsaw, 03054 Warsaw, Poland] [date=20160126] [country=Poland] [locality=Warszawa] [contact=Lukasz Dziewit] [university=University of Warsaw]
Warszawa|20160126|Poland|6	Decewicz_Dziewit_Warsaw_Aseq2.20160303 [name=Decewicz Dziewit Primer A Warsaw 20160126] [primer=A] [latlon=52.351351,20.959269] [latitude=52.351351] [longitude=20.959269] [address=Municipal Wastewater Treatment Plant Czajka, Czajki 4/6, Warsaw, 03054 Warsaw, Poland] [date=20160126] [country=Poland] [locality=Warszawa] [contact=Lukasz Dziewit] [university=University of Warsaw]
Warszawa|20160126|Poland|7	Decewicz_Dziewit_Warsaw_Aseq3.20160303 [name=Decewicz Dziewit Primer A Warsaw 20160126] [primer=A] [latlon=52.351351,20.959269] [latitude=52.351351] [longitude=20.959269] [address=Municipal Wastewater Treatment Plant Czajka, Czajki 4/6, Warsaw, 03054 Warsaw, Poland] [date=20160126] [country=Poland] [locality=Warszawa] [contact=Lukasz Dziewit] [university=University of Warsaw]
Warszawa|20160126|Poland|8	Decewicz_Dziewit_Warsaw_Aseq4.20160303 [name=Decewicz Dziewit Primer A Warsaw 20160126] [primer=A] [latlon=52.351351,20.959269] [latitude=52.351351] [longitude=20.959269] [address=Municipal Wastewater Treatment Plant Czajka, Czajki 4/6, Warsaw, 03054 Warsaw, Poland] [date=20160126] [country=Poland] [locality=Warszawa] [contact=Lukasz Dziewit] [university=University of Warsaw]
Warszawa|20160126|Poland|9	Decewicz_Dziewit_Warsaw_Aseq5.20160303 [name=Decewicz Dziewit Primer A Warsaw 20160126] [primer=A] [latlon=52.351351,20.959269] [latitude=52.351351] [longitude=20.959269] [address=Municipal Wastewater Treatment Plant Czajka, Czajki 4/6, Warsaw, 03054 Warsaw, Poland] [date=20160126] [country=Poland] [locality=Warszawa] [contact=Lukasz Dziewit] [university=University of Warsaw]
Rybienko_Stare|20160303|Poland|1	Decewicz_Dziewit_Wyszkow_Aseq1.20160303 [name=Decewicz Dziewit Primer A Wyszkow 20160303] [primer=A] [latlon=52.577948,21.429024] [latitude=52.577948] [longitude=21.429024] [address=Municipal Wastewater Treatment Plant, Rybienko Stare, 07200 Wyszkow, Poland] [date=20160303] [country=Poland] [locality=Rybienko Stare] [contact=Lukasz Dziewit] [university=University of Warsaw]
Rybienko_Stare|20160303|Poland|2	Decewicz_Dziewit_Wyszkow_Aseq2.20160303 [name=Decewicz Dziewit Primer A Wyszkow 20160303] [primer=A] [latlon=52.577948,21.429024] [latitude=52.577948] [longitude=21.429024] [address=Municipal Wastewater Treatment Plant, Rybienko Stare, 07200 Wyszkow, Poland] [date=20160303] [country=Poland] [locality=Rybienko Stare] [contact=Lukasz Dziewit] [university=University of Warsaw]
Rybienko_Stare|20160303|Poland|3	Decewicz_Dziewit_Wyszkow_Aseq3.20160303 [name=Decewicz Dziewit Primer A Wyszkow 20160303] [primer=A] [latlon=52.577948,21.429024] [latitude=52.577948] [longitude=21.429024] [address=Municipal Wastewater Treatment Plant, Rybienko Stare, 07200 Wyszkow, Poland] [date=20160303] [country=Poland] [locality=Rybienko Stare] [contact=Lukasz Dziewit] [university=University of Warsaw]
Rybienko_Stare|20160303|Poland|4	Decewicz_Dziewit_Wyszkow_Aseq4.20160303 [name=Decewicz Dziewit Primer A Wyszkow 20160303] [primer=A] [latlon=52.577948,21.429024] [latitude=52.577948] [longitude=21.429024] [address=Municipal Wastewater Treatment Plant, Rybienko Stare, 07200 Wyszkow, Poland] [date=20160303] [country=Poland] [locality=Rybienko Stare] [contact=Lukasz Dziewit] [university=University of Warsaw]
Rybienko_Stare|20160303|Poland|5	Decewicz_Dziewit_Wyszkow_Aseq5.20160303 [name=Decewicz Dziewit Primer A Wyszkow 20160303] [primer=A] [latlon=52.577948,21.429024] [latitude=52.577948] [longitude=21.429024] [address=Municipal Wastewater Treatment Plant, Rybienko Stare, 07200 Wyszkow, Poland] [date=20160303] [country=Poland] [locality=Rybienko Stare] [contact=Lukasz Dziewit] [university=University of Warsaw]
New_York|20141214|United_States|1	DiazMunoz_NYC_A [name=DiazMunoz_NYC_A] [date=20141214] [primer=A] [latitude=40.7128] [longitude=-74.0059] [latlon=40.7128,-74.0059] [altitude=10.453m] [country=United States] [Description=Pooled sewer samples from 14 locations around New York City. The coordinates are the center of the city] [contact=Sam Diaz Munoz] [university=NYU/UC Davis] [locality=New York]
Davis|20160421|United_States|1	DiazMunoz_Davis1_A [name=DiazMunoz_Davis1_A] [primer=A] [date=20160421] [latitude=38.590894] [longitude=-121.666779] [latlon=38.590894,-121.666779] [altitude=8.659m] [country=United States] [address=City of Davis WWTP, 45452 Co Rd 28H, California 95776, USA] [locality=Davis]
Davis|20160421|United_States|2	DiazMunoz_Davis3_A [name=DiazMunoz_Davis3_A] [primer=A] [date=20160421] [latitude=38.590894] [longitude=-121.666779] [latlon=38.590894,-121.666779] [altitude=8.659m] [country=United States] [address=City of Davis WWTP, 45452 Co Rd 28H, California 95776, USA] [locality=Davis]
Escondido|20160301|USA|1	Escondido_A_20160301_S1 [name=Escondido Primer A Site 1 20160301] [primer=A] [latlon=33.105788,-117.114064] [latitude=33.105788] [longitude=-117.114064] [address=Water Quality Testing, 1521 S. Hale Avenue Escondido, CA 92029, USA] [date=20160301] [country=USA] [site=1] [yearmonth=201603] [locality=Escondido] [contact=Rob Edwards] [university=San Diego State University]
Carlsbad|20160301|USA|1	Carlsbad_A_20160301_S3 [name=Carlsbad Primer A Site 3 20160301] [primer=A] [latlon=33.116202,-117.321597] [latitude=33.116202] [longitude=-117.321597] [address=Encina Wastewater Authority, 6200 Avenida Encinas, Carlsbad, CA 92011] [date=20160301] [country=USA] [site=3] [yearmonth=201603] [locality=Carlsbad] [contact=Rob Edwards] [university=San Diego State University]
San_Marcos|20160301|USA|1	San_Marcos_A_20160301_S4 [name=San_Marcos Primer A Site 4 20160301] [primer=A] [latlon=33.144526,-117.178849] [latitude=33.144526] [longitude=-117.178849] [address=Vallecitos Water District, 201 Vallecitos De Oro, San Marcos, CA 92069] [date=20160301] [country=USA] [site=4] [yearmonth=201603] [locality=San Marcos] [contact=Rob Edwards] [university=San Diego State University]
Encinitas|20160301|USA|1	Cardiff_A_20160301_S2 [name=Cardiff Primer A Site 2 20160301] [primer=A] [latlon=33.016467,-117.273686] [latitude=33.016467] [longitude=-117.273686] [address=San Elijo Joint Powers Authority, 2695 Manchester Avenue, Cardiff by the Sea, California 920077077]  [date=20160301] [country=USA] [site=2] [yearmonth=201603] [locality=Encinitas] [contact=Rob Edwards] [university=San Diego State University]
Escondido|20160901|USA|1	Escondido_A_20160901_S1 [name=Escondido Primer A Site 1 20160901] [primer=A] [latlon=33.105788,-117.114064] [latitude=33.105788] [longitude=-117.114064] [address=Water Quality Testing, 1521 S. Hale Avenue Escondido, CA 92029, USA] [date=20160901] [country=USA] [site=1] [yearmonth=201609] [locality=Escondido] [contact=Rob Edwards] [university=San Diego State University]
Escondido|20161101|USA|1	Escondido_A_20161101_S1 [name=Escondido Primer A Site 1 20161101] [primer=A] [latlon=33.105788,-117.114064] [latitude=33.105788] [longitude=-117.114064] [address=Water Quality Testing, 1521 S. Hale Avenue Escondido, CA 92029, USA] [date=20161101] [country=USA] [site=1] [yearmonth=201611] [locality=Escondido] [contact=Rob Edwards] [university=San Diego State University]
Carlsbad|20160101|USA|1	Carlsbad_A_20160101_S3 [name=Carlsbad Primer A Site 3 20160101] [primer=A] [latlon=33.116202,-117.321597] [latitude=33.116202] [longitude=-117.321597] [address=Encina Wastewater Authority, 6200 Avenida Encinas, Carlsbad, CA 92011] [date=20160101] [country=USA] [site=3] [yearmonth=201601] [locality=Carlsbad] [contact=Rob Edwards] [university=San Diego State University]
Carlsbad|20160901|USA|1	Carlsbad_A_20160901_S3 [name=Carlsbad Primer A Site 3 20160901] [primer=A] [latlon=33.116202,-117.321597] [latitude=33.116202] [longitude=-117.321597] [address=Encina Wastewater Authority, 6200 Avenida Encinas, Carlsbad, CA 92011] [date=20160901] [country=USA] [site=3] [yearmonth=201609] [locality=Carlsbad] [contact=Rob Edwards] [university=San Diego State University]
Carlsbad|20161101|USA|1	Carlsbad_A_20161101_S3 [name=Carlsbad Primer A Site 3 20161101] [primer=A] [latlon=33.116202,-117.321597] [latitude=33.116202] [longitude=-117.321597] [address=Encina Wastewater Authority, 6200 Avenida Encinas, Carlsbad, CA 92011] [date=20161101] [country=USA] [site=3] [yearmonth=201611] [locality=Carlsbad] [contact=Rob Edwards] [university=San Diego State University]
San_Marcos|20160901|USA|1	San_Marcos_A_20160901_S4 [name=San_Marcos Primer A Site 4 20160901] [primer=A] [latlon=33.144526,-117.178849] [latitude=33.144526] [longitude=-117.178849] [address=Vallecitos Water District, 201 Vallecitos De Oro, San Marcos, CA 92069] [date=20160901] [country=USA] [site=4] [yearmonth=201609] [locality=San Marcos] [contact=Rob Edwards] [university=San Diego State University]
San_Marcos|20160101|USA|1	San_Marcos_A_20160101_S4 [name=San_Marcos Primer A Site 4 20160101] [primer=A] [latlon=33.144526,-117.178849] [latitude=33.144526] [longitude=-117.178849] [address=Vallecitos Water District, 201 Vallecitos De Oro, San Marcos, CA 92069] [date=20160101] [country=USA] [site=4] [yearmonth=201601] [locality=San Marcos] [contact=Rob Edwards] [university=San Diego State University]
Encinitas|20160901|USA|1	Cardiff_A_20160901_S2 [name=Cardiff Primer A Site 2 20160901] [primer=A] [latlon=33.016467,-117.273686] [latitude=33.016467] [longitude=-117.273686] [address=San Elijo Joint Powers Authority, 2695 Manchester Avenue, Cardiff by the Sea, California 920077077]  [date=20160901] [country=USA] [site=2] [yearmonth=201609] [locality=Encinitas] [contact=Rob Edwards] [university=San Diego State University]
Escondido|20160101|USA|1	Escondido_A_20160101_S1 [name=Escondido Primer A Site 1 20160101] [primer=A] [latlon=33.105788,-117.114064] [latitude=33.105788] [longitude=-117.114064] [address=Water Quality Testing, 1521 S. Hale Avenue Escondido, CA 92029, USA] [date=20160101] [country=USA] [site=1] [yearmonth=201601] [locality=Escondido] [contact=Rob Edwards] [university=San Diego State University]
Encinitas|20161101|USA|1	Cardiff_A_20161101_S2 [name=Cardiff Primer A Site 2 20161101] [primer=A] [latlon=33.016467,-117.273686] [latitude=33.016467] [longitude=-117.273686] [address=San Elijo Joint Powers Authority, 2695 Manchester Avenue, Cardiff by the Sea, California 920077077]  [date=20161101] [country=USA] [site=2] [yearmonth=201611] [locality=Encinitas] [contact=Rob Edwards] [university=San Diego State University]
San_Marcos|20161101|USA|1	San_Marcos_A_20161101_S4 [name=San_Marcos Primer A Site 4 20161101] [primer=A] [latlon=33.144526,-117.178849] [latitude=33.144526] [longitude=-117.178849] [address=Vallecitos Water District, 201 Vallecitos De Oro, San Marcos, CA 92069] [date=20161101] [country=USA] [site=4] [yearmonth=201611] [locality=San Marcos] [contact=Rob Edwards] [university=San Diego State University]
Encinitas|20160101|USA|1	Cardiff_A_20160101_S2 [name=Cardiff Primer A Site 2 20160101] [primer=A] [latlon=33.016467,-117.273686] [latitude=33.016467] [longitude=-117.273686] [address=San Elijo Joint Powers Authority, 2695 Manchester Avenue, Cardiff by the Sea, California 920077077]  [date=20160101] [country=USA] [site=2] [yearmonth=201601] [locality=Encinitas] [contact=Rob Edwards] [university=San Diego State University]
Carlsbad|20160908|USA|1	Carlsbad_A_20160908_S3 [name=Carlsbad Primer A Site 3 20160301] [primer=A] [latlon=33.116202,-117.321597] [latitude=33.116202] [longitude=-117.321597] [address=Encina Wastewater Authority, 6200 Avenida Encinas, Carlsbad, CA 92011] [date=20160908] [country=USA] [site=3] [yearmonth=201609] [locality=Carlsbad] [contact=Rob Edwards] [university=San Diego State University]
Carlsbad|20160815|USA|1	Carlsbad_A_20160815_S3 [name=Carlsbad Primer A Site 3 20160301] [primer=A] [latlon=33.116202,-117.321597] [latitude=33.116202] [longitude=-117.321597] [address=Encina Wastewater Authority, 6200 Avenida Encinas, Carlsbad, CA 92011] [date=20160815] [country=USA] [site=3] [yearmonth=201608] [locality=Carlsbad] [contact=Rob Edwards] [university=San Diego State University]
Carlsbad|20160915|USA|1	Carlsbad_A_20160915_S3 [name=Carlsbad Primer A Site 3 20160301] [primer=A] [latlon=33.116202,-117.321597] [latitude=33.116202] [longitude=-117.321597] [address=Encina Wastewater Authority, 6200 Avenida Encinas, Carlsbad, CA 92011] [date=20160915] [country=USA] [site=3] [yearmonth=201609] [locality=Carlsbad] [contact=Rob Edwards] [university=San Diego State University]
Carlsbad|20160725|USA|1	Carlsbad_A_20160725_S3 [name=Carlsbad Primer A Site 3 20160301] [primer=A] [latlon=33.116202,-117.321597] [latitude=33.116202] [longitude=-117.321597] [address=Encina Wastewater Authority, 6200 Avenida Encinas, Carlsbad, CA 92011] [date=20160725] [country=USA] [site=3] [yearmonth=201607] [locality=Carlsbad] [contact=Rob Edwards] [university=San Diego State University]
Carlsbad|20160718|USA|1	Carlsbad_A_20160718_S3 [name=Carlsbad Primer A Site 3 20160301] [primer=A] [latlon=33.116202,-117.321597] [latitude=33.116202] [longitude=-117.321597] [address=Encina Wastewater Authority, 6200 Avenida Encinas, Carlsbad, CA 92011] [date=20160718] [country=USA] [site=3] [yearmonth=201607] [locality=Carlsbad] [contact=Rob Edwards] [university=San Diego State University]
Carlsbad|20160901|USA|2	Carlsbad_A_20160901_S3_1 [name=Carlsbad Primer A Site 3 20160301] [primer=A] [latlon=33.116202,-117.321597] [latitude=33.116202] [longitude=-117.321597] [address=Encina Wastewater Authority, 6200 Avenida Encinas, Carlsbad, CA 92011] [date=20160901] [country=USA] [site=3] [yearmonth=201609] [locality=Carlsbad] [contact=Rob Edwards] [university=San Diego State University]
Escondido|20151002|USA|1	Edwards_A.20151002.S1 [name=Edwards Primer A Site 1 20151002] [primer=A] [latlon=33.105788,-117.114064] [latitude=33.105788] [longitude=-117.114064] [address=Water Quality Testing, 1521 S. Hale Avenue Escondido, CA 92029, USA] [date=20151002] [country=USA] [locality=Escondido] [contact=Rob Edwards] [university=San Diego State University]
Encinitas|20151002|USA|1	Edwards_A.20151002.S2 [name=Edwards Primer A Site 2 20151002] [primer=A] [latlon=33.016467,-117.273686] [latitude=33.016467] [longitude=-117.273686] [address=San Elijo Joint Powers Authority, 2695 Manchester Avenue, Cardiff by the Sea, California 920077077]  [date=20151002] [country=USA] [locality=Encinitas] [contact=Rob Edwards] [university=San Diego State University]
Carlsbad|20151002|USA|1	Edwards_A.20151002.S3 [name=Edwards Primer A Site 3 20151002] [primer=A] [latlon=33.116202,-117.321597] [latitude=33.116202] [longitude=-117.321597] [address=Encina Wastewater Authority, 6200 Avenida Encinas, Carlsbad, CA 92011] [date=20151002] [country=USA] [locality=Carlsbad] [contact=Rob Edwards] [university=San Diego State University]
San_Marcos|20151002|USA|1	Edwards_A.20151002.S4 [name=Edwards Primer A Site 4 20151002] [primer=A] [latlon=33.144526,-117.178849] [latitude=33.144526] [longitude=-117.178849] [address=Vallecitos Water District, 201 Vallecitos De Oro, San Marcos, CA 92069] [date=20151002] [country=USA] [locality=San Marcos] [contact=Rob Edwards] [university=San Diego State University]
Escondido|20151209|USA|1	Edwards_A.20151209.S1 [name=Edwards Primer A Site 1 20151209] [primer=A] [latlon=33.105788,-117.114064] [latitude=33.105788] [longitude=-117.114064] [address=Water Quality Testing, 1521 S. Hale Avenue Escondido, CA 92029, USA] [date=20151209] [country=USA] [locality=Escondido] [contact=Rob Edwards] [university=San Diego State University]
Encinitas|20151209|USA|1	Edwards_A.20151209.S2 [name=Edwards Primer A Site 2 20151209] [primer=A] [latlon=33.016467,-117.273686] [latitude=33.016467] [longitude=-117.273686] [address=San Elijo Joint Powers Authority, 2695 Manchester Avenue, Cardiff by the Sea, California 920077077]  [date=20151209] [country=USA] [locality=Encinitas] [contact=Rob Edwards] [university=San Diego State University]
Carlsbad|20151209|USA|1	Edwards_A.20151209.S3 [name=Edwards Primer A Site 3 20151209] [primer=A] [latlon=33.116202,-117.321597] [latitude=33.116202] [longitude=-117.321597] [address=Encina Wastewater Authority, 6200 Avenida Encinas, Carlsbad, CA 92011] [date=20151209] [country=USA] [locality=Carlsbad] [contact=Rob Edwards] [university=San Diego State University]
San_Marcos|20151209|USA|1	Edwards_A.20151209.S4 [name=Edwards Primer A Site 4 20151209]  [primer=A] [latlon=33.144526,-117.178849] [latitude=33.144526] [longitude=-117.178849] [address=Vallecitos Water District, 201 Vallecitos De Oro, San Marcos, CA 92069] [date=20151209] [country=USA] [locality=San Marcos] [contact=Rob Edwards] [university=San Diego State University]
Dunedin|20160317|New_Zealand|1	Fineran_Dunedin_A [name=Fineran Primer A] [primer=A] [latlon=-45.9062333,170.4858516] [latitude=-45.9062333] [longitude=170.4858516] [address=10 Tahuna Rd, Otago 9013, New_Zealand]  [date=20160317] [country=New_Zealand] [locality=Dunedin] [contact=Peter Fineran] [university=University of Otago]
Greymouth|20160317|New_Zealand|1	Fineran_Greymouth_A [name=Fineran Primer A] [primer=A] [latlon=-42.4921908,171.1071795] [latitude=-42.4921908] [longitude=171.1071795] [address=105 Tainui St, Greymouth 7805, New_Zealand]  [date=20160317] [country=New_Zealand] [locality=Greymouth] [contact=Peter Fineran] [university=University of Otago]
Haacht|20160126|Belgium|1	Lavigne.PrimerA.20160126 [name=Lavigne Primer A 20160126] [primer=A] [latlon=50.9598476,4.6350655] [latitude=50.9598476] [longitude=4.6350655] [date=20160126] [country=Belgium] [locality=Haacht] [contact=Rob Lavigne] [university=KU Leuven]
Gava|20151001|Spain|1	Muniesa_E1_Gav_primerA.201510 [name=Muniesa E1 Gava primer A Raw Sewage] [primer=A] [date=20151001] [latlon=41.3037013,1.9858569] [latitude=41.3037013] [longitude=1.9858569] [source=Raw sewage] [country=Spain] [locality=Gava] [contact=Maite Muniesa] [university=Universitat de Barcelona]
Gava|20151001|Spain|2	Muniesa_E2_Gav_primerA.201510 [name=Muniesa E2 Gava primer A Raw Sewage] [primer=A] [date=20151001] [latlon=41.3037013,1.9858569] [latitude=41.3037013] [longitude=1.9858569] [source=Raw sewage] [country=Spain] [locality=Gava] [contact=Maite Muniesa] [university=Universitat de Barcelona]
Gava|20151001|Spain|3	Muniesa_1.1_Gav_primerA.201510 [name=Muniesa 1.1 Gava primer A Primary Treatment] [primer=A] [date=20151001] [latlon=41.3037013,1.9858569] [latitude=41.3037013] [longitude=1.9858569] [source=Primary Treatment] [country=Spain] [locality=Gava] [contact=Maite Muniesa] [university=Universitat de Barcelona]
Gava|20131101|Spain|1	Muniesa_E4_Gav_primerA.201311 [name=Muniesa E4 Gava primer A Raw Sewage] [primer=A] [date=20131101] [latlon=41.3037013,1.9858569] [latitude=41.3037013] [longitude=1.9858569] [source=Raw Sewage] [country=Spain] [locality=Gava] [contact=Maite Muniesa] [university=Universitat de Barcelona]
Gava|20140101|Spain|1	Muniesa_E7_Gav_primerA.201401 [name=Muniesa E7 Gava primer A Raw Sewage] [primer=A] [date=20140101] [latlon=41.3037013,1.9858569] [latitude=41.3037013] [longitude=1.9858569] [source=Raw Sewage] [country=Spain] [locality=Gava] [contact=Maite Muniesa] [university=Universitat de Barcelona]
El_Prat_de_Llobregat|20140101|Spain|1	Muniesa_E8_ElPratdeLlobregat_primerA.201401 [name=Muniesa E8 El Prat de Llobregat primer A Raw Sewage] [primer=A] [date=20140101] [latlon=41.3224312,2.0828713] [latitude=41.3224312] [longitude=2.0828713] [source=Raw Sewage] [country=Spain] [locality=El Prat de Llobregat] [contact=Maite Muniesa] [university=Universitat de Barcelona]
Gava|20140501|Spain|1	Muniesa_E13_Gav_primerA.201405 [name=Muniesa E13 Gava primer A Raw Sewage] [primer=A] [date=20140501] [latlon=41.3037013,1.9858569] [latitude=41.3037013] [longitude=1.9858569] [source=Raw Sewage] [country=Spain] [locality=Gava] [contact=Maite Muniesa] [university=Universitat de Barcelona]
El_Prat_de_Llobregat|20140501|Spain|1	Muniesa_E14_ElPratdeLlobregat_primerA.201401 [name=Muniesa E14 El Prat de Llobregat primer A Raw Sewage] [primer=A] [date=20140501] [latlon=41.3224312,2.0828713] [latitude=41.3224312] [longitude=2.0828713] [source=Raw Sewage] [country=Spain] [locality=El Prat de Llobregat] [contact=Maite Muniesa] [university=Universitat de Barcelona]
Gava|20140601|Spain|1	Muniesa_E23_Gav_primerA.201406 [name=Muniesa E23 Gava primer A Raw Sewage] [primer=A] [date=20140601] [latlon=41.3037013,1.9858569] [latitude=41.3037013] [longitude=1.9858569] [source=Raw Sewage] [country=Spain] [locality=Gava] [contact=Maite Muniesa] [university=Universitat de Barcelona]
Barcelona|20150501|Spain|1	Muniesa_E32_Girona_primerA.201505 [name=Muniesa E32 Girona primer A Raw Sewage] [primer=A] [date=20150501] [latlon=41.3942867,2.1701905] [latitude=41.3942867] [longitude=2.1701905] [source=Raw Sewage] [country=Spain] [locality=Barcelona] [contact=Maite Muniesa] [university=Universitat de Barcelona]
Honolulu|20161212|USA|1	Nigro_A.20161212.SandIsland [name=Hawaii A Sand Island Waste Water Treatment Plant Dec 12 2016] [primer=A] [latlon=21.307735,-157.8824584] [latitude=21.307735] [longitude=-157.8824584] [address=1350 Sand Island Parkway # 3A, Honolulu, HI 96819] [date=20161212] [country=USA] [locality=Honolulu] [contact=Olivia Nigro] [university=Hawai'i Pacific University]
Waianae|20161212|USA|1	Nigro_A.20161212.Waianae [name=Hawaii A Waianae Waste Water Treatment Plant Dec 12 2016] [primer=A] [latlon=21.4467837,-158.1928871] [latitude=21.4467837] [longitude=-158.1928871] [address=Waianae, HI 96792] [date=20161212] [country=USA] [locality=Waianae] [contact=Olivia Nigro] [university=Hawai'i Pacific University]
Jericho|20151202|Israel|1	Qimron_Jericho_A_20151202 [name=Qimron lab primer A 20151202] [primer=A] [date=20151202] [latlon=31.85,35.45] [latitude=31.85] [longitude=35.45] [note=Collected in Jericho] [country=Israel] [locality=Jericho] [contact=Udi Qimron] [university=Tel Aviv University]
Qalqilya|20151202|Israel|1	Qimron_Qalqilyah_A_20151202 [name=Qimron lab primer A 20151202] [primer=A] [date=20151202] [latlon=32.18,34.97] [latitude=32.18] [longitude=34.97] [note=Collected in Qalqilyah] [country=Israel] [locality=Qalqilya] [contact=Udi Qimron] [university=Tel Aviv University]
Ramallah|20151202|Israel|1	Qimron_Ramallah_A_20151202 [name=Qimron lab primer A 20151202] [primer=A] [date=20151202] [latlon=31.9,35.19] [latitude=31.9] [longitude=35.19] [note=Collected in Ramallah] [country=Israel] [locality=Ramallah] [contact=Udi Qimron] [university=Tel Aviv University]
Salfit|20151202|Israel|1	Qimron_Salfit_A_20151202 [name=Qimron lab primer A 20151202] [primer=A] [date=20151202] [latlon=32.08,35.18] [latitude=32.08] [longitude=35.18] [note=Collected in Salfit] [country=Israel] [locality=Salfit] [contact=Udi Qimron] [university=Tel Aviv University]
Bogota|20160412|Colombia|1	Reyes_A.20160412.1 [name=Maria Reyes Primer A 20160412] [primer=A] [sample=1] [latlon=4.6500014,-74.0589398] [latitude=4.6500014] [longitude=-74.0589398] [address=CorpoGen, Cra. 5 #66A34, Bogota, Colombia ] [date=20160412] [country=Colombia] [locality=Bogota] [contact=Alejandro Reyes] [university=Universidad de los Andes]
Bogota|20160412|Colombia|2	Reyes_A.20160412.2 [name=Maria Reyes Primer A 20160412] [primer=A] [sample=2] [latlon=4.6500014,-74.0589398] [latitude=4.6500014] [longitude=-74.0589398] [address=CorpoGen, Cra. 5 #66A34, Bogota, Colombia ] [date=20160412] [country=Colombia] [locality=Bogota] [contact=Alejandro Reyes] [university=Universidad de los Andes]
Lisboa|20160225|Portugal|1	Santos_A10.20160225 [name=Santos Primer A10] [primer=A] [latlon=38.7348396,-9.1863262] [latitude=38.7348396] [longitude=-9.1863262] [address=Instituto Superior Tecnico, Laboratorio de Analises, Av. Rovisco Pais, 1049001 Lisboa] [date=20160225] [country=Portugal] [locality=Lisboa] [contact=Ricardo Santos] [university=Instituto Superior Tecnico]
Lisboa|20160225|Portugal|2	Santos_A1.20160225 [name=Santos Primer A1] [primer=A] [latlon=38.7348396,-9.1863262] [latitude=38.7348396] [longitude=-9.1863262] [address=Instituto Superior Tecnico, Laboratorio de Analises, Av. Rovisco Pais, 1049001 Lisboa] [date=20160225] [country=Portugal] [locality=Lisboa] [contact=Ricardo Santos] [university=Instituto Superior Tecnico]
Lisboa|20160225|Portugal|3	Santos_A2.20160225 [name=Santos Primer A2] [primer=A] [latlon=38.7348396,-9.1863262] [latitude=38.7348396] [longitude=-9.1863262] [address=Instituto Superior Tecnico, Laboratorio de Analises, Av. Rovisco Pais, 1049001 Lisboa] [date=20160225] [country=Portugal] [locality=Lisboa] [contact=Ricardo Santos] [university=Instituto Superior Tecnico]
Lisboa|20160225|Portugal|4	Santos_A4.20160225 [name=Santos Primer A4] [primer=A] [latlon=38.7348396,-9.1863262] [latitude=38.7348396] [longitude=-9.1863262] [address=Instituto Superior Tecnico, Laboratorio de Analises, Av. Rovisco Pais, 1049001 Lisboa] [date=20160225] [country=Portugal] [locality=Lisboa] [contact=Ricardo Santos] [university=Instituto Superior Tecnico]
Lisboa|20160225|Portugal|5	Santos_A5.20160225 [name=Santos Primer A5] [primer=A] [latlon=38.7348396,-9.1863262] [latitude=38.7348396] [longitude=-9.1863262] [address=Instituto Superior Tecnico, Laboratorio de Analises, Av. Rovisco Pais, 1049001 Lisboa] [date=20160225] [country=Portugal] [locality=Lisboa] [contact=Ricardo Santos] [university=Instituto Superior Tecnico]
Lisboa|20160225|Portugal|6	Santos_A9.20160225 [name=Santos Primer A9] [primer=A] [latlon=38.7348396,-9.1863262] [latitude=38.7348396] [longitude=-9.1863262] [address=Instituto Superior Tecnico, Laboratorio de Analises, Av. Rovisco Pais, 1049001 Lisboa] [date=20160225] [country=Portugal] [locality=Lisboa] [contact=Ricardo Santos] [university=Instituto Superior Tecnico]
Cork|20151215|Ireland|1	Strain_primerA.20151215 [name=Strain APC Microbiome Institute primer A 20151215] [primer=A] [date=20151215] [latlon=51.8925,-8.4964] [latitude=51.8925] [longitude=-8.4964] [note=coordinates are APC location] [country=Ireland] [locality=Cork] [contact=Ronan Strain] [university=University College Cork]
Gatchinskiy_rayon|20160301|Russia|1	Tyakht_Spb_73_13P_A [name=Tyakht Spb_73_13P_A primer A] [date=20160301] [primer=A] [latlon=59.57,30.18] [latitude=59.57] [longitude=30.18] [address=Saint-Petersburg, Russia] [country=Russia] [locality=Gatchinskiy rayon] [contact=Alexander Tyakht] [university=Federal Research and Clinical Center of Physical-Chemical Medicine]
Gatchinskiy_rayon|20160301|Russia|2	Tyakht_Spb_74_14P_A [name=Tyakht Spb_74_14P_A primer A] [date=20160301] [primer=A] [latlon=59.57,30.18] [latitude=59.57] [longitude=30.18] [address=Saint-Petersburg, Russia] [country=Russia] [locality=Gatchinskiy rayon] [contact=Alexander Tyakht] [university=Federal Research and Clinical Center of Physical-Chemical Medicine]
Gatchinskiy_rayon|20160301|Russia|3	Tyakht_Spb_105_45P_A [name=Tyakht Spb_105_45P_A primer A] [date=20160301] [primer=A] [latlon=59.57,30.18] [latitude=59.57] [longitude=30.18] [address=Saint-Petersburg, Russia] [country=Russia] [locality=Gatchinskiy rayon] [contact=Alexander Tyakht] [university=Federal Research and Clinical Center of Physical-Chemical Medicine]
Novosibirskiy_rayon|20160301|Russia|1	Tyakht_Nov_282_A [name=Tyakht Nov_282_A primer A] [date=20160301] [primer=A] [latlon=55.03,82.57] [latitude=55.03] [longitude=82.57] [address=Novosibirsk, Russia] [country=Russia] [locality=Novosibirskiy rayon] [contact=Alexander Tyakht] [university=Federal Research and Clinical Center of Physical-Chemical Medicine]
Novosibirskiy_rayon|20160301|Russia|2	Tyakht_Nov_287_A [name=Tyakht Nov_287_A primer A] [date=20160301] [primer=A] [latlon=55.03,82.57] [latitude=55.03] [longitude=82.57] [address=Novosibirsk, Russia] [country=Russia] [locality=Novosibirskiy rayon] [contact=Alexander Tyakht] [university=Federal Research and Clinical Center of Physical-Chemical Medicine]
Sherbakulskiy_rayon|20160301|Russia|1	Tyakht_OM_178_A [name=Tyakht OM_178_A primer A] [date=20160301] [primer=A] [latlon=54.3933,72.4255] [latitude=54.3933] [longitude=72.4255] [address=Omsk, Russia] [country=Russia] [locality=Sherbakulskiy rayon] [contact=Alexander Tyakht] [university=Federal Research and Clinical Center of Physical-Chemical Medicine]
Calera_Chica|20160516|Mexico|1	CazaresVinuesa_20160516 [name=Vinuesa lab primer A 20160516] [primer=A] [date=20160516] [latlon=18.8310669,-99.2214482] [latitude=18.8310669] [longitude=-99.2214482] [note=Collected in Morelos, Canal Paraiso] [country=Mexico] [locality=Calera Chica] [contact=Pablo Vinuesa] [university=Universidad Nacional Autonoma de Mexico]
St_Louis|20140724|crAssphage_A|1	crAssphage_A [name=crAssphage Primer A] [primer=A] [latlon=38.6487895,-90.3107962] [latitude=38.6487895] [longitude=-90.3107962] [date=20140724] [country=crAssphage A] [locality=St. Louis]
