0	Edwards_C_20160101_S2 [name=Edwards Primer C Site 2 20160101] [latitude=33.016467] [longitude=-117.273686] [address=San Elijo Joint Powers Authority, 2695 Manchester Avenue, Cardiff by the Sea, California 920077077]  [date=20160101] [country=USA] [site=2] [yearmonth=201601]
1	Edwards_C_20160901_S4 [name=Edwards Primer C Site 4 20160901] [latitude=33.144526] [longitude=-117.178849] [address=Vallecitos Water District, 201 Vallecitos De Oro, San Marcos, CA 92069] [date=20160901] [country=USA] [site=4] [yearmonth=201609]
2	Edwards_C_20161101_S3 [name=Edwards Primer C Site 3 20161101] [latitude=33.116202] [longitude=-117.321597] [address=Encina Wastewater Authority, 6200 Avenida Encinas, Carlsbad, CA 92011] [date=20161101] [country=USA] [site=3] [yearmonth=201611]
3	Edwards_C_20160901_S3 [name=Edwards Primer C Site 3 20160901] [latitude=33.116202] [longitude=-117.321597] [address=Encina Wastewater Authority, 6200 Avenida Encinas, Carlsbad, CA 92011] [date=20160901] [country=USA] [site=3] [yearmonth=201609]
4	Edwards_C_20160101_S1 [name=Edwards Primer C Site 1 20160101] [latitude=33.105788] [longitude=-117.114064] [address=Water Quality Testing, 1521 S. Hale Avenue Escondido, CA 92029, USA] [date=20160101] [country=USA] [site=1] [yearmonth=201601]
5	Edwards_C_20160901_S2 [name=Edwards Primer C Site 2 20160901] [latitude=33.016467] [longitude=-117.273686] [address=San Elijo Joint Powers Authority, 2695 Manchester Avenue, Cardiff by the Sea, California 920077077]  [date=20160901] [country=USA] [site=2] [yearmonth=201609]
6	Edwards_C_20161101_S2 [name=Edwards Primer C Site 2 20161101] [latitude=33.016467] [longitude=-117.273686] [address=San Elijo Joint Powers Authority, 2695 Manchester Avenue, Cardiff by the Sea, California 920077077]  [date=20161101] [country=USA] [site=2] [yearmonth=201611]
7	Edwards_C_20160901_S1 [name=Edwards Primer C Site 1 20160901] [latitude=33.105788] [longitude=-117.114064] [address=Water Quality Testing, 1521 S. Hale Avenue Escondido, CA 92029, USA] [date=20160901] [country=USA] [site=1] [yearmonth=201609]
8	Edwards_C_20160101_S3 [name=Edwards Primer C Site 3 20160101] [latitude=33.116202] [longitude=-117.321597] [address=Encina Wastewater Authority, 6200 Avenida Encinas, Carlsbad, CA 92011] [date=20160101] [country=USA] [site=3] [yearmonth=201601]
9	Edwards_C_20160101_S4 [name=Edwards Primer C Site 4 20160101] [latitude=33.144526] [longitude=-117.178849] [address=Vallecitos Water District, 201 Vallecitos De Oro, San Marcos, CA 92069] [date=20160101] [country=USA] [site=4] [yearmonth=201601]
10	Edwards_C_20161101_S1 [name=Edwards Primer C Site 1 20161101] [latitude=33.105788] [longitude=-117.114064] [address=Water Quality Testing, 1521 S. Hale Avenue Escondido, CA 92029, USA] [date=20161101] [country=USA] [site=1] [yearmonth=201611]
11	Edwards_C_20161101_S4 [name=Edwards Primer C Site 4 20161101] [latitude=33.144526] [longitude=-117.178849] [address=Vallecitos Water District, 201 Vallecitos De Oro, San Marcos, CA 92069] [date=20161101] [country=USA] [site=4] [yearmonth=201611]
12	Edwards_C_20160601_S3 [name=Edwards Primer C Site 3 20160601] [latitude=33.116202] [longitude=-117.321597] [address=Encina Wastewater Authority, 6200 Avenida Encinas, Carlsbad, CA 92011] [date=20160601] [country=USA] [site=3] [yearmonth=201606]
13	Edwards_C_20160601_S1 [name=Edwards Primer C Site 1 20160601] [latitude=33.105788] [longitude=-117.114064] [address=Water Quality Testing, 1521 S. Hale Avenue Escondido, CA 92029, USA] [date=20160601] [country=USA] [site=1] [yearmonth=201606]
14	Edwards_C_20160601_S2 [name=Edwards Primer C Site 2 20160601] [latitude=33.016467] [longitude=-117.273686] [address=San Elijo Joint Powers Authority, 2695 Manchester Avenue, Cardiff by the Sea, California 920077077]  [date=20160601] [country=USA] [site=2] [yearmonth=201606]
15	Edwards_C_20160301_S1 [name=Edwards Primer C Site 1 20160301] [latitude=33.105788] [longitude=-117.114064] [address=Water Quality Testing, 1521 S. Hale Avenue Escondido, CA 92029, USA] [date=20160301] [country=USA] [site=1] [yearmonth=201603]
16	Edwards_C_20160301_S3 [name=Edwards Primer C Site 3 20160301] [latitude=33.116202] [longitude=-117.321597] [address=Encina Wastewater Authority, 6200 Avenida Encinas, Carlsbad, CA 92011] [date=20160301] [country=USA] [site=3] [yearmonth=201603]
17	Edwards_C_20160301_S2 [name=Edwards Primer C Site 2 20160301] [latitude=33.016467] [longitude=-117.273686] [address=San Elijo Joint Powers Authority, 2695 Manchester Avenue, Cardiff by the Sea, California 920077077]  [date=20160301] [country=USA] [site=2] [yearmonth=201603]
18	Edwards_C_20160301_S4 [name=Edwards Primer C Site 4 20160301] [latitude=33.144526] [longitude=-117.178849] [address=Vallecitos Water District, 201 Vallecitos De Oro, San Marcos, CA 92069] [date=20160301] [country=USA] [site=4] [yearmonth=201603]
19	Edwards_C1_20160301_S2 [name=Edwards Primer C1 Site 2 20160301] [latitude=33.016467] [longitude=-117.273686] [address=San Elijo Joint Powers Authority, 2695 Manchester Avenue, Cardiff by the Sea, California 920077077]  [date=20160301] [country=USA] [site=2] [yearmonth=201603]
20	Edwards_C2_20160301_S2 [name=Edwards Primer C2 Site 2 20160301] [latitude=33.016467] [longitude=-117.273686] [address=San Elijo Joint Powers Authority, 2695 Manchester Avenue, Cardiff by the Sea, California 920077077]  [date=20160301] [country=USA] [site=2] [yearmonth=201603]
21	Edwards_C3_20160301_S2 [name=Edwards Primer C3 Site 2 20160301] [latitude=33.016467] [longitude=-117.273686] [address=San Elijo Joint Powers Authority, 2695 Manchester Avenue, Cardiff by the Sea, California 920077077]  [date=20160301] [country=USA] [site=2] [yearmonth=201603]
22	Edwards_C4_20160301_S2 [name=Edwards Primer C4 Site 2 20160301] [latitude=33.016467] [longitude=-117.273686] [address=San Elijo Joint Powers Authority, 2695 Manchester Avenue, Cardiff by the Sea, California 920077077]  [date=20160301] [country=USA] [site=2] [yearmonth=201603]
23	Edwards_C5_20160301_S2 [name=Edwards Primer C5 Site 2 20160301] [latitude=33.016467] [longitude=-117.273686] [address=San Elijo Joint Powers Authority, 2695 Manchester Avenue, Cardiff by the Sea, California 920077077]  [date=20160301] [country=USA] [site=2] [yearmonth=201603]
24	Edwards_A_20160915_S3 [name=Edwards Primer A Site 3 20160915] [latitude=33.116202] [longitude=-117.321597] [address=Encina Wastewater Authority, 6200 Avenida Encinas, Carlsbad, CA 92011] [date=20160915] [country=USA] [site=3] [yearmonth=201609]
25	Edwards_A_20160908_S3 [name=Edwards Primer A Site 3 20160908] [latitude=33.116202] [longitude=-117.321597] [address=Encina Wastewater Authority, 6200 Avenida Encinas, Carlsbad, CA 92011] [date=20160908] [country=USA] [site=3] [yearmonth=201609]
26	Edwards_A_20160901_S3 [name=Edwards Primer A Site 3 20160901] [latitude=33.116202] [longitude=-117.321597] [address=Encina Wastewater Authority, 6200 Avenida Encinas, Carlsbad, CA 92011] [date=20160901] [country=USA] [site=3] [yearmonth=201609]
27	Edwards_A_20160815_S3 [name=Edwards Primer A Site 3 20160815] [latitude=33.116202] [longitude=-117.321597] [address=Encina Wastewater Authority, 6200 Avenida Encinas, Carlsbad, CA 92011] [date=20160815] [country=USA] [site=3] [yearmonth=201608]
28	Edwards_A_20160725_S3 [name=Edwards Primer A Site 3 20160725] [latitude=33.116202] [longitude=-117.321597] [address=Encina Wastewater Authority, 6200 Avenida Encinas, Carlsbad, CA 92011] [date=20160725] [country=USA] [site=3] [yearmonth=201607]
29	Edwards_A_20160718_S3 [name=Edwards Primer A Site 3 20160718] [latitude=33.116202] [longitude=-117.321597] [address=Encina Wastewater Authority, 6200 Avenida Encinas, Carlsbad, CA 92011] [date=20160718] [country=USA] [site=3] [yearmonth=201607]
30	Edwards_A_20150601_S3 [name=Edwards Primer A Site 3 20150601] [latitude=33.116202] [longitude=-117.321597] [address=Encina Wastewater Authority, 6200 Avenida Encinas, Carlsbad, CA 92011] [date=20150601] [country=USA] [site=3] [yearmonth=201506]
31	Edwards_A_20160301_S3 [name=Edwards Primer A Site 3 20160301] [latitude=33.116202] [longitude=-117.321597] [address=Encina Wastewater Authority, 6200 Avenida Encinas, Carlsbad, CA 92011] [date=20160301] [country=USA] [site=3] [yearmonth=201603]
32	Edwards_A_20160101_S3 [name=Edwards Primer A Site 3 20160101] [latitude=33.116202] [longitude=-117.321597] [address=Encina Wastewater Authority, 6200 Avenida Encinas, Carlsbad, CA 92011] [date=20160101] [country=USA] [site=3] [yearmonth=201601]
33	Edwards_A_20150901_S3 [name=Edwards Primer A Site 3 20150901] [latitude=33.116202] [longitude=-117.321597] [address=Encina Wastewater Authority, 6200 Avenida Encinas, Carlsbad, CA 92011] [date=20150901] [country=USA] [site=3] [yearmonth=201509]
34	Edwards_A_20151101_S3 [name=Edwards Primer A Site 3 20151101] [latitude=33.116202] [longitude=-117.321597] [address=Encina Wastewater Authority, 6200 Avenida Encinas, Carlsbad, CA 92011] [date=20151101] [country=USA] [site=3] [yearmonth=201511]
