0	DD5V11_unknown_5 [name=EdwardsLab Volunteer Study Daily sample number 5 from volunteer D] [date=unknown] [samplecount=5] [volunteer=D] [sequence_generated_from=Consensus] [latitude=32.777166] [longitude=-117.071116] [location=San Diego, CA] [type=Fecal Samples] [country=USA]
1	D1V11_20170421_1 [name=EdwardsLab Volunteer Study Pre sample number 1 from volunteer D] [date=20170421] [samplecount=1] [volunteer=D] [sequence_generated_from=Consensus] [latitude=32.777166] [longitude=-117.071116] [location=San Diego, CA] [type=Fecal Samples] [country=USA]
2	Ke1V11_20170525_1 [name=EdwardsLab Volunteer Study Pre sample number 1 from volunteer Ke] [date=20170525] [samplecount=1] [volunteer=Ke] [sequence_generated_from=Consensus] [latitude=32.777166] [longitude=-117.071116] [location=San Diego, CA] [type=Fecal Samples] [country=USA]
3	MiV11_20170524_1 [name=EdwardsLab Volunteer Study Pre sample number 1 from volunteer Mi] [date=20170524] [samplecount=1] [volunteer=Mi] [sequence_generated_from=Consensus] [latitude=32.777166] [longitude=-117.071116] [location=San Diego, CA] [type=Fecal Samples] [country=USA]
4	Y1V11_20170518_1 [name=EdwardsLab Volunteer Study Pre sample number 1 from volunteer Y] [date=20170518] [samplecount=1] [volunteer=Y] [sequence_generated_from=Consensus] [latitude=32.777166] [longitude=-117.071116] [location=San Diego, CA] [type=Fecal Samples] [country=USA]
5	Y1V11_20170518_1 [name=EdwardsLab Volunteer Study Pre sample number 1 from volunteer Y] [date=20170518] [samplecount=1] [volunteer=Y] [sequence_generated_from=Consensus] [latitude=32.777166] [longitude=-117.071116] [location=San Diego, CA] [type=Fecal Samples] [country=USA]
6	WD1V11_20170601_1 [name=EdwardsLab Volunteer Study Weekly sample number 1 from volunteer D] [date=20170601] [samplecount=1] [volunteer=D] [sequence_generated_from=Consensus] [latitude=32.777166] [longitude=-117.071116] [location=San Diego, CA] [type=Fecal Samples] [country=USA]
7	WD2V11_20170608_2 [name=EdwardsLab Volunteer Study Weekly sample number 2 from volunteer D] [date=20170608] [samplecount=2] [volunteer=D] [sequence_generated_from=Consensus] [latitude=32.777166] [longitude=-117.071116] [location=San Diego, CA] [type=Fecal Samples] [country=USA]
8	WE1V11_20170522_1 [name=EdwardsLab Volunteer Study Weekly sample number 1 from volunteer E] [date=20170522] [samplecount=1] [volunteer=E] [sequence_generated_from=Consensus] [latitude=32.777166] [longitude=-117.071116] [location=San Diego, CA] [type=Fecal Samples] [country=USA]
9	E1V11_20170421_1 [name=EdwardsLab Volunteer Study Pre sample number 1 from volunteer E] [date=20170421] [samplecount=1] [volunteer=E] [sequence_generated_from=Consensus] [latitude=32.777166] [longitude=-117.071116] [location=San Diego, CA] [type=Fecal Samples] [country=USA]
10	WE2V11_20170601_2 [name=EdwardsLab Volunteer Study Weekly sample number 2 from volunteer E] [date=20170601] [samplecount=2] [volunteer=E] [sequence_generated_from=Consensus] [latitude=32.777166] [longitude=-117.071116] [location=San Diego, CA] [type=Fecal Samples] [country=USA]
11	DD3V11_20170622_3 [name=EdwardsLab Volunteer Study Daily sample number 3 from volunteer D] [date=20170622] [samplecount=3] [volunteer=D] [sequence_generated_from=Single read] [latitude=32.777166] [longitude=-117.071116] [location=San Diego, CA] [type=Fecal Samples] [country=USA]
