D|201704211	VolunteerD_20170421_PrimerB [name=VolunteerD_20170421] [volunteer=D] [sampletype=Pre] [primer=B] [sampleid=D1] [latlon=32.777199,-117.070971] [latitude=32.777199] [longitude=-117.070971] [locality=San Diego] [country=USA] [note=base called by phred, consensus by merger] [date=20170421]
D|201706011	VolunteerD_20170601_PrimerB [name=VolunteerD_20170601] [volunteer=D] [sampletype=Weekly] [primer=B] [sampleid=WD1] [latlon=32.777199,-117.070971] [latitude=32.777199] [longitude=-117.070971] [locality=San Diego] [country=USA] [note=base called by phred, consensus by merger] [date=20170601]
D|201706081	VolunteerD_20170608_PrimerB [name=VolunteerD_20170608] [volunteer=D] [sampletype=Weekly] [primer=B] [sampleid=WD2] [latlon=32.777199,-117.070971] [latitude=32.777199] [longitude=-117.070971] [locality=San Diego] [country=USA] [note=base called by phred, consensus by merger] [date=20170608]
D|201706291	VolunteerD_20170629_PrimerB [name=VolunteerD_20170629] [volunteer=D] [sampletype=Daily] [primer=B] [sampleid=DD5] [latlon=32.777199,-117.070971] [latitude=32.777199] [longitude=-117.070971] [locality=San Diego] [country=USA] [note=base called by phred, consensus by merger] [date=20170629]
E|201704211	VolunteerE_20170421_PrimerB [name=VolunteerE_20170421] [volunteer=E] [sampletype=Pre] [primer=B] [sampleid=E1] [latlon=32.777199,-117.070971] [latitude=32.777199] [longitude=-117.070971] [locality=San Diego] [country=USA] [note=base called by phred, consensus by merger] [date=20170421]
E|201705221	VolunteerE_20170522_PrimerB [name=VolunteerE_20170522] [volunteer=E] [sampletype=Weekly] [primer=B] [sampleid=WE1] [latlon=32.777199,-117.070971] [latitude=32.777199] [longitude=-117.070971] [locality=San Diego] [country=USA] [note=base called by phred, consensus by merger] [date=20170522]
E|201706011	VolunteerE_20170601_PrimerB [name=VolunteerE_20170601] [volunteer=E] [sampletype=Weekly] [primer=B] [sampleid=WE2] [latlon=32.777199,-117.070971] [latitude=32.777199] [longitude=-117.070971] [locality=San Diego] [country=USA] [note=base called by phred, consensus by merger] [date=20170601]
Ke|201705251	VolunteerKe_20170525_PrimerB [name=VolunteerKe_20170525] [volunteer=Ke] [sampletype=Pre] [primer=B] [sampleid=Ke1] [latlon=32.777199,-117.070971] [latitude=32.777199] [longitude=-117.070971] [locality=San Diego] [country=USA] [note=base called by phred, consensus by merger] [date=20170525]
Mi|201705241	VolunteerMi_20170524_PrimerB [name=VolunteerMi_20170524] [volunteer=Mi] [sampletype=Pre] [primer=B] [sampleid=Mi] [latlon=32.777199,-117.070971] [latitude=32.777199] [longitude=-117.070971] [locality=San Diego] [country=USA] [note=base called by phred, consensus by merger] [date=20170524]
Y|201705181	VolunteerY_20170518_PrimerB [name=VolunteerY_20170518] [volunteer=Y] [sampletype=Pre] [primer=B] [sampleid=Y1] [latlon=32.777199,-117.070971] [latitude=32.777199] [longitude=-117.070971] [locality=San Diego] [country=USA] [note=base called by phred, consensus by merger] [date=20170518]
D|201706221	VolunteerD_20170622_PrimerB [name=VolunteerD_20170622] [volunteer=D] [sampletype=Daily] [primer=B] [sampleid=DD3] [latlon=32.777199,-117.070971] [latitude=32.777199] [longitude=-117.070971] [locality=San Diego] [country=USA] [note=base called by phred, single read] [date=20170622]
