0	DE15V12_20170721_13 [name=EdwardsLab Volunteer Study Daily  sample number 13 from volunteer E] [date=20170721] [samplecount=13] [volunteer=E] [sequence_generated_from=Consensus] [latitude=32.777166] [longitude=-117.071116= [location=San Diego, CA] [type=Fecal Samples] [country=USA]
1	Y1V11_20170518_1 [name=EdwardsLab Volunteer Study Pre sample number 1 from volunteer Y] [date=20170518] [samplecount=1] [volunteer=Y] [sequence_generated_from=Consensus] [latitude=32.777166] [longitude=-117.071116= [location=San Diego, CA] [type=Fecal Samples] [country=USA]
2	WD1V11_20170601_1 [name=EdwardsLab Volunteer Study Weekly sample number 1 from volunteer D] [date=20170601] [samplecount=1] [volunteer=D] [sequence_generated_from=Consensus] [latitude=32.777166] [longitude=-117.071116= [location=San Diego, CA] [type=Fecal Samples] [country=USA]
3	DE12V12_20170718_10 [name=EdwardsLab Volunteer Study Daily  sample number 10 from volunteer E] [date=20170718] [samplecount=10] [volunteer=E] [sequence_generated_from=Consensus] [latitude=32.777166] [longitude=-117.071116= [location=San Diego, CA] [type=Fecal Samples] [country=USA]
4	WD2V11_20170608_2 [name=EdwardsLab Volunteer Study Weekly sample number 2 from volunteer D] [date=20170608] [samplecount=2] [volunteer=D] [sequence_generated_from=Consensus] [latitude=32.777166] [longitude=-117.071116= [location=San Diego, CA] [type=Fecal Samples] [country=USA]
5	DE14V12_20170720_12 [name=EdwardsLab Volunteer Study Daily  sample number 12 from volunteer E] [date=20170720] [samplecount=12] [volunteer=E] [sequence_generated_from=Consensus] [latitude=32.777166] [longitude=-117.071116= [location=San Diego, CA] [type=Fecal Samples] [country=USA]
6	WE6V12_20170731_15 [name=EdwardsLab Volunteer Study Weekly sample number 15 from volunteer E] [date=20170731] [samplecount=15] [volunteer=E] [sequence_generated_from=Consensus] [latitude=32.777166] [longitude=-117.071116= [location=San Diego, CA] [type=Fecal Samples] [country=USA]
7	WE5V12_20170629_3 [name=EdwardsLab Volunteer Study Weekly sample number 3 from volunteer E] [date=20170629] [samplecount=3] [volunteer=E] [sequence_generated_from=Consensus] [latitude=32.777166] [longitude=-117.071116= [location=San Diego, CA] [type=Fecal Samples] [country=USA]
8	WE1V11_20170522_1 [name=EdwardsLab Volunteer Study Weekly sample number 1 from volunteer E] [date=20170522] [samplecount=1] [volunteer=E] [sequence_generated_from=Consensus] [latitude=32.777166] [longitude=-117.071116= [location=San Diego, CA] [type=Fecal Samples] [country=USA]
9	WD7V12_20170729_11 [name=EdwardsLab Volunteer Study Weekly sample number 11 from volunteer D] [date=20170729] [samplecount=11] [volunteer=D] [sequence_generated_from=Consensus] [latitude=32.777166] [longitude=-117.071116= [location=San Diego, CA] [type=Fecal Samples] [country=USA]
10	DE13V12_20170719_11 [name=EdwardsLab Volunteer Study Daily  sample number 11 from volunteer E] [date=20170719] [samplecount=11] [volunteer=E] [sequence_generated_from=Consensus] [latitude=32.777166] [longitude=-117.071116= [location=San Diego, CA] [type=Fecal Samples] [country=USA]
11	WE7V12_20170725_14 [name=EdwardsLab Volunteer Study Weekly sample number 14 from volunteer E] [date=20170725] [samplecount=14] [volunteer=E] [sequence_generated_from=Consensus] [latitude=32.777166] [longitude=-117.071116= [location=San Diego, CA] [type=Fecal Samples] [country=USA]
12	E1V11_20170421_1 [name=EdwardsLab Volunteer Study Pre sample number 1 from volunteer E] [date=20170421] [samplecount=1] [volunteer=E] [sequence_generated_from=Consensus] [latitude=32.777166] [longitude=-117.071116= [location=San Diego, CA] [type=Fecal Samples] [country=USA]
13	WE2V11_20170601_2 [name=EdwardsLab Volunteer Study Weekly sample number 2 from volunteer E] [date=20170601] [samplecount=2] [volunteer=E] [sequence_generated_from=Consensus] [latitude=32.777166] [longitude=-117.071116= [location=San Diego, CA] [type=Fecal Samples] [country=USA]
