0	Lodz_Cseq1_20160126 [name=Decewicz Dziewit Primer C Lodz 20160126] [latitude=51.727940] [longitude=19.347618] [address=Group Wastewater Treatment Plant, Sanitariuszek 66, 91-867 Lodz, Poland] [date=20160126] [country=Poland] [site=Lodz] [yearmonth=201601]
1	Lodz_Cseq2_20160126 [name=Decewicz Dziewit Primer C Lodz 20160126] [latitude=51.727940] [longitude=19.347618] [address=Group Wastewater Treatment Plant, Sanitariuszek 66, 91-867 Lodz, Poland] [date=20160126] [country=Poland] [site=Lodz] [yearmonth=201601]
2	Warsaw_Cseq1_20160126 [name=Decewicz Dziewit Primer C Warsaw 20160126] [latitude=52.351351] [longitude=20.959269] [address=Municipal Wastewater Treatment Plant Czajka, Czajki 4/6, Warsaw, 03-054 Warsaw, Poland] [date=20160126] [country=Poland] [site=Warsaw] [yearmonth=201601]
3	Wyszkow_Cseq1_20160126 [name=Decewicz Dziewit Primer C Wyszkow 20160126] [latitude=52.577948] [longitude=21.429024] [address=Municipal Wastewater Treatment Plant, Rybienko Stare, 07-200 Wyszkow, Poland] [date=20160126] [country=Poland] [site=Warsaw] [yearmonth=201601]
4	Wyszkow_Cseq2_20160126 [name=Decewicz Dziewit Primer C Wyszkow 20160126] [latitude=52.577948] [longitude=21.429024] [address=Municipal Wastewater Treatment Plant, Rybienko Stare, 07-200 Wyszkow, Poland] [date=20160126] [country=Poland] [site=Wyszkow] [yearmonth=201601]
5	Lodz_Cseq1_20160303 [name=Decewicz Dziewit Primer C Lodz 20160303] [latitude=51.727940] [longitude=19.347618] [address=Group Wastewater Treatment Plant, Sanitariuszek 66, 91-867 Lodz, Poland] [date=20160303] [country=Poland] [site=Lodz] [yearmonth=201603]
6	Lodz_Cseq2_20160303 [name=Decewicz Dziewit Primer C Lodz 20160303] [latitude=51.727940] [longitude=19.347618] [address=Group Wastewater Treatment Plant, Sanitariuszek 66, 91-867 Lodz, Poland] [date=20160303] [country=Poland] [site=Lodz] [yearmonth=201603]
7	Lodz_Cseq3_20160303 [name=Decewicz Dziewit Primer C Lodz 20160303] [latitude=51.727940] [longitude=19.347618] [address=Group Wastewater Treatment Plant, Sanitariuszek 66, 91-867 Lodz, Poland] [date=20160303] [country=Poland] [site=Lodz] [yearmonth=201603]
8	Lodz_Cseq4_20160303 [name=Decewicz Dziewit Primer C Lodz 20160303] [latitude=51.727940] [longitude=19.347618] [address=Group Wastewater Treatment Plant, Sanitariuszek 66, 91-867 Lodz, Poland] [date=20160303] [country=Poland] [site=Lodz] [yearmonth=201603]
9	Lodz_Cseq5_20160303 [name=Decewicz Dziewit Primer C Lodz 20160303] [latitude=51.727940] [longitude=19.347618] [address=Group Wastewater Treatment Plant, Sanitariuszek 66, 91-867 Lodz, Poland] [date=20160303] [country=Poland] [site=Lodz] [yearmonth=201603]
10	Oswiecim_Cseq1_20160303 [name=Decewicz Dziewit Primer C Oswiecim 20160303] [latitude=50.038062] [longitude=19.321854] [address=Municipal and Industrial Wastewater Treatment Plant, Nadwislanska 46, 32-642 Oswiecim, Poland] [date=20160303] [country=Poland] [site=Oswiecim] [yearmonth=201603]
11	Oswiecim_Cseq2_20160303 [name=Decewicz Dziewit Primer C Oswiecim 20160303] [latitude=50.038062] [longitude=19.321854] [address=Municipal and Industrial Wastewater Treatment Plant, Nadwislanska 46, 32-642 Oswiecim, Poland] [date=20160303] [country=Poland] [site=Oswiecim] [yearmonth=201603]
12	Oswiecim_Cseq3_20160303 [name=Decewicz Dziewit Primer C Oswiecim 20160303] [latitude=50.038062] [longitude=19.321854] [address=Municipal and Industrial Wastewater Treatment Plant, Nadwislanska 46, 32-642 Oswiecim, Poland] [date=20160303] [country=Poland] [site=Oswiecim] [yearmonth=201603]
13	Oswiecim_Cseq4_20160303 [name=Decewicz Dziewit Primer C Oswiecim 20160303] [latitude=50.038062] [longitude=19.321854] [address=Municipal and Industrial Wastewater Treatment Plant, Nadwislanska 46, 32-642 Oswiecim, Poland] [date=20160303] [country=Poland] [site=Oswiecim] [yearmonth=201603]
14	Oswiecim_Cseq5_20160303 [name=Decewicz Dziewit Primer C Oswiecim 20160303] [latitude=50.038062] [longitude=19.321854] [address=Municipal and Industrial Wastewater Treatment Plant, Nadwislanska 46, 32-642 Oswiecim, Poland] [date=20160303] [country=Poland] [site=Oswiecim] [yearmonth=201603]
15	Warsaw_Cseq1_20160303 [name=Decewicz Dziewit Primer C Warsaw 20160303] [latitude=52.351351] [longitude=20.959269] [address=Municipal Wastewater Treatment Plant Czajka, Czajki 4/6, Warsaw, 03-054 Warsaw, Poland] [date=20160303] [country=Poland] [site=Warsaw] [yearmonth=201603]
16	Warsaw_Cseq2_20160303 [name=Decewicz Dziewit Primer C Warsaw 20160303] [latitude=52.351351] [longitude=20.959269] [address=Municipal Wastewater Treatment Plant Czajka, Czajki 4/6, Warsaw, 03-054 Warsaw, Poland] [date=20160303] [country=Poland] [site=Warsaw] [yearmonth=201603]
17	Warsaw_Cseq3_20160303 [name=Decewicz Dziewit Primer C Warsaw 20160303] [latitude=52.351351] [longitude=20.959269] [address=Municipal Wastewater Treatment Plant Czajka, Czajki 4/6, Warsaw, 03-054 Warsaw, Poland] [date=20160303] [country=Poland] [site=Warsaw] [yearmonth=201603]
18	Warsaw_Cseq4_20160303 [name=Decewicz Dziewit Primer C Warsaw 20160303] [latitude=52.351351] [longitude=20.959269] [address=Municipal Wastewater Treatment Plant Czajka, Czajki 4/6, Warsaw, 03-054 Warsaw, Poland] [date=20160303] [country=Poland] [site=Warsaw] [yearmonth=201603]
19	Warsaw_Cseq5_20160303 [name=Decewicz Dziewit Primer C Warsaw 20160303] [latitude=52.351351] [longitude=20.959269] [address=Municipal Wastewater Treatment Plant Czajka, Czajki 4/6, Warsaw, 03-054 Warsaw, Poland] [date=20160303] [country=Poland] [site=Warsaw] [yearmonth=201603]
20	Wyszkow_Cseq1_20160303 [name=Decewicz Dziewit Primer C Wyszkow 20160303] [latitude=52.577948] [longitude=21.429024] [address=Municipal Wastewater Treatment Plant, Rybienko Stare, 07-200 Wyszkow, Poland] [date=20160303] [country=Poland] [site=Wyszkow] [yearmonth=201603]
21	Wyszkow_Cseq2_20160303 [name=Decewicz Dziewit Primer C Wyszkow 20160303] [latitude=52.577948] [longitude=21.429024] [address=Municipal Wastewater Treatment Plant, Rybienko Stare, 07-200 Wyszkow, Poland] [date=20160303] [country=Poland] [site=Wyszkow] [yearmonth=201603]
22	Wyszkow_Cseq3_20160303 [name=Decewicz Dziewit Primer C Wyszkow 20160303] [latitude=52.577948] [longitude=21.429024] [address=Municipal Wastewater Treatment Plant, Rybienko Stare, 07-200 Wyszkow, Poland] [date=20160303] [country=Poland] [site=Wyszkow] [yearmonth=201603]
23	Wyszkow_Cseq4_20160303 [name=Decewicz Dziewit Primer C Wyszkow 20160303] [latitude=52.577948] [longitude=21.429024] [address=Municipal Wastewater Treatment Plant, Rybienko Stare, 07-200 Wyszkow, Poland] [date=20160303] [country=Poland] [site=Wyszkow] [yearmonth=201603]
24	Wyszkow_Cseq5_20160303 [name=Decewicz Dziewit Primer C Wyszkow 20160303] [latitude=52.577948] [longitude=21.429024] [address=Municipal Wastewater Treatment Plant, Rybienko Stare, 07-200 Wyszkow, Poland] [date=20160303] [country=Poland] [site=Wyszkow] [yearmonth=201603]
