Lodz|20160126|Poland|1	Lodz_C1_20160126 [name=Decewicz Dziewit Primer C Lodz 20160126] [latlon=51.727940,19.347618] [latitude=51.727940] [longitude=19.347618] [address=Group Wastewater Treatment Plant, Sanitariuszek 66, 91-867 Lodz, Poland] [date=20160126] [country=Poland] [site=Lodz] [yearmonth=201601] [locality=Lodz]
Lodz|20160126|Poland|2	Lodz_C2_20160126 [name=Decewicz Dziewit Primer C Lodz 20160126] [latlon=51.727940,19.347618] [latitude=51.727940] [longitude=19.347618] [address=Group Wastewater Treatment Plant, Sanitariuszek 66, 91-867 Lodz, Poland] [date=20160126] [country=Poland] [site=Lodz] [yearmonth=201601] [locality=Lodz]
Warszawa|20160126|Poland|1	Warsaw_C1_20160126 [name=Decewicz Dziewit Primer C Warsaw 20160126] [latlon=52.351351,20.959269] [latitude=52.351351] [longitude=20.959269] [address=Municipal Wastewater Treatment Plant Czajka, Czajki 4/6, Warsaw, 03-054 Warsaw, Poland] [date=20160126] [country=Poland] [site=Warsaw] [yearmonth=201601] [locality=Warszawa]
Rybienko_Stare|20160126|Poland|1	Wyszkow_C1_20160126 [name=Decewicz Dziewit Primer C Wyszkow 20160126] [latlon=52.577948,21.429024] [latitude=52.577948] [longitude=21.429024] [address=Municipal Wastewater Treatment Plant, Rybienko Stare, 07-200 Wyszkow, Poland] [date=20160126] [country=Poland] [site=Warsaw] [yearmonth=201601] [locality=Rybienko Stare]
Rybienko_Stare|20160126|Poland|2	Wyszkow_C2_20160126 [name=Decewicz Dziewit Primer C Wyszkow 20160126] [latlon=52.577948,21.429024] [latitude=52.577948] [longitude=21.429024] [address=Municipal Wastewater Treatment Plant, Rybienko Stare, 07-200 Wyszkow, Poland] [date=20160126] [country=Poland] [site=Wyszkow] [yearmonth=201601] [locality=Rybienko Stare]
Lodz|20160303|Poland|1	Lodz_C1_20160303 [name=Decewicz Dziewit Primer C Lodz 20160303] [latlon=51.727940,19.347618] [latitude=51.727940] [longitude=19.347618] [address=Group Wastewater Treatment Plant, Sanitariuszek 66, 91-867 Lodz, Poland] [date=20160303] [country=Poland] [site=Lodz] [yearmonth=201603] [locality=Lodz]
Lodz|20160303|Poland|2	Lodz_C2_20160303 [name=Decewicz Dziewit Primer C Lodz 20160303] [latlon=51.727940,19.347618] [latitude=51.727940] [longitude=19.347618] [address=Group Wastewater Treatment Plant, Sanitariuszek 66, 91-867 Lodz, Poland] [date=20160303] [country=Poland] [site=Lodz] [yearmonth=201603] [locality=Lodz]
Lodz|20160303|Poland|3	Lodz_C3_20160303 [name=Decewicz Dziewit Primer C Lodz 20160303] [latlon=51.727940,19.347618] [latitude=51.727940] [longitude=19.347618] [address=Group Wastewater Treatment Plant, Sanitariuszek 66, 91-867 Lodz, Poland] [date=20160303] [country=Poland] [site=Lodz] [yearmonth=201603] [locality=Lodz]
Lodz|20160303|Poland|4	Lodz_C4_20160303 [name=Decewicz Dziewit Primer C Lodz 20160303] [latlon=51.727940,19.347618] [latitude=51.727940] [longitude=19.347618] [address=Group Wastewater Treatment Plant, Sanitariuszek 66, 91-867 Lodz, Poland] [date=20160303] [country=Poland] [site=Lodz] [yearmonth=201603] [locality=Lodz]
Lodz|20160303|Poland|5	Lodz_C5_20160303 [name=Decewicz Dziewit Primer C Lodz 20160303] [latlon=51.727940,19.347618] [latitude=51.727940] [longitude=19.347618] [address=Group Wastewater Treatment Plant, Sanitariuszek 66, 91-867 Lodz, Poland] [date=20160303] [country=Poland] [site=Lodz] [yearmonth=201603] [locality=Lodz]
Oswiecim|20160303|Poland|1	Oswiecim_C1_20160303 [name=Decewicz Dziewit Primer C Oswiecim 20160303] [latlon=50.038062,19.321854] [latitude=50.038062] [longitude=19.321854] [address=Municipal and Industrial Wastewater Treatment Plant, Nadwislanska 46, 32-642 Oswiecim, Poland] [date=20160303] [country=Poland] [site=Oswiecim] [yearmonth=201603] [locality=Oswiecim]
Oswiecim|20160303|Poland|2	Oswiecim_C2_20160303 [name=Decewicz Dziewit Primer C Oswiecim 20160303] [latlon=50.038062,19.321854] [latitude=50.038062] [longitude=19.321854] [address=Municipal and Industrial Wastewater Treatment Plant, Nadwislanska 46, 32-642 Oswiecim, Poland] [date=20160303] [country=Poland] [site=Oswiecim] [yearmonth=201603] [locality=Oswiecim]
Oswiecim|20160303|Poland|3	Oswiecim_C3_20160303 [name=Decewicz Dziewit Primer C Oswiecim 20160303] [latlon=50.038062,19.321854] [latitude=50.038062] [longitude=19.321854] [address=Municipal and Industrial Wastewater Treatment Plant, Nadwislanska 46, 32-642 Oswiecim, Poland] [date=20160303] [country=Poland] [site=Oswiecim] [yearmonth=201603] [locality=Oswiecim]
Oswiecim|20160303|Poland|4	Oswiecim_C4_20160303 [name=Decewicz Dziewit Primer C Oswiecim 20160303] [latlon=50.038062,19.321854] [latitude=50.038062] [longitude=19.321854] [address=Municipal and Industrial Wastewater Treatment Plant, Nadwislanska 46, 32-642 Oswiecim, Poland] [date=20160303] [country=Poland] [site=Oswiecim] [yearmonth=201603] [locality=Oswiecim]
Oswiecim|20160303|Poland|5	Oswiecim_C5_20160303 [name=Decewicz Dziewit Primer C Oswiecim 20160303] [latlon=50.038062,19.321854] [latitude=50.038062] [longitude=19.321854] [address=Municipal and Industrial Wastewater Treatment Plant, Nadwislanska 46, 32-642 Oswiecim, Poland] [date=20160303] [country=Poland] [site=Oswiecim] [yearmonth=201603] [locality=Oswiecim]
Warszawa|20160303|Poland|1	Warsaw_C1_20160303 [name=Decewicz Dziewit Primer C Warsaw 20160303] [latlon=52.351351,20.959269] [latitude=52.351351] [longitude=20.959269] [address=Municipal Wastewater Treatment Plant Czajka, Czajki 4/6, Warsaw, 03-054 Warsaw, Poland] [date=20160303] [country=Poland] [site=Warsaw] [yearmonth=201603] [locality=Warszawa]
Warszawa|20160303|Poland|2	Warsaw_C2_20160303 [name=Decewicz Dziewit Primer C Warsaw 20160303] [latlon=52.351351,20.959269] [latitude=52.351351] [longitude=20.959269] [address=Municipal Wastewater Treatment Plant Czajka, Czajki 4/6, Warsaw, 03-054 Warsaw, Poland] [date=20160303] [country=Poland] [site=Warsaw] [yearmonth=201603] [locality=Warszawa]
Warszawa|20160303|Poland|3	Warsaw_C3_20160303 [name=Decewicz Dziewit Primer C Warsaw 20160303] [latlon=52.351351,20.959269] [latitude=52.351351] [longitude=20.959269] [address=Municipal Wastewater Treatment Plant Czajka, Czajki 4/6, Warsaw, 03-054 Warsaw, Poland] [date=20160303] [country=Poland] [site=Warsaw] [yearmonth=201603] [locality=Warszawa]
Warszawa|20160303|Poland|4	Warsaw_C4_20160303 [name=Decewicz Dziewit Primer C Warsaw 20160303] [latlon=52.351351,20.959269] [latitude=52.351351] [longitude=20.959269] [address=Municipal Wastewater Treatment Plant Czajka, Czajki 4/6, Warsaw, 03-054 Warsaw, Poland] [date=20160303] [country=Poland] [site=Warsaw] [yearmonth=201603] [locality=Warszawa]
Warszawa|20160303|Poland|5	Warsaw_C5_20160303 [name=Decewicz Dziewit Primer C Warsaw 20160303] [latlon=52.351351,20.959269] [latitude=52.351351] [longitude=20.959269] [address=Municipal Wastewater Treatment Plant Czajka, Czajki 4/6, Warsaw, 03-054 Warsaw, Poland] [date=20160303] [country=Poland] [site=Warsaw] [yearmonth=201603] [locality=Warszawa]
Rybienko_Stare|20160303|Poland|1	Wyszkow_C1_20160303 [name=Decewicz Dziewit Primer C Wyszkow 20160303] [latlon=52.577948,21.429024] [latitude=52.577948] [longitude=21.429024] [address=Municipal Wastewater Treatment Plant, Rybienko Stare, 07-200 Wyszkow, Poland] [date=20160303] [country=Poland] [site=Wyszkow] [yearmonth=201603] [locality=Rybienko Stare]
Rybienko_Stare|20160303|Poland|2	Wyszkow_C2_20160303 [name=Decewicz Dziewit Primer C Wyszkow 20160303] [latlon=52.577948,21.429024] [latitude=52.577948] [longitude=21.429024] [address=Municipal Wastewater Treatment Plant, Rybienko Stare, 07-200 Wyszkow, Poland] [date=20160303] [country=Poland] [site=Wyszkow] [yearmonth=201603] [locality=Rybienko Stare]
Rybienko_Stare|20160303|Poland|3	Wyszkow_C3_20160303 [name=Decewicz Dziewit Primer C Wyszkow 20160303] [latlon=52.577948,21.429024] [latitude=52.577948] [longitude=21.429024] [address=Municipal Wastewater Treatment Plant, Rybienko Stare, 07-200 Wyszkow, Poland] [date=20160303] [country=Poland] [site=Wyszkow] [yearmonth=201603] [locality=Rybienko Stare]
Rybienko_Stare|20160303|Poland|4	Wyszkow_C4_20160303 [name=Decewicz Dziewit Primer C Wyszkow 20160303] [latlon=52.577948,21.429024] [latitude=52.577948] [longitude=21.429024] [address=Municipal Wastewater Treatment Plant, Rybienko Stare, 07-200 Wyszkow, Poland] [date=20160303] [country=Poland] [site=Wyszkow] [yearmonth=201603] [locality=Rybienko Stare]
Rybienko_Stare|20160303|Poland|5	Wyszkow_C5_20160303 [name=Decewicz Dziewit Primer C Wyszkow 20160303] [latlon=52.577948,21.429024] [latitude=52.577948] [longitude=21.429024] [address=Municipal Wastewater Treatment Plant, Rybienko Stare, 07-200 Wyszkow, Poland] [date=20160303] [country=Poland] [site=Wyszkow] [yearmonth=201603] [locality=Rybienko Stare]
